../Core/Src/stm32f4xx_it.c:78:6:NMI_Handler	4	static
../Core/Src/stm32f4xx_it.c:93:6:HardFault_Handler	4	static
../Core/Src/stm32f4xx_it.c:108:6:MemManage_Handler	4	static
../Core/Src/stm32f4xx_it.c:123:6:BusFault_Handler	4	static
../Core/Src/stm32f4xx_it.c:138:6:UsageFault_Handler	4	static
../Core/Src/stm32f4xx_it.c:153:6:DebugMon_Handler	4	static
../Core/Src/stm32f4xx_it.c:173:6:TIM1_BRK_TIM9_IRQHandler	8	static
../Core/Src/stm32f4xx_it.c:187:6:TIM1_CC_IRQHandler	8	static
../Core/Src/stm32f4xx_it.c:201:6:TIM3_IRQHandler	8	static
../Core/Src/stm32f4xx_it.c:215:6:TIM4_IRQHandler	8	static
../Core/Src/stm32f4xx_it.c:229:6:USART2_IRQHandler	8	static
../Core/Src/stm32f4xx_it.c:243:6:USART3_IRQHandler	8	static
../Core/Src/stm32f4xx_it.c:257:6:TIM8_UP_TIM13_IRQHandler	8	static
../Core/Src/stm32f4xx_it.c:271:6:TIM8_CC_IRQHandler	8	static
../Core/Src/stm32f4xx_it.c:285:6:TIM5_IRQHandler	8	static
../Core/Src/stm32f4xx_it.c:299:6:USART6_IRQHandler	8	static
../Core/Src/stm32f4xx_it.c:313:6:UART7_IRQHandler	8	static
