../Core/Src/main.c:104:5:main	112	static
../Core/Src/main.c:192:6:SystemClock_Config	88	static
../Core/Src/main.c:237:13:MX_NVIC_Init	8	static
../Core/Src/main.c:249:13:MX_ETH_Init	8	static
../Core/Src/main.c:298:13:MX_USART3_UART_Init	8	static
../Core/Src/main.c:331:13:MX_USB_OTG_FS_PCD_Init	8	static
../Core/Src/main.c:366:13:MX_GPIO_Init	56	static
../Core/Src/main.c:413:6:HAL_GPIO_EXTI_Callback	16	static
../Core/Src/main.c:427:6:StartDefaultTask	48	static
../Core/Src/main.c:461:6:HAL_TIM_PeriodElapsedCallback	16	static
../Core/Src/main.c:478:6:Error_Handler	4	static,ignoring_inline_asm
