Archive member included to satisfy reference by file (symbol)

c:/stm32cubeide_1.9.0/stm32cubeide/plugins/com.st.stm32cube.ide.mcu.externaltools.gnu-tools-for-stm32.10.3-2021.10.win32_1.0.0.202111181127/tools/bin/../lib/gcc/arm-none-eabi/10.3.1/../../../../arm-none-eabi/lib/thumb/v7e-m+fp/hard\libc_nano.a(lib_a-errno.o)
                              ./Core/Src/syscalls.o (__errno)
c:/stm32cubeide_1.9.0/stm32cubeide/plugins/com.st.stm32cube.ide.mcu.externaltools.gnu-tools-for-stm32.10.3-2021.10.win32_1.0.0.202111181127/tools/bin/../lib/gcc/arm-none-eabi/10.3.1/../../../../arm-none-eabi/lib/thumb/v7e-m+fp/hard\libc_nano.a(lib_a-exit.o)
                              c:/stm32cubeide_1.9.0/stm32cubeide/plugins/com.st.stm32cube.ide.mcu.externaltools.gnu-tools-for-stm32.10.3-2021.10.win32_1.0.0.202111181127/tools/bin/../lib/gcc/arm-none-eabi/10.3.1/../../../../arm-none-eabi/lib/thumb/v7e-m+fp/hard/crt0.o (exit)
c:/stm32cubeide_1.9.0/stm32cubeide/plugins/com.st.stm32cube.ide.mcu.externaltools.gnu-tools-for-stm32.10.3-2021.10.win32_1.0.0.202111181127/tools/bin/../lib/gcc/arm-none-eabi/10.3.1/../../../../arm-none-eabi/lib/thumb/v7e-m+fp/hard\libc_nano.a(lib_a-findfp.o)
                              ./Middlewares/Third_Party/FreeRTOS/Source/tasks.o (__sf_fake_stderr)
c:/stm32cubeide_1.9.0/stm32cubeide/plugins/com.st.stm32cube.ide.mcu.externaltools.gnu-tools-for-stm32.10.3-2021.10.win32_1.0.0.202111181127/tools/bin/../lib/gcc/arm-none-eabi/10.3.1/../../../../arm-none-eabi/lib/thumb/v7e-m+fp/hard\libc_nano.a(lib_a-fwalk.o)
                              c:/stm32cubeide_1.9.0/stm32cubeide/plugins/com.st.stm32cube.ide.mcu.externaltools.gnu-tools-for-stm32.10.3-2021.10.win32_1.0.0.202111181127/tools/bin/../lib/gcc/arm-none-eabi/10.3.1/../../../../arm-none-eabi/lib/thumb/v7e-m+fp/hard\libc_nano.a(lib_a-findfp.o) (_fwalk)
c:/stm32cubeide_1.9.0/stm32cubeide/plugins/com.st.stm32cube.ide.mcu.externaltools.gnu-tools-for-stm32.10.3-2021.10.win32_1.0.0.202111181127/tools/bin/../lib/gcc/arm-none-eabi/10.3.1/../../../../arm-none-eabi/lib/thumb/v7e-m+fp/hard\libc_nano.a(lib_a-impure.o)
                              c:/stm32cubeide_1.9.0/stm32cubeide/plugins/com.st.stm32cube.ide.mcu.externaltools.gnu-tools-for-stm32.10.3-2021.10.win32_1.0.0.202111181127/tools/bin/../lib/gcc/arm-none-eabi/10.3.1/../../../../arm-none-eabi/lib/thumb/v7e-m+fp/hard\libc_nano.a(lib_a-exit.o) (_global_impure_ptr)
c:/stm32cubeide_1.9.0/stm32cubeide/plugins/com.st.stm32cube.ide.mcu.externaltools.gnu-tools-for-stm32.10.3-2021.10.win32_1.0.0.202111181127/tools/bin/../lib/gcc/arm-none-eabi/10.3.1/../../../../arm-none-eabi/lib/thumb/v7e-m+fp/hard\libc_nano.a(lib_a-init.o)
                              c:/stm32cubeide_1.9.0/stm32cubeide/plugins/com.st.stm32cube.ide.mcu.externaltools.gnu-tools-for-stm32.10.3-2021.10.win32_1.0.0.202111181127/tools/bin/../lib/gcc/arm-none-eabi/10.3.1/../../../../arm-none-eabi/lib/thumb/v7e-m+fp/hard/crt0.o (__libc_init_array)
c:/stm32cubeide_1.9.0/stm32cubeide/plugins/com.st.stm32cube.ide.mcu.externaltools.gnu-tools-for-stm32.10.3-2021.10.win32_1.0.0.202111181127/tools/bin/../lib/gcc/arm-none-eabi/10.3.1/../../../../arm-none-eabi/lib/thumb/v7e-m+fp/hard\libc_nano.a(lib_a-lock.o)
                              c:/stm32cubeide_1.9.0/stm32cubeide/plugins/com.st.stm32cube.ide.mcu.externaltools.gnu-tools-for-stm32.10.3-2021.10.win32_1.0.0.202111181127/tools/bin/../lib/gcc/arm-none-eabi/10.3.1/../../../../arm-none-eabi/lib/thumb/v7e-m+fp/hard\libc_nano.a(lib_a-findfp.o) (__retarget_lock_init_recursive)
c:/stm32cubeide_1.9.0/stm32cubeide/plugins/com.st.stm32cube.ide.mcu.externaltools.gnu-tools-for-stm32.10.3-2021.10.win32_1.0.0.202111181127/tools/bin/../lib/gcc/arm-none-eabi/10.3.1/../../../../arm-none-eabi/lib/thumb/v7e-m+fp/hard\libc_nano.a(lib_a-memcpy-stub.o)
                              ./Middlewares/Third_Party/FreeRTOS/Source/queue.o (memcpy)
c:/stm32cubeide_1.9.0/stm32cubeide/plugins/com.st.stm32cube.ide.mcu.externaltools.gnu-tools-for-stm32.10.3-2021.10.win32_1.0.0.202111181127/tools/bin/../lib/gcc/arm-none-eabi/10.3.1/../../../../arm-none-eabi/lib/thumb/v7e-m+fp/hard\libc_nano.a(lib_a-memset.o)
                              c:/stm32cubeide_1.9.0/stm32cubeide/plugins/com.st.stm32cube.ide.mcu.externaltools.gnu-tools-for-stm32.10.3-2021.10.win32_1.0.0.202111181127/tools/bin/../lib/gcc/arm-none-eabi/10.3.1/../../../../arm-none-eabi/lib/thumb/v7e-m+fp/hard/crt0.o (memset)
c:/stm32cubeide_1.9.0/stm32cubeide/plugins/com.st.stm32cube.ide.mcu.externaltools.gnu-tools-for-stm32.10.3-2021.10.win32_1.0.0.202111181127/tools/bin/../lib/gcc/arm-none-eabi/10.3.1/../../../../arm-none-eabi/lib/thumb/v7e-m+fp/hard\libc_nano.a(lib_a-nano-mallocr.o)
                              c:/stm32cubeide_1.9.0/stm32cubeide/plugins/com.st.stm32cube.ide.mcu.externaltools.gnu-tools-for-stm32.10.3-2021.10.win32_1.0.0.202111181127/tools/bin/../lib/gcc/arm-none-eabi/10.3.1/../../../../arm-none-eabi/lib/thumb/v7e-m+fp/hard\libc_nano.a(lib_a-findfp.o) (_malloc_r)
[...]
Memory Configuration

Name             Origin             Length             Attributes
CCMRAM           0x0000000010000000 0x0000000000010000 xrw
RAM              0x0000000020000000 0x0000000000030000 xrw
FLASH            0x0000000008000000 0x0000000000200000 xr
*default*        0x0000000000000000 0xffffffffffffffff

Linker script and memory map

LOAD c:/stm32cubeide_1.9.0/stm32cubeide/plugins/com.st.stm32cube.ide.mcu.externaltools.gnu-tools-for-stm32.10.3-2021.10.win32_1.0.0.202111181127/tools/bin/../lib/gcc/arm-none-eabi/10.3.1/thumb/v7e-m+fp/hard/crti.o
LOAD c:/stm32cubeide_1.9.0/stm32cubeide/plugins/com.st.stm32cube.ide.mcu.externaltools.gnu-tools-for-stm32.10.3-2021.10.win32_1.0.0.202111181127/tools/bin/../lib/gcc/arm-none-eabi/10.3.1/thumb/v7e-m+fp/hard/crtbegin.o
LOAD c:/stm32cubeide_1.9.0/stm32cubeide/plugins/com.st.stm32cube.ide.mcu.externaltools.gnu-tools-for-stm32.10.3-2021.10.win32_1.0.0.202111181127/tools/bin/../lib/gcc/arm-none-eabi/10.3.1/../../../../arm-none-eabi/lib/thumb/v7e-m+fp/hard/crt0.o
LOAD ./Core/Src/freertos.o
LOAD ./Core/Src/gpio.o
LOAD ./Core/Src/hcsr04.o
LOAD ./Core/Src/i2c.o
LOAD ./Core/Src/main.o
LOAD ./Core/Src/motor.o
LOAD ./Core/Src/rtc.o
LOAD ./Core/Src/stm32f4xx_hal_msp.o
LOAD ./Core/Src/stm32f4xx_hal_timebase_tim.o
LOAD ./Core/Src/stm32f4xx_it.o
LOAD ./Core/Src/syscalls.o
LOAD ./Core/Src/sysmem.o
LOAD ./Core/Src/system_stm32f4xx.o
LOAD ./Core/Src/tim.o
LOAD ./Core/Src/usart.o
LOAD ./Core/Startup/startup_stm32f429zitx.o
LOAD ./Drivers/STM32F4xx_HAL_Driver/Src/stm32f4xx_hal.o
LOAD ./Drivers/STM32F4xx_HAL_Driver/Src/stm32f4xx_hal_cortex.o
LOAD ./Drivers/STM32F4xx_HAL_Driver/Src/stm32f4xx_hal_dma.o
LOAD ./Drivers/STM32F4xx_HAL_Driver/Src/stm32f4xx_hal_dma_ex.o
LOAD ./Drivers/STM32F4xx_HAL_Driver/Src/stm32f4xx_hal_exti.o
LOAD ./Drivers/STM32F4xx_HAL_Driver/Src/stm32f4xx_hal_flash.o
LOAD ./Drivers/STM32F4xx_HAL_Driver/Src/stm32f4xx_hal_flash_ex.o
LOAD ./Drivers/STM32F4xx_HAL_Driver/Src/stm32f4xx_hal_flash_ramfunc.o
LOAD ./Drivers/STM32F4xx_HAL_Driver/Src/stm32f4xx_hal_gpio.o
LOAD ./Drivers/STM32F4xx_HAL_Driver/Src/stm32f4xx_hal_i2c.o
LOAD ./Drivers/STM32F4xx_HAL_Driver/Src/stm32f4xx_hal_i2c_ex.o
LOAD ./Drivers/STM32F4xx_HAL_Driver/Src/stm32f4xx_hal_pwr.o
LOAD ./Drivers/STM32F4xx_HAL_Driver/Src/stm32f4xx_hal_pwr_ex.o
LOAD ./Drivers/STM32F4xx_HAL_Driver/Src/stm32f4xx_hal_rcc.o
LOAD ./Drivers/STM32F4xx_HAL_Driver/Src/stm32f4xx_hal_rcc_ex.o
LOAD ./Drivers/STM32F4xx_HAL_Driver/Src/stm32f4xx_hal_rtc.o
LOAD ./Drivers/STM32F4xx_HAL_Driver/Src/stm32f4xx_hal_rtc_ex.o
LOAD ./Drivers/STM32F4xx_HAL_Driver/Src/stm32f4xx_hal_tim.o
LOAD ./Drivers/STM32F4xx_HAL_Driver/Src/stm32f4xx_hal_tim_ex.o
LOAD ./Drivers/STM32F4xx_HAL_Driver/Src/stm32f4xx_hal_uart.o
LOAD ./Middlewares/Third_Party/FreeRTOS/Source/CMSIS_RTOS/cmsis_os.o
LOAD ./Middlewares/Third_Party/FreeRTOS/Source/croutine.o
LOAD ./Middlewares/Third_Party/FreeRTOS/Source/event_groups.o
LOAD ./Middlewares/Third_Party/FreeRTOS/Source/list.o
LOAD ./Middlewares/Third_Party/FreeRTOS/Source/queue.o
LOAD ./Middlewares/Third_Party/FreeRTOS/Source/stream_buffer.o
LOAD ./Middlewares/Third_Party/FreeRTOS/Source/tasks.o
LOAD ./Middlewares/Third_Party/FreeRTOS/Source/timers.o
LOAD ./Middlewares/Third_Party/FreeRTOS/Source/portable/GCC/ARM_CM4F/port.o
LOAD ./Middlewares/Third_Party/FreeRTOS/Source/portable/MemMang/heap_4.o
START GROUP
LOAD c:/stm32cubeide_1.9.0/stm32cubeide/plugins/com.st.stm32cube.ide.mcu.externaltools.gnu-tools-for-stm32.10.3-2021.10.win32_1.0.0.202111181127/tools/bin/../lib/gcc/arm-none-eabi/10.3.1/../../../../arm-none-eabi/lib/thumb/v7e-m+fp/hard\libc_nano.a
LOAD c:/stm32cubeide_1.9.0/stm32cubeide/plugins/com.st.stm32cube.ide.mcu.externaltools.gnu-tools-for-stm32.10.3-2021.10.win32_1.0.0.202111181127/tools/bin/../lib/gcc/arm-none-eabi/10.3.1/../../../../arm-none-eabi/lib/thumb/v7e-m+fp/hard\libm.a
END GROUP
START GROUP
LOAD c:/stm32cubeide_1.9.0/stm32cubeide/plugins/com.st.stm32cube.ide.mcu.externaltools.gnu-tools-for-stm32.10.3-2021.10.win32_1.0.0.202111181127/tools/bin/../lib/gcc/arm-none-eabi/10.3.1/thumb/v7e-m+fp/hard\libgcc.a
LOAD c:/stm32cubeide_1.9.0/stm32cubeide/plugins/com.st.stm32cube.ide.mcu.externaltools.gnu-tools-for-stm32.10.3-2021.10.win32_1.0.0.202111181127/tools/bin/../lib/gcc/arm-none-eabi/10.3.1/../../../../arm-none-eabi/lib/thumb/v7e-m+fp/hard\libc_nano.a
END GROUP
START GROUP
LOAD c:/stm32cubeide_1.9.0/stm32cubeide/plugins/com.st.stm32cube.ide.mcu.externaltools.gnu-tools-for-stm32.10.3-2021.10.win32_1.0.0.202111181127/tools/bin/../lib/gcc/arm-none-eabi/10.3.1/thumb/v7e-m+fp/hard\libgcc.a
LOAD c:/stm32cubeide_1.9.0/stm32cubeide/plugins/com.st.stm32cube.ide.mcu.externaltools.gnu-tools-for-stm32.10.3-2021.10.win32_1.0.0.202111181127/tools/bin/../lib/gcc/arm-none-eabi/10.3.1/../../../../arm-none-eabi/lib/thumb/v7e-m+fp/hard\libc_nano.a
LOAD c:/stm32cubeide_1.9.0/stm32cubeide/plugins/com.st.stm32cube.ide.mcu.externaltools.gnu-tools-for-stm32.10.3-2021.10.win32_1.0.0.202111181127/tools/bin/../lib/gcc/arm-none-eabi/10.3.1/../../../../arm-none-eabi/lib/thumb/v7e-m+fp/hard\libnosys.a
END GROUP
START GROUP
LOAD c:/stm32cubeide_1.9.0/stm32cubeide/plugins/com.st.stm32cube.ide.mcu.externaltools.gnu-tools-for-stm32.10.3-2021.10.win32_1.0.0.202111181127/tools/bin/../lib/gcc/arm-none-eabi/10.3.1/thumb/v7e-m+fp/hard\libgcc.a
LOAD c:/stm32cubeide_1.9.0/stm32cubeide/plugins/com.st.stm32cube.ide.mcu.externaltools.gnu-tools-for-stm32.10.3-2021.10.win32_1.0.0.202111181127/tools/bin/../lib/gcc/arm-none-eabi/10.3.1/../../../../arm-none-eabi/lib/thumb/v7e-m+fp/hard\libc_nano.a
LOAD c:/stm32cubeide_1.9.0/stm32cubeide/plugins/com.st.stm32cube.ide.mcu.externaltools.gnu-tools-for-stm32.10.3-2021.10.win32_1.0.0.202111181127/tools/bin/../lib/gcc/arm-none-eabi/10.3.1/../../../../arm-none-eabi/lib/thumb/v7e-m+fp/hard\libnosys.a
END GROUP
LOAD c:/stm32cubeide_1.9.0/stm32cubeide/plugins/com.st.stm32cube.ide.mcu.externaltools.gnu-tools-for-stm32.10.3-2021.10.win32_1.0.0.202111181127/tools/bin/../lib/gcc/arm-none-eabi/10.3.1/thumb/v7e-m+fp/hard/crtend.o
LOAD c:/stm32cubeide_1.9.0/stm32cubeide/plugins/com.st.stm32cube.ide.mcu.externaltools.gnu-tools-for-stm32.10.3-2021.10.win32_1.0.0.202111181127/tools/bin/../lib/gcc/arm-none-eabi/10.3.1/thumb/v7e-m+fp/hard/crtn.o
                0x0000000020030000                _estack = (ORIGIN (RAM) + LENGTH (RAM))
                0x0000000000000200                _Min_Heap_Size = 0x200
                0x0000000000000400                _Min_Stack_Size = 0x400

.isr_vector     0x0000000008000000      0x1ac
                0x0000000008000000                . = ALIGN (0x4)
 *(.isr_vector)
 .isr_vector    0x0000000008000000      0x1ac ./Core/Startup/startup_stm32f429zitx.o
                0x0000000008000000                g_pfnVectors
                0x00000000080001ac                . = ALIGN (0x4)

.text           0x00000000080001b0     0x95e8
                0x00000000080001b0                . = ALIGN (0x4)
 *(.text)
 .text          0x00000000080001b0       0x40 c:/stm32cubeide_1.9.0/stm32cubeide/plugins/com.st.stm32cube.ide.mcu.externaltools.gnu-tools-for-stm32.10.3-2021.10.win32_1.0.0.202111181127/tools/bin/../lib/gcc/arm-none-eabi/10.3.1/thumb/v7e-m+fp/hard/crtbegin.o
 .text          0x00000000080001f0       0x10 c:/stm32cubeide_1.9.0/stm32cubeide/plugins/com.st.stm32cube.ide.mcu.externaltools.gnu-tools-for-stm32.10.3-2021.10.win32_1.0.0.202111181127/tools/bin/../lib/gcc/arm-none-eabi/10.3.1/../../../../arm-none-eabi/lib/thumb/v7e-m+fp/hard\libc_nano.a(lib_a-strlen.o)
                0x00000000080001f0                strlen
 .text          0x0000000008000200       0x30 c:/stm32cubeide_1.9.0/stm32cubeide/plugins/com.st.stm32cube.ide.mcu.externaltools.gnu-tools-for-stm32.10.3-2021.10.win32_1.0.0.202111181127/tools/bin/../lib/gcc/arm-none-eabi/10.3.1/thumb/v7e-m+fp/hard\libgcc.a(_aeabi_uldivmod.o)
                0x0000000008000200                __aeabi_uldivmod
 .text          0x0000000008000230      0x2d0 c:/stm32cubeide_1.9.0/stm32cubeide/plugins/com.st.stm32cube.ide.mcu.externaltools.gnu-tools-for-stm32.10.3-2021.10.win32_1.0.0.202111181127/tools/bin/../lib/gcc/arm-none-eabi/10.3.1/thumb/v7e-m+fp/hard\libgcc.a(_udivmoddi4.o)
                0x0000000008000230                __udivmoddi4
 .text          0x0000000008000500        0x4 c:/stm32cubeide_1.9.0/stm32cubeide/plugins/com.st.stm32cube.ide.mcu.externaltools.gnu-tools-for-stm32.10.3-2021.10.win32_1.0.0.202111181127/tools/bin/../lib/gcc/arm-none-eabi/10.3.1/thumb/v7e-m+fp/hard\libgcc.a(_dvmd_tls.o)
                0x0000000008000500                __aeabi_idiv0
                0x0000000008000500                __aeabi_ldiv0
 *(.text*)
 .text.vApplicationGetIdleTaskMemory
                0x0000000008000504       0x34 ./Core/Src/freertos.o
                0x0000000008000504                vApplicationGetIdleTaskMemory
 .text.MX_FREERTOS_Init
                0x0000000008000538       0xe0 ./Core/Src/freertos.o
                0x0000000008000538                MX_FREERTOS_Init
 .text.StartDefaultTask
                0x0000000008000618       0x64 ./Core/Src/freertos.o
                0x0000000008000618                StartDefaultTask
 .text.odometryTask
                0x000000000800067c       0x48 ./Core/Src/freertos.o
                0x000000000800067c                odometryTask
 .text.CarLeftSide
                0x00000000080006c4       0x12 ./Core/Src/freertos.o
                0x00000000080006c4                CarLeftSide
 .text.CarFrontSide
                0x00000000080006d6       0x12 ./Core/Src/freertos.o
                0x00000000080006d6                CarFrontSide
 .text.CarRightSide
                0x00000000080006e8       0x12 ./Core/Src/freertos.o
                0x00000000080006e8                CarRightSide
 *fill*         0x00000000080006fa        0x2 
 .text.CheckingUartReceive
                0x00000000080006fc       0x24 ./Core/Src/freertos.o
                0x00000000080006fc                CheckingUartReceive
 .text.CheckingLeft
                0x0000000008000720       0x24 ./Core/Src/freertos.o
                0x0000000008000720                CheckingLeft
 .text.CheckingFront
                0x0000000008000744       0x24 ./Core/Src/freertos.o
                0x0000000008000744                CheckingFront
 .text.CheckingRight
                0x0000000008000768       0x24 ./Core/Src/freertos.o
                0x0000000008000768                CheckingRight
 .text.HAL_UART_RxCpltCallback
                0x000000000800078c       0x88 ./Core/Src/freertos.o
                0x000000000800078c                HAL_UART_RxCpltCallback
 .text.HAL_TIM_IC_CaptureCallback
                0x0000000008000814       0xe8 ./Core/Src/freertos.o
                0x0000000008000814                HAL_TIM_IC_CaptureCallback
 .text.ThreadInit
                0x00000000080008fc      0x23c ./Core/Src/freertos.o
                0x00000000080008fc                ThreadInit
 .text.MX_GPIO_Init
                0x0000000008000b38      0x1c4 ./Core/Src/gpio.o
                0x0000000008000b38                MX_GPIO_Init
 .text.HCSR04_Delay
                0x0000000008000cfc       0x30 ./Core/Src/hcsr04.o
                0x0000000008000cfc                HCSR04_Delay
 .text.HCSR04_Read
                0x0000000008000d2c       0x46 ./Core/Src/hcsr04.o
                0x0000000008000d2c                HCSR04_Read
 *fill*         0x0000000008000d72        0x2 
 .text.HC_SRO4_Dis
                0x0000000008000d74      0x110 ./Core/Src/hcsr04.o
                0x0000000008000d74                HC_SRO4_Dis
 .text.MX_I2C1_Init
                0x0000000008000e84       0x80 ./Core/Src/i2c.o
                0x0000000008000e84                MX_I2C1_Init
 .text.HAL_I2C_MspInit
                0x0000000008000f04       0x90 ./Core/Src/i2c.o
                0x0000000008000f04                HAL_I2C_MspInit
 .text.main     0x0000000008000f94       0x4a ./Core/Src/main.o
                0x0000000008000f94                main
 *fill*         0x0000000008000fde        0x2 
 .text.SystemClock_Config
                0x0000000008000fe0       0xe4 ./Core/Src/main.o
                0x0000000008000fe0                SystemClock_Config
 .text.MX_NVIC_Init
                0x00000000080010c4       0x48 ./Core/Src/main.o
 .text.HAL_TIM_PeriodElapsedCallback
                0x000000000800110c       0x24 ./Core/Src/main.o
                0x000000000800110c                HAL_TIM_PeriodElapsedCallback
 .text.Error_Handler
                0x0000000008001130        0xa ./Core/Src/main.o
                0x0000000008001130                Error_Handler
 *fill*         0x000000000800113a        0x2 
 .text.Move     0x000000000800113c      0x24c ./Core/Src/motor.o
                0x000000000800113c                Move
 .text.Forward  0x0000000008001388       0x60 ./Core/Src/motor.o
                0x0000000008001388                Forward
 .text.Backward
                0x00000000080013e8       0x60 ./Core/Src/motor.o
                0x00000000080013e8                Backward
 .text.Right    0x0000000008001448       0x60 ./Core/Src/motor.o
                0x0000000008001448                Right
 .text.Left     0x00000000080014a8       0x60 ./Core/Src/motor.o
                0x00000000080014a8                Left
 .text.Cw       0x0000000008001508       0x60 ./Core/Src/motor.o
                0x0000000008001508                Cw
 .text.Ccw      0x0000000008001568       0x60 ./Core/Src/motor.o
                0x0000000008001568                Ccw
 .text.Stop     0x00000000080015c8       0x2c ./Core/Src/motor.o
                0x00000000080015c8                Stop
 .text.Motor_Init
                0x00000000080015f4       0x36 ./Core/Src/motor.o
                0x00000000080015f4                Motor_Init
 *fill*         0x000000000800162a        0x2 
 .text.MX_RTC_Init
                0x000000000800162c       0x4c ./Core/Src/rtc.o
                0x000000000800162c                MX_RTC_Init
 .text.HAL_RTC_MspInit
                0x0000000008001678       0x54 ./Core/Src/rtc.o
                0x0000000008001678                HAL_RTC_MspInit
 .text.HAL_MspInit
                0x00000000080016cc       0x58 ./Core/Src/stm32f4xx_hal_msp.o
                0x00000000080016cc                HAL_MspInit
 .text.HAL_InitTick
                0x0000000008001724       0xb4 ./Core/Src/stm32f4xx_hal_timebase_tim.o
                0x0000000008001724                HAL_InitTick
 .text.NMI_Handler
                0x00000000080017d8        0x6 ./Core/Src/stm32f4xx_it.o
                0x00000000080017d8                NMI_Handler
 .text.HardFault_Handler
                0x00000000080017de        0x6 ./Core/Src/stm32f4xx_it.o
                0x00000000080017de                HardFault_Handler
 .text.MemManage_Handler
                0x00000000080017e4        0x6 ./Core/Src/stm32f4xx_it.o
                0x00000000080017e4                MemManage_Handler
 .text.BusFault_Handler
                0x00000000080017ea        0x6 ./Core/Src/stm32f4xx_it.o
                0x00000000080017ea                BusFault_Handler
 .text.UsageFault_Handler
                0x00000000080017f0        0x6 ./Core/Src/stm32f4xx_it.o
                0x00000000080017f0                UsageFault_Handler
 .text.DebugMon_Handler
                0x00000000080017f6        0xe ./Core/Src/stm32f4xx_it.o
                0x00000000080017f6                DebugMon_Handler
 .text.TIM1_BRK_TIM9_IRQHandler
                0x0000000008001804       0x14 ./Core/Src/stm32f4xx_it.o
                0x0000000008001804                TIM1_BRK_TIM9_IRQHandler
 .text.TIM1_CC_IRQHandler
                0x0000000008001818       0x14 ./Core/Src/stm32f4xx_it.o
                0x0000000008001818                TIM1_CC_IRQHandler
 .text.TIM3_IRQHandler
                0x000000000800182c       0x14 ./Core/Src/stm32f4xx_it.o
                0x000000000800182c                TIM3_IRQHandler
 .text.TIM4_IRQHandler
                0x0000000008001840       0x14 ./Core/Src/stm32f4xx_it.o
                0x0000000008001840                TIM4_IRQHandler
 .text.USART2_IRQHandler
                0x0000000008001854       0x14 ./Core/Src/stm32f4xx_it.o
                0x0000000008001854                USART2_IRQHandler
 .text.USART3_IRQHandler
                0x0000000008001868       0x14 ./Core/Src/stm32f4xx_it.o
                0x0000000008001868                USART3_IRQHandler
 .text.TIM8_UP_TIM13_IRQHandler
                0x000000000800187c       0x14 ./Core/Src/stm32f4xx_it.o
                0x000000000800187c                TIM8_UP_TIM13_IRQHandler
 .text.TIM8_CC_IRQHandler
                0x0000000008001890       0x14 ./Core/Src/stm32f4xx_it.o
                0x0000000008001890                TIM8_CC_IRQHandler
 .text.TIM5_IRQHandler
                0x00000000080018a4       0x14 ./Core/Src/stm32f4xx_it.o
                0x00000000080018a4                TIM5_IRQHandler
 .text.USART6_IRQHandler
                0x00000000080018b8       0x14 ./Core/Src/stm32f4xx_it.o
                0x00000000080018b8                USART6_IRQHandler
 .text.UART7_IRQHandler
                0x00000000080018cc       0x14 ./Core/Src/stm32f4xx_it.o
                0x00000000080018cc                UART7_IRQHandler
 .text._read    0x00000000080018e0       0x3a ./Core/Src/syscalls.o
                0x00000000080018e0                _read
 .text._write   0x000000000800191a       0x38 ./Core/Src/syscalls.o
                0x000000000800191a                _write
 .text._close   0x0000000008001952       0x18 ./Core/Src/syscalls.o
                0x0000000008001952                _close
 .text._fstat   0x000000000800196a       0x20 ./Core/Src/syscalls.o
                0x000000000800196a                _fstat
 .text._isatty  0x000000000800198a       0x16 ./Core/Src/syscalls.o
                0x000000000800198a                _isatty
 .text._lseek   0x00000000080019a0       0x1a ./Core/Src/syscalls.o
                0x00000000080019a0                _lseek
 *fill*         0x00000000080019ba        0x2 
 .text._sbrk    0x00000000080019bc       0x6c ./Core/Src/sysmem.o
                0x00000000080019bc                _sbrk
 .text.SystemInit
                0x0000000008001a28       0x24 ./Core/Src/system_stm32f4xx.o
                0x0000000008001a28                SystemInit
 .text.MX_TIM1_Init
                0x0000000008001a4c       0xe8 ./Core/Src/tim.o
                0x0000000008001a4c                MX_TIM1_Init
 .text.MX_TIM2_Init
                0x0000000008001b34      0x12c ./Core/Src/tim.o
                0x0000000008001b34                MX_TIM2_Init
 .text.MX_TIM3_Init
                0x0000000008001c60       0xe0 ./Core/Src/tim.o
                0x0000000008001c60                MX_TIM3_Init
 .text.MX_TIM4_Init
                0x0000000008001d40       0xe0 ./Core/Src/tim.o
                0x0000000008001d40                MX_TIM4_Init
 .text.MX_TIM8_Init
                0x0000000008001e20      0x128 ./Core/Src/tim.o
                0x0000000008001e20                MX_TIM8_Init
 .text.HAL_TIM_Base_MspInit
                0x0000000008001f48      0x230 ./Core/Src/tim.o
                0x0000000008001f48                HAL_TIM_Base_MspInit
 .text.HAL_TIM_MspPostInit
                0x0000000008002178       0xb0 ./Core/Src/tim.o
                0x0000000008002178                HAL_TIM_MspPostInit
 .text.MX_UART7_Init
                0x0000000008002228       0x54 ./Core/Src/usart.o
                0x0000000008002228                MX_UART7_Init
 .text.MX_USART2_UART_Init
                0x000000000800227c       0x54 ./Core/Src/usart.o
                0x000000000800227c                MX_USART2_UART_Init
 .text.MX_USART3_UART_Init
                0x00000000080022d0       0x54 ./Core/Src/usart.o
                0x00000000080022d0                MX_USART3_UART_Init
 .text.MX_USART6_UART_Init
                0x0000000008002324       0x54 ./Core/Src/usart.o
                0x0000000008002324                MX_USART6_UART_Init
 .text.HAL_UART_MspInit
                0x0000000008002378      0x244 ./Core/Src/usart.o
                0x0000000008002378                HAL_UART_MspInit
 .text.Reset_Handler
                0x00000000080025bc       0x50 ./Core/Startup/startup_stm32f429zitx.o
                0x00000000080025bc                Reset_Handler
 .text.Default_Handler
                0x000000000800260c        0x2 ./Core/Startup/startup_stm32f429zitx.o
                0x000000000800260c                RTC_Alarm_IRQHandler
                0x000000000800260c                HASH_RNG_IRQHandler
                0x000000000800260c                EXTI2_IRQHandler
                0x000000000800260c                UART8_IRQHandler
                0x000000000800260c                SPI4_IRQHandler
                0x000000000800260c                DMA2_Stream5_IRQHandler
                0x000000000800260c                DMA1_Stream5_IRQHandler
                0x000000000800260c                PVD_IRQHandler
                0x000000000800260c                SDIO_IRQHandler
                0x000000000800260c                TAMP_STAMP_IRQHandler
                0x000000000800260c                CAN2_RX1_IRQHandler
                0x000000000800260c                EXTI3_IRQHandler
                0x000000000800260c                TIM8_TRG_COM_TIM14_IRQHandler
                0x000000000800260c                TIM1_UP_TIM10_IRQHandler
                0x000000000800260c                I2C3_ER_IRQHandler
                0x000000000800260c                EXTI0_IRQHandler
                0x000000000800260c                I2C2_EV_IRQHandler
                0x000000000800260c                DMA1_Stream2_IRQHandler
                0x000000000800260c                CAN1_RX0_IRQHandler
                0x000000000800260c                FPU_IRQHandler
                0x000000000800260c                OTG_HS_WKUP_IRQHandler
                0x000000000800260c                LTDC_ER_IRQHandler
                0x000000000800260c                CAN2_SCE_IRQHandler
                0x000000000800260c                DMA2_Stream2_IRQHandler
                0x000000000800260c                SPI1_IRQHandler
                0x000000000800260c                TIM6_DAC_IRQHandler
                0x000000000800260c                DCMI_IRQHandler
                0x000000000800260c                CAN2_RX0_IRQHandler
                0x000000000800260c                DMA2_Stream3_IRQHandler
                0x000000000800260c                CAN1_RX1_IRQHandler
                0x000000000800260c                UART5_IRQHandler
                0x000000000800260c                DMA2_Stream0_IRQHandler
                0x000000000800260c                I2C1_EV_IRQHandler
                0x000000000800260c                DMA1_Stream6_IRQHandler
                0x000000000800260c                DMA1_Stream1_IRQHandler
                0x000000000800260c                UART4_IRQHandler
                0x000000000800260c                RCC_IRQHandler
                0x000000000800260c                TIM8_BRK_TIM12_IRQHandler
                0x000000000800260c                Default_Handler
                0x000000000800260c                EXTI15_10_IRQHandler
                0x000000000800260c                ADC_IRQHandler
                0x000000000800260c                DMA1_Stream7_IRQHandler
                0x000000000800260c                SPI5_IRQHandler
                0x000000000800260c                TIM7_IRQHandler
                0x000000000800260c                CAN2_TX_IRQHandler
                0x000000000800260c                DMA2_Stream7_IRQHandler
                0x000000000800260c                I2C3_EV_IRQHandler
                0x000000000800260c                EXTI9_5_IRQHandler
                0x000000000800260c                RTC_WKUP_IRQHandler
                0x000000000800260c                LTDC_IRQHandler
                0x000000000800260c                ETH_WKUP_IRQHandler
                0x000000000800260c                SPI2_IRQHandler
                0x000000000800260c                OTG_HS_EP1_IN_IRQHandler
                0x000000000800260c                DMA1_Stream0_IRQHandler
                0x000000000800260c                CAN1_TX_IRQHandler
                0x000000000800260c                EXTI4_IRQHandler
                0x000000000800260c                ETH_IRQHandler
                0x000000000800260c                OTG_HS_EP1_OUT_IRQHandler
                0x000000000800260c                WWDG_IRQHandler
                0x000000000800260c                SPI6_IRQHandler
                0x000000000800260c                TIM2_IRQHandler
                0x000000000800260c                OTG_FS_WKUP_IRQHandler
                0x000000000800260c                TIM1_TRG_COM_TIM11_IRQHandler
                0x000000000800260c                OTG_HS_IRQHandler
                0x000000000800260c                DMA2D_IRQHandler
                0x000000000800260c                EXTI1_IRQHandler
                0x000000000800260c                I2C2_ER_IRQHandler
                0x000000000800260c                DMA2_Stream1_IRQHandler
                0x000000000800260c                CAN1_SCE_IRQHandler
                0x000000000800260c                FLASH_IRQHandler
                0x000000000800260c                DMA2_Stream4_IRQHandler
                0x000000000800260c                USART1_IRQHandler
                0x000000000800260c                OTG_FS_IRQHandler
                0x000000000800260c                SPI3_IRQHandler
                0x000000000800260c                DMA1_Stream4_IRQHandler
                0x000000000800260c                I2C1_ER_IRQHandler
                0x000000000800260c                FMC_IRQHandler
                0x000000000800260c                DMA2_Stream6_IRQHandler
                0x000000000800260c                SAI1_IRQHandler
                0x000000000800260c                DMA1_Stream3_IRQHandler
 *fill*         0x000000000800260e        0x2 
 .text.HAL_Init
                0x0000000008002610       0x44 ./Drivers/STM32F4xx_HAL_Driver/Src/stm32f4xx_hal.o
                0x0000000008002610                HAL_Init
 .text.HAL_IncTick
                0x0000000008002654       0x28 ./Drivers/STM32F4xx_HAL_Driver/Src/stm32f4xx_hal.o
                0x0000000008002654                HAL_IncTick
 .text.HAL_GetTick
                0x000000000800267c       0x18 ./Drivers/STM32F4xx_HAL_Driver/Src/stm32f4xx_hal.o
                0x000000000800267c                HAL_GetTick
 .text.__NVIC_SetPriorityGrouping
                0x0000000008002694       0x48 ./Drivers/STM32F4xx_HAL_Driver/Src/stm32f4xx_hal_cortex.o
 .text.__NVIC_GetPriorityGrouping
                0x00000000080026dc       0x1c ./Drivers/STM32F4xx_HAL_Driver/Src/stm32f4xx_hal_cortex.o
 .text.__NVIC_EnableIRQ
                0x00000000080026f8       0x3c ./Drivers/STM32F4xx_HAL_Driver/Src/stm32f4xx_hal_cortex.o
 .text.__NVIC_SetPriority
                0x0000000008002734       0x54 ./Drivers/STM32F4xx_HAL_Driver/Src/stm32f4xx_hal_cortex.o
 .text.NVIC_EncodePriority
                0x0000000008002788       0x66 ./Drivers/STM32F4xx_HAL_Driver/Src/stm32f4xx_hal_cortex.o
 .text.HAL_NVIC_SetPriorityGrouping
                0x00000000080027ee       0x16 ./Drivers/STM32F4xx_HAL_Driver/Src/stm32f4xx_hal_cortex.o
                0x00000000080027ee                HAL_NVIC_SetPriorityGrouping
 .text.HAL_NVIC_SetPriority
                0x0000000008002804       0x38 ./Drivers/STM32F4xx_HAL_Driver/Src/stm32f4xx_hal_cortex.o
                0x0000000008002804                HAL_NVIC_SetPriority
 .text.HAL_NVIC_EnableIRQ
                0x000000000800283c       0x1c ./Drivers/STM32F4xx_HAL_Driver/Src/stm32f4xx_hal_cortex.o
                0x000000000800283c                HAL_NVIC_EnableIRQ
 .text.HAL_DMA_Abort
                0x0000000008002858       0xe0 ./Drivers/STM32F4xx_HAL_Driver/Src/stm32f4xx_hal_dma.o
                0x0000000008002858                HAL_DMA_Abort
 .text.HAL_DMA_Abort_IT
                0x0000000008002938       0x44 ./Drivers/STM32F4xx_HAL_Driver/Src/stm32f4xx_hal_dma.o
                0x0000000008002938                HAL_DMA_Abort_IT
 .text.HAL_GPIO_Init
                0x000000000800297c      0x358 ./Drivers/STM32F4xx_HAL_Driver/Src/stm32f4xx_hal_gpio.o
                0x000000000800297c                HAL_GPIO_Init
 .text.HAL_GPIO_WritePin
                0x0000000008002cd4       0x32 ./Drivers/STM32F4xx_HAL_Driver/Src/stm32f4xx_hal_gpio.o
                0x0000000008002cd4                HAL_GPIO_WritePin
 *fill*         0x0000000008002d06        0x2 
 .text.HAL_I2C_Init
                0x0000000008002d08      0x288 ./Drivers/STM32F4xx_HAL_Driver/Src/stm32f4xx_hal_i2c.o
                0x0000000008002d08                HAL_I2C_Init
 .text.HAL_I2CEx_ConfigAnalogFilter
                0x0000000008002f90       0x78 ./Drivers/STM32F4xx_HAL_Driver/Src/stm32f4xx_hal_i2c_ex.o
                0x0000000008002f90                HAL_I2CEx_ConfigAnalogFilter
 .text.HAL_I2CEx_ConfigDigitalFilter
                0x0000000008003008       0x7e ./Drivers/STM32F4xx_HAL_Driver/Src/stm32f4xx_hal_i2c_ex.o
                0x0000000008003008                HAL_I2CEx_ConfigDigitalFilter
 *fill*         0x0000000008003086        0x2 
 .text.HAL_PWREx_EnableOverDrive
                0x0000000008003088       0xa0 ./Drivers/STM32F4xx_HAL_Driver/Src/stm32f4xx_hal_pwr_ex.o
                0x0000000008003088                HAL_PWREx_EnableOverDrive
 .text.HAL_RCC_OscConfig
                0x0000000008003128      0x4f0 ./Drivers/STM32F4xx_HAL_Driver/Src/stm32f4xx_hal_rcc.o
                0x0000000008003128                HAL_RCC_OscConfig
 .text.HAL_RCC_ClockConfig
                0x0000000008003618      0x1cc ./Drivers/STM32F4xx_HAL_Driver/Src/stm32f4xx_hal_rcc.o
                0x0000000008003618                HAL_RCC_ClockConfig
 .text.HAL_RCC_GetSysClockFreq
                0x00000000080037e4      0x18c ./Drivers/STM32F4xx_HAL_Driver/Src/stm32f4xx_hal_rcc.o
                0x00000000080037e4                HAL_RCC_GetSysClockFreq
 .text.HAL_RCC_GetHCLKFreq
                0x0000000008003970       0x18 ./Drivers/STM32F4xx_HAL_Driver/Src/stm32f4xx_hal_rcc.o
                0x0000000008003970                HAL_RCC_GetHCLKFreq
 .text.HAL_RCC_GetPCLK1Freq
                0x0000000008003988       0x28 ./Drivers/STM32F4xx_HAL_Driver/Src/stm32f4xx_hal_rcc.o
                0x0000000008003988                HAL_RCC_GetPCLK1Freq
 .text.HAL_RCC_GetPCLK2Freq
                0x00000000080039b0       0x28 ./Drivers/STM32F4xx_HAL_Driver/Src/stm32f4xx_hal_rcc.o
                0x00000000080039b0                HAL_RCC_GetPCLK2Freq
 .text.HAL_RCC_GetClockConfig
                0x00000000080039d8       0x64 ./Drivers/STM32F4xx_HAL_Driver/Src/stm32f4xx_hal_rcc.o
                0x00000000080039d8                HAL_RCC_GetClockConfig
 .text.HAL_RCCEx_PeriphCLKConfig
                0x0000000008003a3c      0x380 ./Drivers/STM32F4xx_HAL_Driver/Src/stm32f4xx_hal_rcc_ex.o
                0x0000000008003a3c                HAL_RCCEx_PeriphCLKConfig
 .text.HAL_RTC_Init
                0x0000000008003dbc       0xec ./Drivers/STM32F4xx_HAL_Driver/Src/stm32f4xx_hal_rtc.o
                0x0000000008003dbc                HAL_RTC_Init
 .text.HAL_RTC_WaitForSynchro
                0x0000000008003ea8       0x50 ./Drivers/STM32F4xx_HAL_Driver/Src/stm32f4xx_hal_rtc.o
                0x0000000008003ea8                HAL_RTC_WaitForSynchro
 .text.RTC_EnterInitMode
                0x0000000008003ef8       0x6e ./Drivers/STM32F4xx_HAL_Driver/Src/stm32f4xx_hal_rtc.o
                0x0000000008003ef8                RTC_EnterInitMode
 .text.RTC_ExitInitMode
                0x0000000008003f66       0x4a ./Drivers/STM32F4xx_HAL_Driver/Src/stm32f4xx_hal_rtc.o
                0x0000000008003f66                RTC_ExitInitMode
 .text.HAL_TIM_Base_Init
                0x0000000008003fb0       0x9e ./Drivers/STM32F4xx_HAL_Driver/Src/stm32f4xx_hal_tim.o
                0x0000000008003fb0                HAL_TIM_Base_Init
 *fill*         0x000000000800404e        0x2 
 .text.HAL_TIM_Base_Start_IT
                0x0000000008004050       0xe0 ./Drivers/STM32F4xx_HAL_Driver/Src/stm32f4xx_hal_tim.o
                0x0000000008004050                HAL_TIM_Base_Start_IT
 .text.HAL_TIM_PWM_Init
                0x0000000008004130       0x9e ./Drivers/STM32F4xx_HAL_Driver/Src/stm32f4xx_hal_tim.o
                0x0000000008004130                HAL_TIM_PWM_Init
 .text.HAL_TIM_PWM_MspInit
                0x00000000080041ce       0x14 ./Drivers/STM32F4xx_HAL_Driver/Src/stm32f4xx_hal_tim.o
                0x00000000080041ce                HAL_TIM_PWM_MspInit
 *fill*         0x00000000080041e2        0x2 
 .text.HAL_TIM_PWM_Start
                0x00000000080041e4      0x190 ./Drivers/STM32F4xx_HAL_Driver/Src/stm32f4xx_hal_tim.o
                0x00000000080041e4                HAL_TIM_PWM_Start
 .text.HAL_TIM_PWM_Stop
                0x0000000008004374       0xe0 ./Drivers/STM32F4xx_HAL_Driver/Src/stm32f4xx_hal_tim.o
                0x0000000008004374                HAL_TIM_PWM_Stop
 .text.HAL_TIM_IC_Init
                0x0000000008004454       0x9e ./Drivers/STM32F4xx_HAL_Driver/Src/stm32f4xx_hal_tim.o
                0x0000000008004454                HAL_TIM_IC_Init
 .text.HAL_TIM_IC_MspInit
                0x00000000080044f2       0x14 ./Drivers/STM32F4xx_HAL_Driver/Src/stm32f4xx_hal_tim.o
                0x00000000080044f2                HAL_TIM_IC_MspInit
 *fill*         0x0000000008004506        0x2 
 .text.HAL_TIM_IC_Start_IT
                0x0000000008004508      0x250 ./Drivers/STM32F4xx_HAL_Driver/Src/stm32f4xx_hal_tim.o
                0x0000000008004508                HAL_TIM_IC_Start_IT
 .text.HAL_TIM_IRQHandler
                0x0000000008004758      0x210 ./Drivers/STM32F4xx_HAL_Driver/Src/stm32f4xx_hal_tim.o
                0x0000000008004758                HAL_TIM_IRQHandler
 .text.HAL_TIM_IC_ConfigChannel
                0x0000000008004968      0x138 ./Drivers/STM32F4xx_HAL_Driver/Src/stm32f4xx_hal_tim.o
                0x0000000008004968                HAL_TIM_IC_ConfigChannel
 .text.HAL_TIM_PWM_ConfigChannel
                0x0000000008004aa0      0x184 ./Drivers/STM32F4xx_HAL_Driver/Src/stm32f4xx_hal_tim.o
                0x0000000008004aa0                HAL_TIM_PWM_ConfigChannel
 .text.HAL_TIM_ConfigClockSource
                0x0000000008004c24      0x18e ./Drivers/STM32F4xx_HAL_Driver/Src/stm32f4xx_hal_tim.o
                0x0000000008004c24                HAL_TIM_ConfigClockSource
 *fill*         0x0000000008004db2        0x2 
 .text.HAL_TIM_ReadCapturedValue
                0x0000000008004db4       0x88 ./Drivers/STM32F4xx_HAL_Driver/Src/stm32f4xx_hal_tim.o
                0x0000000008004db4                HAL_TIM_ReadCapturedValue
 .text.HAL_TIM_OC_DelayElapsedCallback
                0x0000000008004e3c       0x14 ./Drivers/STM32F4xx_HAL_Driver/Src/stm32f4xx_hal_tim.o
                0x0000000008004e3c                HAL_TIM_OC_DelayElapsedCallback
 .text.HAL_TIM_PWM_PulseFinishedCallback
                0x0000000008004e50       0x14 ./Drivers/STM32F4xx_HAL_Driver/Src/stm32f4xx_hal_tim.o
                0x0000000008004e50                HAL_TIM_PWM_PulseFinishedCallback
 .text.HAL_TIM_TriggerCallback
                0x0000000008004e64       0x14 ./Drivers/STM32F4xx_HAL_Driver/Src/stm32f4xx_hal_tim.o
                0x0000000008004e64                HAL_TIM_TriggerCallback
 .text.TIM_Base_SetConfig
                0x0000000008004e78      0x140 ./Drivers/STM32F4xx_HAL_Driver/Src/stm32f4xx_hal_tim.o
                0x0000000008004e78                TIM_Base_SetConfig
 .text.TIM_OC1_SetConfig
                0x0000000008004fb8       0xe0 ./Drivers/STM32F4xx_HAL_Driver/Src/stm32f4xx_hal_tim.o
 .text.TIM_OC2_SetConfig
                0x0000000008005098       0xec ./Drivers/STM32F4xx_HAL_Driver/Src/stm32f4xx_hal_tim.o
                0x0000000008005098                TIM_OC2_SetConfig
 .text.TIM_OC3_SetConfig
                0x0000000008005184       0xe8 ./Drivers/STM32F4xx_HAL_Driver/Src/stm32f4xx_hal_tim.o
 .text.TIM_OC4_SetConfig
                0x000000000800526c       0xac ./Drivers/STM32F4xx_HAL_Driver/Src/stm32f4xx_hal_tim.o
 .text.TIM_TI1_SetConfig
                0x0000000008005318       0xe8 ./Drivers/STM32F4xx_HAL_Driver/Src/stm32f4xx_hal_tim.o
                0x0000000008005318                TIM_TI1_SetConfig
 .text.TIM_TI1_ConfigInputStage
                0x0000000008005400       0x5e ./Drivers/STM32F4xx_HAL_Driver/Src/stm32f4xx_hal_tim.o
 .text.TIM_TI2_SetConfig
                0x000000000800545e       0x7a ./Drivers/STM32F4xx_HAL_Driver/Src/stm32f4xx_hal_tim.o
 .text.TIM_TI2_ConfigInputStage
                0x00000000080054d8       0x60 ./Drivers/STM32F4xx_HAL_Driver/Src/stm32f4xx_hal_tim.o
 .text.TIM_TI3_SetConfig
                0x0000000008005538       0x78 ./Drivers/STM32F4xx_HAL_Driver/Src/stm32f4xx_hal_tim.o
 .text.TIM_TI4_SetConfig
                0x00000000080055b0       0x7a ./Drivers/STM32F4xx_HAL_Driver/Src/stm32f4xx_hal_tim.o
 .text.TIM_ITRx_SetConfig
                0x000000000800562a       0x36 ./Drivers/STM32F4xx_HAL_Driver/Src/stm32f4xx_hal_tim.o
 .text.TIM_ETR_SetConfig
                0x0000000008005660       0x40 ./Drivers/STM32F4xx_HAL_Driver/Src/stm32f4xx_hal_tim.o
                0x0000000008005660                TIM_ETR_SetConfig
 .text.TIM_CCxChannelCmd
                0x00000000080056a0       0x4a ./Drivers/STM32F4xx_HAL_Driver/Src/stm32f4xx_hal_tim.o
                0x00000000080056a0                TIM_CCxChannelCmd
 *fill*         0x00000000080056ea        0x2 
 .text.HAL_TIMEx_MasterConfigSynchronization
                0x00000000080056ec       0xf8 ./Drivers/STM32F4xx_HAL_Driver/Src/stm32f4xx_hal_tim_ex.o
                0x00000000080056ec                HAL_TIMEx_MasterConfigSynchronization
 .text.HAL_TIMEx_CommutCallback
                0x00000000080057e4       0x14 ./Drivers/STM32F4xx_HAL_Driver/Src/stm32f4xx_hal_tim_ex.o
                0x00000000080057e4                HAL_TIMEx_CommutCallback
 .text.HAL_TIMEx_BreakCallback
                0x00000000080057f8       0x14 ./Drivers/STM32F4xx_HAL_Driver/Src/stm32f4xx_hal_tim_ex.o
                0x00000000080057f8                HAL_TIMEx_BreakCallback
 .text.HAL_UART_Init
                0x000000000800580c       0x9a ./Drivers/STM32F4xx_HAL_Driver/Src/stm32f4xx_hal_uart.o
                0x000000000800580c                HAL_UART_Init
 .text.HAL_UART_Transmit
                0x00000000080058a6      0x124 ./Drivers/STM32F4xx_HAL_Driver/Src/stm32f4xx_hal_uart.o
                0x00000000080058a6                HAL_UART_Transmit
 .text.HAL_UART_Receive_IT
                0x00000000080059ca       0x60 ./Drivers/STM32F4xx_HAL_Driver/Src/stm32f4xx_hal_uart.o
                0x00000000080059ca                HAL_UART_Receive_IT
 *fill*         0x0000000008005a2a        0x2 
 .text.HAL_UART_IRQHandler
                0x0000000008005a2c      0x51c ./Drivers/STM32F4xx_HAL_Driver/Src/stm32f4xx_hal_uart.o
                0x0000000008005a2c                HAL_UART_IRQHandler
 .text.HAL_UART_TxCpltCallback
                0x0000000008005f48       0x14 ./Drivers/STM32F4xx_HAL_Driver/Src/stm32f4xx_hal_uart.o
                0x0000000008005f48                HAL_UART_TxCpltCallback
 .text.HAL_UART_ErrorCallback
                0x0000000008005f5c       0x14 ./Drivers/STM32F4xx_HAL_Driver/Src/stm32f4xx_hal_uart.o
                0x0000000008005f5c                HAL_UART_ErrorCallback
 .text.HAL_UARTEx_RxEventCallback
                0x0000000008005f70       0x18 ./Drivers/STM32F4xx_HAL_Driver/Src/stm32f4xx_hal_uart.o
                0x0000000008005f70                HAL_UARTEx_RxEventCallback
 .text.UART_WaitOnFlagUntilTimeout
                0x0000000008005f88       0xdc ./Drivers/STM32F4xx_HAL_Driver/Src/stm32f4xx_hal_uart.o
 .text.UART_Start_Receive_IT
                0x0000000008006064       0x7c ./Drivers/STM32F4xx_HAL_Driver/Src/stm32f4xx_hal_uart.o
                0x0000000008006064                UART_Start_Receive_IT
 .text.UART_EndRxTransfer
                0x00000000080060e0       0xc6 ./Drivers/STM32F4xx_HAL_Driver/Src/stm32f4xx_hal_uart.o
 .text.UART_DMAAbortOnError
                0x00000000080061a6       0x28 ./Drivers/STM32F4xx_HAL_Driver/Src/stm32f4xx_hal_uart.o
 .text.UART_Transmit_IT
                0x00000000080061ce       0xa0 ./Drivers/STM32F4xx_HAL_Driver/Src/stm32f4xx_hal_uart.o
 .text.UART_EndTransmit_IT
                0x000000000800626e       0x30 ./Drivers/STM32F4xx_HAL_Driver/Src/stm32f4xx_hal_uart.o
 .text.UART_Receive_IT
                0x000000000800629e      0x176 ./Drivers/STM32F4xx_HAL_Driver/Src/stm32f4xx_hal_uart.o
 .text.UART_SetConfig
                0x0000000008006414      0x4e8 ./Drivers/STM32F4xx_HAL_Driver/Src/stm32f4xx_hal_uart.o
 .text.makeFreeRtosPriority
                0x00000000080068fc       0x30 ./Middlewares/Third_Party/FreeRTOS/Source/CMSIS_RTOS/cmsis_os.o
 .text.osKernelStart
                0x000000000800692c        0xe ./Middlewares/Third_Party/FreeRTOS/Source/CMSIS_RTOS/cmsis_os.o
                0x000000000800692c                osKernelStart
 .text.osThreadCreate
                0x000000000800693a       0x98 ./Middlewares/Third_Party/FreeRTOS/Source/CMSIS_RTOS/cmsis_os.o
                0x000000000800693a                osThreadCreate
 .text.osDelay  0x00000000080069d2       0x28 ./Middlewares/Third_Party/FreeRTOS/Source/CMSIS_RTOS/cmsis_os.o
                0x00000000080069d2                osDelay
 .text.osSemaphoreCreate
                0x00000000080069fa       0x64 ./Middlewares/Third_Party/FreeRTOS/Source/CMSIS_RTOS/cmsis_os.o
                0x00000000080069fa                osSemaphoreCreate
 .text.osMessageCreate
                0x0000000008006a5e       0x50 ./Middlewares/Third_Party/FreeRTOS/Source/CMSIS_RTOS/cmsis_os.o
                0x0000000008006a5e                osMessageCreate
 .text.vListInitialise
                0x0000000008006aae       0x40 ./Middlewares/Third_Party/FreeRTOS/Source/list.o
                0x0000000008006aae                vListInitialise
 .text.vListInitialiseItem
                0x0000000008006aee       0x1a ./Middlewares/Third_Party/FreeRTOS/Source/list.o
                0x0000000008006aee                vListInitialiseItem
 .text.vListInsertEnd
                0x0000000008006b08       0x48 ./Middlewares/Third_Party/FreeRTOS/Source/list.o
                0x0000000008006b08                vListInsertEnd
 .text.vListInsert
                0x0000000008006b50       0x72 ./Middlewares/Third_Party/FreeRTOS/Source/list.o
                0x0000000008006b50                vListInsert
 .text.uxListRemove
                0x0000000008006bc2       0x54 ./Middlewares/Third_Party/FreeRTOS/Source/list.o
                0x0000000008006bc2                uxListRemove
 *fill*         0x0000000008006c16        0x2 
 .text.xQueueGenericReset
                0x0000000008006c18       0xd0 ./Middlewares/Third_Party/FreeRTOS/Source/queue.o
                0x0000000008006c18                xQueueGenericReset
 .text.xQueueGenericCreateStatic
                0x0000000008006ce8       0xf0 ./Middlewares/Third_Party/FreeRTOS/Source/queue.o
                0x0000000008006ce8                xQueueGenericCreateStatic
 .text.xQueueGenericCreate
                0x0000000008006dd8       0x74 ./Middlewares/Third_Party/FreeRTOS/Source/queue.o
                0x0000000008006dd8                xQueueGenericCreate
 .text.prvInitialiseNewQueue
                0x0000000008006e4c       0x3e ./Middlewares/Third_Party/FreeRTOS/Source/queue.o
 *fill*         0x0000000008006e8a        0x2 
 .text.xQueueGenericSend
                0x0000000008006e8c      0x1fc ./Middlewares/Third_Party/FreeRTOS/Source/queue.o
                0x0000000008006e8c                xQueueGenericSend
 .text.xQueueGenericSendFromISR
                0x0000000008007088      0x136 ./Middlewares/Third_Party/FreeRTOS/Source/queue.o
                0x0000000008007088                xQueueGenericSendFromISR
 .text.xQueueGiveFromISR
                0x00000000080071be      0x11a ./Middlewares/Third_Party/FreeRTOS/Source/queue.o
                0x00000000080071be                xQueueGiveFromISR
 .text.xQueueReceiveFromISR
                0x00000000080072d8      0x100 ./Middlewares/Third_Party/FreeRTOS/Source/queue.o
                0x00000000080072d8                xQueueReceiveFromISR
 .text.prvCopyDataToQueue
                0x00000000080073d8       0xd4 ./Middlewares/Third_Party/FreeRTOS/Source/queue.o
 .text.prvCopyDataFromQueue
                0x00000000080074ac       0x4c ./Middlewares/Third_Party/FreeRTOS/Source/queue.o
 .text.prvUnlockQueue
                0x00000000080074f8       0xa4 ./Middlewares/Third_Party/FreeRTOS/Source/queue.o
 .text.prvIsQueueFull
                0x000000000800759c       0x30 ./Middlewares/Third_Party/FreeRTOS/Source/queue.o
 .text.xTaskCreateStatic
                0x00000000080075cc       0xba ./Middlewares/Third_Party/FreeRTOS/Source/tasks.o
                0x00000000080075cc                xTaskCreateStatic
 .text.xTaskCreate
                0x0000000008007686       0x8a ./Middlewares/Third_Party/FreeRTOS/Source/tasks.o
                0x0000000008007686                xTaskCreate
 .text.prvInitialiseNewTask
                0x0000000008007710      0x13c ./Middlewares/Third_Party/FreeRTOS/Source/tasks.o
 .text.prvAddNewTaskToReadyList
                0x000000000800784c       0xd4 ./Middlewares/Third_Party/FreeRTOS/Source/tasks.o
 .text.vTaskDelay
                0x0000000008007920       0x68 ./Middlewares/Third_Party/FreeRTOS/Source/tasks.o
                0x0000000008007920                vTaskDelay
 .text.vTaskStartScheduler
                0x0000000008007988       0xd4 ./Middlewares/Third_Party/FreeRTOS/Source/tasks.o
                0x0000000008007988                vTaskStartScheduler
 .text.vTaskSuspendAll
                0x0000000008007a5c       0x1c ./Middlewares/Third_Party/FreeRTOS/Source/tasks.o
                0x0000000008007a5c                vTaskSuspendAll
 .text.xTaskResumeAll
                0x0000000008007a78      0x138 ./Middlewares/Third_Party/FreeRTOS/Source/tasks.o
                0x0000000008007a78                xTaskResumeAll
 .text.xTaskIncrementTick
                0x0000000008007bb0      0x170 ./Middlewares/Third_Party/FreeRTOS/Source/tasks.o
                0x0000000008007bb0                xTaskIncrementTick
 .text.vTaskSwitchContext
                0x0000000008007d20       0xc4 ./Middlewares/Third_Party/FreeRTOS/Source/tasks.o
                0x0000000008007d20                vTaskSwitchContext
 .text.vTaskPlaceOnEventList
                0x0000000008007de4       0x48 ./Middlewares/Third_Party/FreeRTOS/Source/tasks.o
                0x0000000008007de4                vTaskPlaceOnEventList
 .text.xTaskRemoveFromEventList
                0x0000000008007e2c       0xc4 ./Middlewares/Third_Party/FreeRTOS/Source/tasks.o
                0x0000000008007e2c                xTaskRemoveFromEventList
 .text.vTaskInternalSetTimeOutState
                0x0000000008007ef0       0x2c ./Middlewares/Third_Party/FreeRTOS/Source/tasks.o
                0x0000000008007ef0                vTaskInternalSetTimeOutState
 .text.xTaskCheckForTimeOut
                0x0000000008007f1c       0xc4 ./Middlewares/Third_Party/FreeRTOS/Source/tasks.o
                0x0000000008007f1c                xTaskCheckForTimeOut
 .text.vTaskMissedYield
                0x0000000008007fe0       0x18 ./Middlewares/Third_Party/FreeRTOS/Source/tasks.o
                0x0000000008007fe0                vTaskMissedYield
 .text.prvIdleTask
                0x0000000008007ff8       0x30 ./Middlewares/Third_Party/FreeRTOS/Source/tasks.o
 .text.prvInitialiseTaskLists
                0x0000000008008028       0x80 ./Middlewares/Third_Party/FreeRTOS/Source/tasks.o
 .text.prvCheckTasksWaitingTermination
                0x00000000080080a8       0x5c ./Middlewares/Third_Party/FreeRTOS/Source/tasks.o
 .text.prvDeleteTCB
                0x0000000008008104       0x68 ./Middlewares/Third_Party/FreeRTOS/Source/tasks.o
 .text.prvResetNextTaskUnblockTime
                0x000000000800816c       0x40 ./Middlewares/Third_Party/FreeRTOS/Source/tasks.o
 .text.xTaskGetSchedulerState
                0x00000000080081ac       0x3c ./Middlewares/Third_Party/FreeRTOS/Source/tasks.o
                0x00000000080081ac                xTaskGetSchedulerState
 .text.xTaskPriorityDisinherit
                0x00000000080081e8      0x10c ./Middlewares/Third_Party/FreeRTOS/Source/tasks.o
                0x00000000080081e8                xTaskPriorityDisinherit
 .text.prvAddCurrentTaskToDelayedList
                0x00000000080082f4       0xcc ./Middlewares/Third_Party/FreeRTOS/Source/tasks.o
 .text.pxPortInitialiseStack
                0x00000000080083c0       0x68 ./Middlewares/Third_Party/FreeRTOS/Source/portable/GCC/ARM_CM4F/port.o
                0x00000000080083c0                pxPortInitialiseStack
 .text.prvTaskExitError
                0x0000000008008428       0x58 ./Middlewares/Third_Party/FreeRTOS/Source/portable/GCC/ARM_CM4F/port.o
 .text.SVC_Handler
                0x0000000008008480       0x28 ./Middlewares/Third_Party/FreeRTOS/Source/portable/GCC/ARM_CM4F/port.o
                0x0000000008008480                SVC_Handler
 .text.prvPortStartFirstTask
                0x00000000080084a8       0x28 ./Middlewares/Third_Party/FreeRTOS/Source/portable/GCC/ARM_CM4F/port.o
 .text.xPortStartScheduler
                0x00000000080084d0      0x144 ./Middlewares/Third_Party/FreeRTOS/Source/portable/GCC/ARM_CM4F/port.o
                0x00000000080084d0                xPortStartScheduler
 .text.vPortEnterCritical
                0x0000000008008614       0x60 ./Middlewares/Third_Party/FreeRTOS/Source/portable/GCC/ARM_CM4F/port.o
                0x0000000008008614                vPortEnterCritical
 .text.vPortExitCritical
                0x0000000008008674       0x54 ./Middlewares/Third_Party/FreeRTOS/Source/portable/GCC/ARM_CM4F/port.o
                0x0000000008008674                vPortExitCritical
 *fill*         0x00000000080086c8        0x8 
 .text.PendSV_Handler
                0x00000000080086d0       0x68 ./Middlewares/Third_Party/FreeRTOS/Source/portable/GCC/ARM_CM4F/port.o
                0x00000000080086d0                PendSV_Handler
 .text.SysTick_Handler
                0x0000000008008738       0x44 ./Middlewares/Third_Party/FreeRTOS/Source/portable/GCC/ARM_CM4F/port.o
                0x0000000008008738                SysTick_Handler
 .text.vPortSetupTimerInterrupt
                0x000000000800877c       0x48 ./Middlewares/Third_Party/FreeRTOS/Source/portable/GCC/ARM_CM4F/port.o
                0x000000000800877c                vPortSetupTimerInterrupt
 .text.vPortEnableVFP
                0x00000000080087c4       0x14 ./Middlewares/Third_Party/FreeRTOS/Source/portable/GCC/ARM_CM4F/port.o
 .text.vPortValidateInterruptPriority
                0x00000000080087d8       0x80 ./Middlewares/Third_Party/FreeRTOS/Source/portable/GCC/ARM_CM4F/port.o
                0x00000000080087d8                vPortValidateInterruptPriority
 .text.pvPortMalloc
                0x0000000008008858      0x198 ./Middlewares/Third_Party/FreeRTOS/Source/portable/MemMang/heap_4.o
                0x0000000008008858                pvPortMalloc
 .text.vPortFree
                0x00000000080089f0       0xc4 ./Middlewares/Third_Party/FreeRTOS/Source/portable/MemMang/heap_4.o
                0x00000000080089f0                vPortFree
 .text.prvHeapInit
                0x0000000008008ab4       0xc4 ./Middlewares/Third_Party/FreeRTOS/Source/portable/MemMang/heap_4.o
 .text.prvInsertBlockIntoFreeList
                0x0000000008008b78       0xb4 ./Middlewares/Third_Party/FreeRTOS/Source/portable/MemMang/heap_4.o
 .text.__errno  0x0000000008008c2c        0xc c:/stm32cubeide_1.9.0/stm32cubeide/plugins/com.st.stm32cube.ide.mcu.externaltools.gnu-tools-for-stm32.10.3-2021.10.win32_1.0.0.202111181127/tools/bin/../lib/gcc/arm-none-eabi/10.3.1/../../../../arm-none-eabi/lib/thumb/v7e-m+fp/hard\libc_nano.a(lib_a-errno.o)
                0x0000000008008c2c                __errno
 .text.std      0x0000000008008c38       0x48 c:/stm32cubeide_1.9.0/stm32cubeide/plugins/com.st.stm32cube.ide.mcu.externaltools.gnu-tools-for-stm32.10.3-2021.10.win32_1.0.0.202111181127/tools/bin/../lib/gcc/arm-none-eabi/10.3.1/../../../../arm-none-eabi/lib/thumb/v7e-m+fp/hard\libc_nano.a(lib_a-findfp.o)
 .text._cleanup_r
                0x0000000008008c80        0xc c:/stm32cubeide_1.9.0/stm32cubeide/plugins/com.st.stm32cube.ide.mcu.externaltools.gnu-tools-for-stm32.10.3-2021.10.win32_1.0.0.202111181127/tools/bin/../lib/gcc/arm-none-eabi/10.3.1/../../../../arm-none-eabi/lib/thumb/v7e-m+fp/hard\libc_nano.a(lib_a-findfp.o)
                0x0000000008008c80                _cleanup_r
 .text.__sfmoreglue
                0x0000000008008c8c       0x2c c:/stm32cubeide_1.9.0/stm32cubeide/plugins/com.st.stm32cube.ide.mcu.externaltools.gnu-tools-for-stm32.10.3-2021.10.win32_1.0.0.202111181127/tools/bin/../lib/gcc/arm-none-eabi/10.3.1/../../../../arm-none-eabi/lib/thumb/v7e-m+fp/hard\libc_nano.a(lib_a-findfp.o)
                0x0000000008008c8c                __sfmoreglue
 .text.__sfp_lock_acquire
                0x0000000008008cb8        0xc c:/stm32cubeide_1.9.0/stm32cubeide/plugins/com.st.stm32cube.ide.mcu.externaltools.gnu-tools-for-stm32.10.3-2021.10.win32_1.0.0.202111181127/tools/bin/../lib/gcc/arm-none-eabi/10.3.1/../../../../arm-none-eabi/lib/thumb/v7e-m+fp/hard\libc_nano.a(lib_a-findfp.o)
                0x0000000008008cb8                __sfp_lock_acquire
 .text.__sfp_lock_release
                0x0000000008008cc4        0xc c:/stm32cubeide_1.9.0/stm32cubeide/plugins/com.st.stm32cube.ide.mcu.externaltools.gnu-tools-for-stm32.10.3-2021.10.win32_1.0.0.202111181127/tools/bin/../lib/gcc/arm-none-eabi/10.3.1/../../../../arm-none-eabi/lib/thumb/v7e-m+fp/hard\libc_nano.a(lib_a-findfp.o)
                0x0000000008008cc4                __sfp_lock_release
 .text.__sinit_lock_acquire
                0x0000000008008cd0        0xc c:/stm32cubeide_1.9.0/stm32cubeide/plugins/com.st.stm32cube.ide.mcu.externaltools.gnu-tools-for-stm32.10.3-2021.10.win32_1.0.0.202111181127/tools/bin/../lib/gcc/arm-none-eabi/10.3.1/../../../../arm-none-eabi/lib/thumb/v7e-m+fp/hard\libc_nano.a(lib_a-findfp.o)
                0x0000000008008cd0                __sinit_lock_acquire
 .text.__sinit_lock_release
                0x0000000008008cdc        0xc c:/stm32cubeide_1.9.0/stm32cubeide/plugins/com.st.stm32cube.ide.mcu.externaltools.gnu-tools-for-stm32.10.3-2021.10.win32_1.0.0.202111181127/tools/bin/../lib/gcc/arm-none-eabi/10.3.1/../../../../arm-none-eabi/lib/thumb/v7e-m+fp/hard\libc_nano.a(lib_a-findfp.o)
                0x0000000008008cdc                __sinit_lock_release
 .text.__sinit  0x0000000008008ce8       0x70 c:/stm32cubeide_1.9.0/stm32cubeide/plugins/com.st.stm32cube.ide.mcu.externaltools.gnu-tools-for-stm32.10.3-2021.10.win32_1.0.0.202111181127/tools/bin/../lib/gcc/arm-none-eabi/10.3.1/../../../../arm-none-eabi/lib/thumb/v7e-m+fp/hard\libc_nano.a(lib_a-findfp.o)
                0x0000000008008ce8                __sinit
 .text.__sfp    0x0000000008008d58       0x8c c:/stm32cubeide_1.9.0/stm32cubeide/plugins/com.st.stm32cube.ide.mcu.externaltools.gnu-tools-for-stm32.10.3-2021.10.win32_1.0.0.202111181127/tools/bin/../lib/gcc/arm-none-eabi/10.3.1/../../../../arm-none-eabi/lib/thumb/v7e-m+fp/hard\libc_nano.a(lib_a-findfp.o)
                0x0000000008008d58                __sfp
 .text._fwalk_reent
                0x0000000008008de4       0x3e c:/stm32cubeide_1.9.0/stm32cubeide/plugins/com.st.stm32cube.ide.mcu.externaltools.gnu-tools-for-stm32.10.3-2021.10.win32_1.0.0.202111181127/tools/bin/../lib/gcc/arm-none-eabi/10.3.1/../../../../arm-none-eabi/lib/thumb/v7e-m+fp/hard\libc_nano.a(lib_a-fwalk.o)
                0x0000000008008de4                _fwalk_reent
 *fill*         0x0000000008008e22        0x2 
 .text.__libc_init_array
                0x0000000008008e24       0x48 c:/stm32cubeide_1.9.0/stm32cubeide/plugins/com.st.stm32cube.ide.mcu.externaltools.gnu-tools-for-stm32.10.3-2021.10.win32_1.0.0.202111181127/tools/bin/../lib/gcc/arm-none-eabi/10.3.1/../../../../arm-none-eabi/lib/thumb/v7e-m+fp/hard\libc_nano.a(lib_a-init.o)
                0x0000000008008e24                __libc_init_array
 .text.__retarget_lock_init_recursive
                0x0000000008008e6c        0x2 c:/stm32cubeide_1.9.0/stm32cubeide/plugins/com.st.stm32cube.ide.mcu.externaltools.gnu-tools-for-stm32.10.3-2021.10.win32_1.0.0.202111181127/tools/bin/../lib/gcc/arm-none-eabi/10.3.1/../../../../arm-none-eabi/lib/thumb/v7e-m+fp/hard\libc_nano.a(lib_a-lock.o)
                0x0000000008008e6c                __retarget_lock_init_recursive
 .text.__retarget_lock_acquire_recursive
                0x0000000008008e6e        0x2 c:/stm32cubeide_1.9.0/stm32cubeide/plugins/com.st.stm32cube.ide.mcu.externaltools.gnu-tools-for-stm32.10.3-2021.10.win32_1.0.0.202111181127/tools/bin/../lib/gcc/arm-none-eabi/10.3.1/../../../../arm-none-eabi/lib/thumb/v7e-m+fp/hard\libc_nano.a(lib_a-lock.o)
                0x0000000008008e6e                __retarget_lock_acquire_recursive
 .text.__retarget_lock_release_recursive
                0x0000000008008e70        0x2 c:/stm32cubeide_1.9.0/stm32cubeide/plugins/com.st.stm32cube.ide.mcu.externaltools.gnu-tools-for-stm32.10.3-2021.10.win32_1.0.0.202111181127/tools/bin/../lib/gcc/arm-none-eabi/10.3.1/../../../../arm-none-eabi/lib/thumb/v7e-m+fp/hard\libc_nano.a(lib_a-lock.o)
                0x0000000008008e70                __retarget_lock_release_recursive
 .text.memcpy   0x0000000008008e72       0x1c c:/stm32cubeide_1.9.0/stm32cubeide/plugins/com.st.stm32cube.ide.mcu.externaltools.gnu-tools-for-stm32.10.3-2021.10.win32_1.0.0.202111181127/tools/bin/../lib/gcc/arm-none-eabi/10.3.1/../../../../arm-none-eabi/lib/thumb/v7e-m+fp/hard\libc_nano.a(lib_a-memcpy-stub.o)
                0x0000000008008e72                memcpy
 .text.memset   0x0000000008008e8e       0x10 c:/stm32cubeide_1.9.0/stm32cubeide/plugins/com.st.stm32cube.ide.mcu.externaltools.gnu-tools-for-stm32.10.3-2021.10.win32_1.0.0.202111181127/tools/bin/../lib/gcc/arm-none-eabi/10.3.1/../../../../arm-none-eabi/lib/thumb/v7e-m+fp/hard\libc_nano.a(lib_a-memset.o)
                0x0000000008008e8e                memset
 *fill*         0x0000000008008e9e        0x2 
 .text.sbrk_aligned
                0x0000000008008ea0       0x40 c:/stm32cubeide_1.9.0/stm32cubeide/plugins/com.st.stm32cube.ide.mcu.externaltools.gnu-tools-for-stm32.10.3-2021.10.win32_1.0.0.202111181127/tools/bin/../lib/gcc/arm-none-eabi/10.3.1/../../../../arm-none-eabi/lib/thumb/v7e-m+fp/hard\libc_nano.a(lib_a-nano-mallocr.o)
 .text._malloc_r
                0x0000000008008ee0       0xe8 c:/stm32cubeide_1.9.0/stm32cubeide/plugins/com.st.stm32cube.ide.mcu.externaltools.gnu-tools-for-stm32.10.3-2021.10.win32_1.0.0.202111181127/tools/bin/../lib/gcc/arm-none-eabi/10.3.1/../../../../arm-none-eabi/lib/thumb/v7e-m+fp/hard\libc_nano.a(lib_a-nano-mallocr.o)
                0x0000000008008ee0                _malloc_r
 .text._puts_r  0x0000000008008fc8       0xdc c:/stm32cubeide_1.9.0/stm32cubeide/plugins/com.st.stm32cube.ide.mcu.externaltools.gnu-tools-for-stm32.10.3-2021.10.win32_1.0.0.202111181127/tools/bin/../lib/gcc/arm-none-eabi/10.3.1/../../../../arm-none-eabi/lib/thumb/v7e-m+fp/hard\libc_nano.a(lib_a-puts.o)
                0x0000000008008fc8                _puts_r
 .text.puts     0x00000000080090a4       0x10 c:/stm32cubeide_1.9.0/stm32cubeide/plugins/com.st.stm32cube.ide.mcu.externaltools.gnu-tools-for-stm32.10.3-2021.10.win32_1.0.0.202111181127/tools/bin/../lib/gcc/arm-none-eabi/10.3.1/../../../../arm-none-eabi/lib/thumb/v7e-m+fp/hard\libc_nano.a(lib_a-puts.o)
                0x00000000080090a4                puts
 .text.cleanup_glue
                0x00000000080090b4       0x1a c:/stm32cubeide_1.9.0/stm32cubeide/plugins/com.st.stm32cube.ide.mcu.externaltools.gnu-tools-for-stm32.10.3-2021.10.win32_1.0.0.202111181127/tools/bin/../lib/gcc/arm-none-eabi/10.3.1/../../../../arm-none-eabi/lib/thumb/v7e-m+fp/hard\libc_nano.a(lib_a-reent.o)
                0x00000000080090b4                cleanup_glue
 *fill*         0x00000000080090ce        0x2 
 .text._reclaim_reent
                0x00000000080090d0       0xb8 c:/stm32cubeide_1.9.0/stm32cubeide/plugins/com.st.stm32cube.ide.mcu.externaltools.gnu-tools-for-stm32.10.3-2021.10.win32_1.0.0.202111181127/tools/bin/../lib/gcc/arm-none-eabi/10.3.1/../../../../arm-none-eabi/lib/thumb/v7e-m+fp/hard\libc_nano.a(lib_a-reent.o)
                0x00000000080090d0                _reclaim_reent
 .text._sbrk_r  0x0000000008009188       0x20 c:/stm32cubeide_1.9.0/stm32cubeide/plugins/com.st.stm32cube.ide.mcu.externaltools.gnu-tools-for-stm32.10.3-2021.10.win32_1.0.0.202111181127/tools/bin/../lib/gcc/arm-none-eabi/10.3.1/../../../../arm-none-eabi/lib/thumb/v7e-m+fp/hard\libc_nano.a(lib_a-sbrkr.o)
                0x0000000008009188                _sbrk_r
 .text.__sread  0x00000000080091a8       0x22 c:/stm32cubeide_1.9.0/stm32cubeide/plugins/com.st.stm32cube.ide.mcu.externaltools.gnu-tools-for-stm32.10.3-2021.10.win32_1.0.0.202111181127/tools/bin/../lib/gcc/arm-none-eabi/10.3.1/../../../../arm-none-eabi/lib/thumb/v7e-m+fp/hard\libc_nano.a(lib_a-stdio.o)
                0x00000000080091a8                __sread
 .text.__swrite
                0x00000000080091ca       0x38 c:/stm32cubeide_1.9.0/stm32cubeide/plugins/com.st.stm32cube.ide.mcu.externaltools.gnu-tools-for-stm32.10.3-2021.10.win32_1.0.0.202111181127/tools/bin/../lib/gcc/arm-none-eabi/10.3.1/../../../../arm-none-eabi/lib/thumb/v7e-m+fp/hard\libc_nano.a(lib_a-stdio.o)
                0x00000000080091ca                __swrite
 .text.__sseek  0x0000000008009202       0x24 c:/stm32cubeide_1.9.0/stm32cubeide/plugins/com.st.stm32cube.ide.mcu.externaltools.gnu-tools-for-stm32.10.3-2021.10.win32_1.0.0.202111181127/tools/bin/../lib/gcc/arm-none-eabi/10.3.1/../../../../arm-none-eabi/lib/thumb/v7e-m+fp/hard\libc_nano.a(lib_a-stdio.o)
                0x0000000008009202                __sseek
 .text.__sclose
                0x0000000008009226        0x8 c:/stm32cubeide_1.9.0/stm32cubeide/plugins/com.st.stm32cube.ide.mcu.externaltools.gnu-tools-for-stm32.10.3-2021.10.win32_1.0.0.202111181127/tools/bin/../lib/gcc/arm-none-eabi/10.3.1/../../../../arm-none-eabi/lib/thumb/v7e-m+fp/hard\libc_nano.a(lib_a-stdio.o)
                0x0000000008009226                __sclose
 *fill*         0x000000000800922e        0x2 
 .text.__swbuf_r
                0x0000000008009230       0xa4 c:/stm32cubeide_1.9.0/stm32cubeide/plugins/com.st.stm32cube.ide.mcu.externaltools.gnu-tools-for-stm32.10.3-2021.10.win32_1.0.0.202111181127/tools/bin/../lib/gcc/arm-none-eabi/10.3.1/../../../../arm-none-eabi/lib/thumb/v7e-m+fp/hard\libc_nano.a(lib_a-wbuf.o)
                0x0000000008009230                __swbuf_r
 .text._write_r
                0x00000000080092d4       0x24 c:/stm32cubeide_1.9.0/stm32cubeide/plugins/com.st.stm32cube.ide.mcu.externaltools.gnu-tools-for-stm32.10.3-2021.10.win32_1.0.0.202111181127/tools/bin/../lib/gcc/arm-none-eabi/10.3.1/../../../../arm-none-eabi/lib/thumb/v7e-m+fp/hard\libc_nano.a(lib_a-writer.o)
                0x00000000080092d4                _write_r
 .text.__swsetup_r
                0x00000000080092f8       0xdc c:/stm32cubeide_1.9.0/stm32cubeide/plugins/com.st.stm32cube.ide.mcu.externaltools.gnu-tools-for-stm32.10.3-2021.10.win32_1.0.0.202111181127/tools/bin/../lib/gcc/arm-none-eabi/10.3.1/../../../../arm-none-eabi/lib/thumb/v7e-m+fp/hard\libc_nano.a(lib_a-wsetup.o)
                0x00000000080092f8                __swsetup_r
 .text._close_r
                0x00000000080093d4       0x20 c:/stm32cubeide_1.9.0/stm32cubeide/plugins/com.st.stm32cube.ide.mcu.externaltools.gnu-tools-for-stm32.10.3-2021.10.win32_1.0.0.202111181127/tools/bin/../lib/gcc/arm-none-eabi/10.3.1/../../../../arm-none-eabi/lib/thumb/v7e-m+fp/hard\libc_nano.a(lib_a-closer.o)
                0x00000000080093d4                _close_r
 .text.__sflush_r
                0x00000000080093f4      0x10c c:/stm32cubeide_1.9.0/stm32cubeide/plugins/com.st.stm32cube.ide.mcu.externaltools.gnu-tools-for-stm32.10.3-2021.10.win32_1.0.0.202111181127/tools/bin/../lib/gcc/arm-none-eabi/10.3.1/../../../../arm-none-eabi/lib/thumb/v7e-m+fp/hard\libc_nano.a(lib_a-fflush.o)
                0x00000000080093f4                __sflush_r
 .text._fflush_r
                0x0000000008009500       0x78 c:/stm32cubeide_1.9.0/stm32cubeide/plugins/com.st.stm32cube.ide.mcu.externaltools.gnu-tools-for-stm32.10.3-2021.10.win32_1.0.0.202111181127/tools/bin/../lib/gcc/arm-none-eabi/10.3.1/../../../../arm-none-eabi/lib/thumb/v7e-m+fp/hard\libc_nano.a(lib_a-fflush.o)
                0x0000000008009500                _fflush_r
 .text._lseek_r
                0x0000000008009578       0x24 c:/stm32cubeide_1.9.0/stm32cubeide/plugins/com.st.stm32cube.ide.mcu.externaltools.gnu-tools-for-stm32.10.3-2021.10.win32_1.0.0.202111181127/tools/bin/../lib/gcc/arm-none-eabi/10.3.1/../../../../arm-none-eabi/lib/thumb/v7e-m+fp/hard\libc_nano.a(lib_a-lseekr.o)
                0x0000000008009578                _lseek_r
 .text.__swhatbuf_r
                0x000000000800959c       0x4a c:/stm32cubeide_1.9.0/stm32cubeide/plugins/com.st.stm32cube.ide.mcu.externaltools.gnu-tools-for-stm32.10.3-2021.10.win32_1.0.0.202111181127/tools/bin/../lib/gcc/arm-none-eabi/10.3.1/../../../../arm-none-eabi/lib/thumb/v7e-m+fp/hard\libc_nano.a(lib_a-makebuf.o)
                0x000000000800959c                __swhatbuf_r
 *fill*         0x00000000080095e6        0x2 
 .text.__smakebuf_r
                0x00000000080095e8       0x80 c:/stm32cubeide_1.9.0/stm32cubeide/plugins/com.st.stm32cube.ide.mcu.externaltools.gnu-tools-for-stm32.10.3-2021.10.win32_1.0.0.202111181127/tools/bin/../lib/gcc/arm-none-eabi/10.3.1/../../../../arm-none-eabi/lib/thumb/v7e-m+fp/hard\libc_nano.a(lib_a-makebuf.o)
                0x00000000080095e8                __smakebuf_r
 .text.__malloc_lock
                0x0000000008009668        0xc c:/stm32cubeide_1.9.0/stm32cubeide/plugins/com.st.stm32cube.ide.mcu.externaltools.gnu-tools-for-stm32.10.3-2021.10.win32_1.0.0.202111181127/tools/bin/../lib/gcc/arm-none-eabi/10.3.1/../../../../arm-none-eabi/lib/thumb/v7e-m+fp/hard\libc_nano.a(lib_a-mlock.o)
                0x0000000008009668                __malloc_lock
 .text.__malloc_unlock
                0x0000000008009674        0xc c:/stm32cubeide_1.9.0/stm32cubeide/plugins/com.st.stm32cube.ide.mcu.externaltools.gnu-tools-for-stm32.10.3-2021.10.win32_1.0.0.202111181127/tools/bin/../lib/gcc/arm-none-eabi/10.3.1/../../../../arm-none-eabi/lib/thumb/v7e-m+fp/hard\libc_nano.a(lib_a-mlock.o)
                0x0000000008009674                __malloc_unlock
 .text._free_r  0x0000000008009680       0x98 c:/stm32cubeide_1.9.0/stm32cubeide/plugins/com.st.stm32cube.ide.mcu.externaltools.gnu-tools-for-stm32.10.3-2021.10.win32_1.0.0.202111181127/tools/bin/../lib/gcc/arm-none-eabi/10.3.1/../../../../arm-none-eabi/lib/thumb/v7e-m+fp/hard\libc_nano.a(lib_a-nano-freer.o)
                0x0000000008009680                _free_r
 .text._read_r  0x0000000008009718       0x24 c:/stm32cubeide_1.9.0/stm32cubeide/plugins/com.st.stm32cube.ide.mcu.externaltools.gnu-tools-for-stm32.10.3-2021.10.win32_1.0.0.202111181127/tools/bin/../lib/gcc/arm-none-eabi/10.3.1/../../../../arm-none-eabi/lib/thumb/v7e-m+fp/hard\libc_nano.a(lib_a-readr.o)
                0x0000000008009718                _read_r
 .text._fstat_r
                0x000000000800973c       0x24 c:/stm32cubeide_1.9.0/stm32cubeide/plugins/com.st.stm32cube.ide.mcu.externaltools.gnu-tools-for-stm32.10.3-2021.10.win32_1.0.0.202111181127/tools/bin/../lib/gcc/arm-none-eabi/10.3.1/../../../../arm-none-eabi/lib/thumb/v7e-m+fp/hard\libc_nano.a(lib_a-fstatr.o)
                0x000000000800973c                _fstat_r
 .text._isatty_r
                0x0000000008009760       0x20 c:/stm32cubeide_1.9.0/stm32cubeide/plugins/com.st.stm32cube.ide.mcu.externaltools.gnu-tools-for-stm32.10.3-2021.10.win32_1.0.0.202111181127/tools/bin/../lib/gcc/arm-none-eabi/10.3.1/../../../../arm-none-eabi/lib/thumb/v7e-m+fp/hard\libc_nano.a(lib_a-isattyr.o)
                0x0000000008009760                _isatty_r
 *(.glue_7)
 .glue_7        0x0000000008009780        0x0 linker stubs
 *(.glue_7t)
 .glue_7t       0x0000000008009780        0x0 linker stubs
 *(.eh_frame)
 .eh_frame      0x0000000008009780        0x0 c:/stm32cubeide_1.9.0/stm32cubeide/plugins/com.st.stm32cube.ide.mcu.externaltools.gnu-tools-for-stm32.10.3-2021.10.win32_1.0.0.202111181127/tools/bin/../lib/gcc/arm-none-eabi/10.3.1/thumb/v7e-m+fp/hard/crtbegin.o
 *(.init)
 .init          0x0000000008009780        0x4 c:/stm32cubeide_1.9.0/stm32cubeide/plugins/com.st.stm32cube.ide.mcu.externaltools.gnu-tools-for-stm32.10.3-2021.10.win32_1.0.0.202111181127/tools/bin/../lib/gcc/arm-none-eabi/10.3.1/thumb/v7e-m+fp/hard/crti.o
                0x0000000008009780                _init
 .init          0x0000000008009784        0x8 c:/stm32cubeide_1.9.0/stm32cubeide/plugins/com.st.stm32cube.ide.mcu.externaltools.gnu-tools-for-stm32.10.3-2021.10.win32_1.0.0.202111181127/tools/bin/../lib/gcc/arm-none-eabi/10.3.1/thumb/v7e-m+fp/hard/crtn.o
 *(.fini)
 .fini          0x000000000800978c        0x4 c:/stm32cubeide_1.9.0/stm32cubeide/plugins/com.st.stm32cube.ide.mcu.externaltools.gnu-tools-for-stm32.10.3-2021.10.win32_1.0.0.202111181127/tools/bin/../lib/gcc/arm-none-eabi/10.3.1/thumb/v7e-m+fp/hard/crti.o
                0x000000000800978c                _fini
 .fini          0x0000000008009790        0x8 c:/stm32cubeide_1.9.0/stm32cubeide/plugins/com.st.stm32cube.ide.mcu.externaltools.gnu-tools-for-stm32.10.3-2021.10.win32_1.0.0.202111181127/tools/bin/../lib/gcc/arm-none-eabi/10.3.1/thumb/v7e-m+fp/hard/crtn.o
                0x0000000008009798                . = ALIGN (0x4)
                0x0000000008009798                _etext = .

.vfp11_veneer   0x0000000008009798        0x0
 .vfp11_veneer  0x0000000008009798        0x0 linker stubs

.v4_bx          0x0000000008009798        0x0
 .v4_bx         0x0000000008009798        0x0 linker stubs

.iplt           0x0000000008009798        0x0
 .iplt          0x0000000008009798        0x0 c:/stm32cubeide_1.9.0/stm32cubeide/plugins/com.st.stm32cube.ide.mcu.externaltools.gnu-tools-for-stm32.10.3-2021.10.win32_1.0.0.202111181127/tools/bin/../lib/gcc/arm-none-eabi/10.3.1/thumb/v7e-m+fp/hard/crtbegin.o

.rodata         0x0000000008009798      0x384
                0x0000000008009798                . = ALIGN (0x4)
 *(.rodata)
 .rodata        0x0000000008009798      0x300 ./Core/Src/freertos.o
 .rodata        0x0000000008009a98        0x5 ./Middlewares/Third_Party/FreeRTOS/Source/tasks.o
 *(.rodata*)
 *fill*         0x0000000008009a9d        0x3 
 .rodata.AHBPrescTable
                0x0000000008009aa0       0x10 ./Core/Src/system_stm32f4xx.o
                0x0000000008009aa0                AHBPrescTable
 .rodata.APBPrescTable
                0x0000000008009ab0        0x8 ./Core/Src/system_stm32f4xx.o
                0x0000000008009ab0                APBPrescTable
 .rodata.__sf_fake_stderr
                0x0000000008009ab8       0x20 c:/stm32cubeide_1.9.0/stm32cubeide/plugins/com.st.stm32cube.ide.mcu.externaltools.gnu-tools-for-stm32.10.3-2021.10.win32_1.0.0.202111181127/tools/bin/../lib/gcc/arm-none-eabi/10.3.1/../../../../arm-none-eabi/lib/thumb/v7e-m+fp/hard\libc_nano.a(lib_a-findfp.o)
                0x0000000008009ab8                __sf_fake_stderr
 .rodata.__sf_fake_stdin
                0x0000000008009ad8       0x20 c:/stm32cubeide_1.9.0/stm32cubeide/plugins/com.st.stm32cube.ide.mcu.externaltools.gnu-tools-for-stm32.10.3-2021.10.win32_1.0.0.202111181127/tools/bin/../lib/gcc/arm-none-eabi/10.3.1/../../../../arm-none-eabi/lib/thumb/v7e-m+fp/hard\libc_nano.a(lib_a-findfp.o)
                0x0000000008009ad8                __sf_fake_stdin
 .rodata.__sf_fake_stdout
                0x0000000008009af8       0x20 c:/stm32cubeide_1.9.0/stm32cubeide/plugins/com.st.stm32cube.ide.mcu.externaltools.gnu-tools-for-stm32.10.3-2021.10.win32_1.0.0.202111181127/tools/bin/../lib/gcc/arm-none-eabi/10.3.1/../../../../arm-none-eabi/lib/thumb/v7e-m+fp/hard\libc_nano.a(lib_a-findfp.o)
                0x0000000008009af8                __sf_fake_stdout
 .rodata._global_impure_ptr
                0x0000000008009b18        0x4 c:/stm32cubeide_1.9.0/stm32cubeide/plugins/com.st.stm32cube.ide.mcu.externaltools.gnu-tools-for-stm32.10.3-2021.10.win32_1.0.0.202111181127/tools/bin/../lib/gcc/arm-none-eabi/10.3.1/../../../../arm-none-eabi/lib/thumb/v7e-m+fp/hard\libc_nano.a(lib_a-impure.o)
                0x0000000008009b18                _global_impure_ptr
                0x0000000008009b1c                . = ALIGN (0x4)

.ARM.extab      0x0000000008009b1c        0x0
                0x0000000008009b1c                . = ALIGN (0x4)
 *(.ARM.extab* .gnu.linkonce.armextab.*)
                0x0000000008009b1c                . = ALIGN (0x4)

.ARM            0x0000000008009b1c        0x8
                0x0000000008009b1c                . = ALIGN (0x4)
                0x0000000008009b1c                __exidx_start = .
 *(.ARM.exidx*)
 .ARM.exidx     0x0000000008009b1c        0x8 c:/stm32cubeide_1.9.0/stm32cubeide/plugins/com.st.stm32cube.ide.mcu.externaltools.gnu-tools-for-stm32.10.3-2021.10.win32_1.0.0.202111181127/tools/bin/../lib/gcc/arm-none-eabi/10.3.1/thumb/v7e-m+fp/hard\libgcc.a(_udivmoddi4.o)
                0x0000000008009b24                __exidx_end = .
                0x0000000008009b24                . = ALIGN (0x4)

.rel.dyn        0x0000000008009b24        0x0
 .rel.iplt      0x0000000008009b24        0x0 c:/stm32cubeide_1.9.0/stm32cubeide/plugins/com.st.stm32cube.ide.mcu.externaltools.gnu-tools-for-stm32.10.3-2021.10.win32_1.0.0.202111181127/tools/bin/../lib/gcc/arm-none-eabi/10.3.1/thumb/v7e-m+fp/hard/crtbegin.o

.preinit_array  0x0000000008009b24        0x0
                0x0000000008009b24                . = ALIGN (0x4)
                0x0000000008009b24                PROVIDE (__preinit_array_start = .)
 *(.preinit_array*)
                0x0000000008009b24                PROVIDE (__preinit_array_end = .)
                0x0000000008009b24                . = ALIGN (0x4)

.init_array     0x0000000008009b24        0x4
                0x0000000008009b24                . = ALIGN (0x4)
                0x0000000008009b24                PROVIDE (__init_array_start = .)
 *(SORT_BY_NAME(.init_array.*))
 *(.init_array*)
 .init_array    0x0000000008009b24        0x4 c:/stm32cubeide_1.9.0/stm32cubeide/plugins/com.st.stm32cube.ide.mcu.externaltools.gnu-tools-for-stm32.10.3-2021.10.win32_1.0.0.202111181127/tools/bin/../lib/gcc/arm-none-eabi/10.3.1/thumb/v7e-m+fp/hard/crtbegin.o
                0x0000000008009b28                PROVIDE (__init_array_end = .)
                0x0000000008009b28                . = ALIGN (0x4)

.fini_array     0x0000000008009b28        0x4
                0x0000000008009b28                . = ALIGN (0x4)
                [!provide]                        PROVIDE (__fini_array_start = .)
 *(SORT_BY_NAME(.fini_array.*))
 *(.fini_array*)
 .fini_array    0x0000000008009b28        0x4 c:/stm32cubeide_1.9.0/stm32cubeide/plugins/com.st.stm32cube.ide.mcu.externaltools.gnu-tools-for-stm32.10.3-2021.10.win32_1.0.0.202111181127/tools/bin/../lib/gcc/arm-none-eabi/10.3.1/thumb/v7e-m+fp/hard/crtbegin.o
                [!provide]                        PROVIDE (__fini_array_end = .)
                0x0000000008009b2c                . = ALIGN (0x4)
                0x0000000008009b2c                _sidata = LOADADDR (.data)

.data           0x0000000020000000       0x74 load address 0x0000000008009b2c
                0x0000000020000000                . = ALIGN (0x4)
                0x0000000020000000                _sdata = .
 *(.data)
 *(.data*)
 .data.SystemCoreClock
                0x0000000020000000        0x4 ./Core/Src/system_stm32f4xx.o
                0x0000000020000000                SystemCoreClock
 .data.uwTickPrio
                0x0000000020000004        0x4 ./Drivers/STM32F4xx_HAL_Driver/Src/stm32f4xx_hal.o
                0x0000000020000004                uwTickPrio
 .data.uwTickFreq
                0x0000000020000008        0x1 ./Drivers/STM32F4xx_HAL_Driver/Src/stm32f4xx_hal.o
                0x0000000020000008                uwTickFreq
 *fill*         0x0000000020000009        0x3 
 .data.uxCriticalNesting
                0x000000002000000c        0x4 ./Middlewares/Third_Party/FreeRTOS/Source/portable/GCC/ARM_CM4F/port.o
 .data._impure_ptr
                0x0000000020000010        0x4 c:/stm32cubeide_1.9.0/stm32cubeide/plugins/com.st.stm32cube.ide.mcu.externaltools.gnu-tools-for-stm32.10.3-2021.10.win32_1.0.0.202111181127/tools/bin/../lib/gcc/arm-none-eabi/10.3.1/../../../../arm-none-eabi/lib/thumb/v7e-m+fp/hard\libc_nano.a(lib_a-impure.o)
                0x0000000020000010                _impure_ptr
 .data.impure_data
                0x0000000020000014       0x60 c:/stm32cubeide_1.9.0/stm32cubeide/plugins/com.st.stm32cube.ide.mcu.externaltools.gnu-tools-for-stm32.10.3-2021.10.win32_1.0.0.202111181127/tools/bin/../lib/gcc/arm-none-eabi/10.3.1/../../../../arm-none-eabi/lib/thumb/v7e-m+fp/hard\libc_nano.a(lib_a-impure.o)
 *(.RamFunc)
 *(.RamFunc*)
                0x0000000020000074                . = ALIGN (0x4)
                0x0000000020000074                _edata = .
                0x0000000008009ba0                _siccmram = LOADADDR (.ccmram)

.igot.plt       0x0000000020000074        0x0 load address 0x0000000008009ba0
 .igot.plt      0x0000000020000074        0x0 c:/stm32cubeide_1.9.0/stm32cubeide/plugins/com.st.stm32cube.ide.mcu.externaltools.gnu-tools-for-stm32.10.3-2021.10.win32_1.0.0.202111181127/tools/bin/../lib/gcc/arm-none-eabi/10.3.1/thumb/v7e-m+fp/hard/crtbegin.o

.ccmram         0x0000000010000000        0x0 load address 0x0000000008009ba0
                0x0000000010000000                . = ALIGN (0x4)
                0x0000000010000000                _sccmram = .
 *(.ccmram)
 *(.ccmram*)
                0x0000000010000000                . = ALIGN (0x4)
                0x0000000010000000                _eccmram = .
                0x0000000010000000                . = ALIGN (0x4)

.bss            0x0000000020000074     0x4400
                0x0000000020000074                _sbss = .
                0x0000000020000074                __bss_start__ = _sbss
 *(.bss)
 .bss           0x0000000020000074       0x1c c:/stm32cubeide_1.9.0/stm32cubeide/plugins/com.st.stm32cube.ide.mcu.externaltools.gnu-tools-for-stm32.10.3-2021.10.win32_1.0.0.202111181127/tools/bin/../lib/gcc/arm-none-eabi/10.3.1/thumb/v7e-m+fp/hard/crtbegin.o
 *(.bss*)
 .bss.Task1Handle
                0x0000000020000090        0x4 ./Core/Src/freertos.o
                0x0000000020000090                Task1Handle
 .bss.Task2Handle
                0x0000000020000094        0x4 ./Core/Src/freertos.o
                0x0000000020000094                Task2Handle
 .bss.temp_count
                0x0000000020000098       0x10 ./Core/Src/freertos.o
                0x0000000020000098                temp_count
 .bss.HS_SR04_Left_Checking
                0x00000000200000a8        0x4 ./Core/Src/freertos.o
                0x00000000200000a8                HS_SR04_Left_Checking
 .bss.HS_SR04_Front_Checking
                0x00000000200000ac        0x4 ./Core/Src/freertos.o
                0x00000000200000ac                HS_SR04_Front_Checking
 .bss.HS_SR04_Right_Checking
                0x00000000200000b0        0x4 ./Core/Src/freertos.o
                0x00000000200000b0                HS_SR04_Right_Checking
 .bss.HS_SR04_Left_Handle
                0x00000000200000b4        0x4 ./Core/Src/freertos.o
                0x00000000200000b4                HS_SR04_Left_Handle
 .bss.HS_SR04_Front_Handle
                0x00000000200000b8        0x4 ./Core/Src/freertos.o
                0x00000000200000b8                HS_SR04_Front_Handle
 .bss.HS_SR04_Right_Handle
                0x00000000200000bc        0x4 ./Core/Src/freertos.o
                0x00000000200000bc                HS_SR04_Right_Handle
 .bss.rx_data   0x00000000200000c0        0x2 ./Core/Src/freertos.o
                0x00000000200000c0                rx_data
 *fill*         0x00000000200000c2        0x2 
 .bss.defaultTaskHandle
                0x00000000200000c4        0x4 ./Core/Src/freertos.o
                0x00000000200000c4                defaultTaskHandle
 .bss.UartQueueHandle
                0x00000000200000c8        0x4 ./Core/Src/freertos.o
                0x00000000200000c8                UartQueueHandle
 .bss.UartSemaHandle
                0x00000000200000cc        0x4 ./Core/Src/freertos.o
                0x00000000200000cc                UartSemaHandle
 .bss.xIdleTaskTCBBuffer
                0x00000000200000d0       0xb4 ./Core/Src/freertos.o
 .bss.xIdleStack
                0x0000000020000184      0x200 ./Core/Src/freertos.o
 .bss.IC_Val1   0x0000000020000384        0xc ./Core/Src/hcsr04.o
                0x0000000020000384                IC_Val1
 .bss.IC_Val2   0x0000000020000390        0xc ./Core/Src/hcsr04.o
                0x0000000020000390                IC_Val2
 .bss.Difference
                0x000000002000039c        0xc ./Core/Src/hcsr04.o
                0x000000002000039c                Difference
 .bss.Distance  0x00000000200003a8        0xc ./Core/Src/hcsr04.o
                0x00000000200003a8                Distance
 .bss.Is_First_Captured
                0x00000000200003b4        0xc ./Core/Src/hcsr04.o
                0x00000000200003b4                Is_First_Captured
 .bss.hi2c1     0x00000000200003c0       0x54 ./Core/Src/i2c.o
                0x00000000200003c0                hi2c1
 .bss.odo_flag  0x0000000020000414        0x4 ./Core/Src/motor.o
                0x0000000020000414                odo_flag
 .bss.odo_count
                0x0000000020000418       0x10 ./Core/Src/motor.o
                0x0000000020000418                odo_count
 .bss.hrtc      0x0000000020000428       0x20 ./Core/Src/rtc.o
                0x0000000020000428                hrtc
 .bss.htim5     0x0000000020000448       0x48 ./Core/Src/stm32f4xx_hal_timebase_tim.o
                0x0000000020000448                htim5
 .bss.__sbrk_heap_end
                0x0000000020000490        0x4 ./Core/Src/sysmem.o
 .bss.htim1     0x0000000020000494       0x48 ./Core/Src/tim.o
                0x0000000020000494                htim1
 .bss.htim2     0x00000000200004dc       0x48 ./Core/Src/tim.o
                0x00000000200004dc                htim2
 .bss.htim3     0x0000000020000524       0x48 ./Core/Src/tim.o
                0x0000000020000524                htim3
 .bss.htim4     0x000000002000056c       0x48 ./Core/Src/tim.o
                0x000000002000056c                htim4
 .bss.htim8     0x00000000200005b4       0x48 ./Core/Src/tim.o
                0x00000000200005b4                htim8
 .bss.huart7    0x00000000200005fc       0x44 ./Core/Src/usart.o
                0x00000000200005fc                huart7
 .bss.huart2    0x0000000020000640       0x44 ./Core/Src/usart.o
                0x0000000020000640                huart2
 .bss.huart3    0x0000000020000684       0x44 ./Core/Src/usart.o
                0x0000000020000684                huart3
 .bss.huart6    0x00000000200006c8       0x44 ./Core/Src/usart.o
                0x00000000200006c8                huart6
 .bss.uwTick    0x000000002000070c        0x4 ./Drivers/STM32F4xx_HAL_Driver/Src/stm32f4xx_hal.o
                0x000000002000070c                uwTick
 .bss.pxCurrentTCB
                0x0000000020000710        0x4 ./Middlewares/Third_Party/FreeRTOS/Source/tasks.o
                0x0000000020000710                pxCurrentTCB
 .bss.pxReadyTasksLists
                0x0000000020000714       0x8c ./Middlewares/Third_Party/FreeRTOS/Source/tasks.o
 .bss.xDelayedTaskList1
                0x00000000200007a0       0x14 ./Middlewares/Third_Party/FreeRTOS/Source/tasks.o
 .bss.xDelayedTaskList2
                0x00000000200007b4       0x14 ./Middlewares/Third_Party/FreeRTOS/Source/tasks.o
 .bss.pxDelayedTaskList
                0x00000000200007c8        0x4 ./Middlewares/Third_Party/FreeRTOS/Source/tasks.o
 .bss.pxOverflowDelayedTaskList
                0x00000000200007cc        0x4 ./Middlewares/Third_Party/FreeRTOS/Source/tasks.o
 .bss.xPendingReadyList
                0x00000000200007d0       0x14 ./Middlewares/Third_Party/FreeRTOS/Source/tasks.o
 .bss.xTasksWaitingTermination
                0x00000000200007e4       0x14 ./Middlewares/Third_Party/FreeRTOS/Source/tasks.o
 .bss.uxDeletedTasksWaitingCleanUp
                0x00000000200007f8        0x4 ./Middlewares/Third_Party/FreeRTOS/Source/tasks.o
 .bss.xSuspendedTaskList
                0x00000000200007fc       0x14 ./Middlewares/Third_Party/FreeRTOS/Source/tasks.o
 .bss.uxCurrentNumberOfTasks
                0x0000000020000810        0x4 ./Middlewares/Third_Party/FreeRTOS/Source/tasks.o
 .bss.xTickCount
                0x0000000020000814        0x4 ./Middlewares/Third_Party/FreeRTOS/Source/tasks.o
 .bss.uxTopReadyPriority
                0x0000000020000818        0x4 ./Middlewares/Third_Party/FreeRTOS/Source/tasks.o
 .bss.xSchedulerRunning
                0x000000002000081c        0x4 ./Middlewares/Third_Party/FreeRTOS/Source/tasks.o
 .bss.xPendedTicks
                0x0000000020000820        0x4 ./Middlewares/Third_Party/FreeRTOS/Source/tasks.o
 .bss.xYieldPending
                0x0000000020000824        0x4 ./Middlewares/Third_Party/FreeRTOS/Source/tasks.o
 .bss.xNumOfOverflows
                0x0000000020000828        0x4 ./Middlewares/Third_Party/FreeRTOS/Source/tasks.o
 .bss.uxTaskNumber
                0x000000002000082c        0x4 ./Middlewares/Third_Party/FreeRTOS/Source/tasks.o
 .bss.xNextTaskUnblockTime
                0x0000000020000830        0x4 ./Middlewares/Third_Party/FreeRTOS/Source/tasks.o
 .bss.xIdleTaskHandle
                0x0000000020000834        0x4 ./Middlewares/Third_Party/FreeRTOS/Source/tasks.o
 .bss.uxSchedulerSuspended
                0x0000000020000838        0x4 ./Middlewares/Third_Party/FreeRTOS/Source/tasks.o
 .bss.ucMaxSysCallPriority
                0x000000002000083c        0x1 ./Middlewares/Third_Party/FreeRTOS/Source/portable/GCC/ARM_CM4F/port.o
 *fill*         0x000000002000083d        0x3 
 .bss.ulMaxPRIGROUPValue
                0x0000000020000840        0x4 ./Middlewares/Third_Party/FreeRTOS/Source/portable/GCC/ARM_CM4F/port.o
 .bss.ucHeap    0x0000000020000844     0x3c00 ./Middlewares/Third_Party/FreeRTOS/Source/portable/MemMang/heap_4.o
 .bss.xStart    0x0000000020004444        0x8 ./Middlewares/Third_Party/FreeRTOS/Source/portable/MemMang/heap_4.o
 .bss.pxEnd     0x000000002000444c        0x4 ./Middlewares/Third_Party/FreeRTOS/Source/portable/MemMang/heap_4.o
 .bss.xFreeBytesRemaining
                0x0000000020004450        0x4 ./Middlewares/Third_Party/FreeRTOS/Source/portable/MemMang/heap_4.o
 .bss.xMinimumEverFreeBytesRemaining
                0x0000000020004454        0x4 ./Middlewares/Third_Party/FreeRTOS/Source/portable/MemMang/heap_4.o
 .bss.xNumberOfSuccessfulAllocations
                0x0000000020004458        0x4 ./Middlewares/Third_Party/FreeRTOS/Source/portable/MemMang/heap_4.o
 .bss.xNumberOfSuccessfulFrees
                0x000000002000445c        0x4 ./Middlewares/Third_Party/FreeRTOS/Source/portable/MemMang/heap_4.o
 .bss.xBlockAllocatedBit
                0x0000000020004460        0x4 ./Middlewares/Third_Party/FreeRTOS/Source/portable/MemMang/heap_4.o
 .bss.__lock___malloc_recursive_mutex
                0x0000000020004464        0x1 c:/stm32cubeide_1.9.0/stm32cubeide/plugins/com.st.stm32cube.ide.mcu.externaltools.gnu-tools-for-stm32.10.3-2021.10.win32_1.0.0.202111181127/tools/bin/../lib/gcc/arm-none-eabi/10.3.1/../../../../arm-none-eabi/lib/thumb/v7e-m+fp/hard\libc_nano.a(lib_a-lock.o)
                0x0000000020004464                __lock___malloc_recursive_mutex
 .bss.__lock___sfp_recursive_mutex
                0x0000000020004465        0x1 c:/stm32cubeide_1.9.0/stm32cubeide/plugins/com.st.stm32cube.ide.mcu.externaltools.gnu-tools-for-stm32.10.3-2021.10.win32_1.0.0.202111181127/tools/bin/../lib/gcc/arm-none-eabi/10.3.1/../../../../arm-none-eabi/lib/thumb/v7e-m+fp/hard\libc_nano.a(lib_a-lock.o)
                0x0000000020004465                __lock___sfp_recursive_mutex
 .bss.__lock___sinit_recursive_mutex
                0x0000000020004466        0x1 c:/stm32cubeide_1.9.0/stm32cubeide/plugins/com.st.stm32cube.ide.mcu.externaltools.gnu-tools-for-stm32.10.3-2021.10.win32_1.0.0.202111181127/tools/bin/../lib/gcc/arm-none-eabi/10.3.1/../../../../arm-none-eabi/lib/thumb/v7e-m+fp/hard\libc_nano.a(lib_a-lock.o)
                0x0000000020004466                __lock___sinit_recursive_mutex
 *fill*         0x0000000020004467        0x1 
 .bss.__malloc_free_list
                0x0000000020004468        0x4 c:/stm32cubeide_1.9.0/stm32cubeide/plugins/com.st.stm32cube.ide.mcu.externaltools.gnu-tools-for-stm32.10.3-2021.10.win32_1.0.0.202111181127/tools/bin/../lib/gcc/arm-none-eabi/10.3.1/../../../../arm-none-eabi/lib/thumb/v7e-m+fp/hard\libc_nano.a(lib_a-nano-mallocr.o)
                0x0000000020004468                __malloc_free_list
 .bss.__malloc_sbrk_start
                0x000000002000446c        0x4 c:/stm32cubeide_1.9.0/stm32cubeide/plugins/com.st.stm32cube.ide.mcu.externaltools.gnu-tools-for-stm32.10.3-2021.10.win32_1.0.0.202111181127/tools/bin/../lib/gcc/arm-none-eabi/10.3.1/../../../../arm-none-eabi/lib/thumb/v7e-m+fp/hard\libc_nano.a(lib_a-nano-mallocr.o)
                0x000000002000446c                __malloc_sbrk_start
 .bss.errno     0x0000000020004470        0x4 c:/stm32cubeide_1.9.0/stm32cubeide/plugins/com.st.stm32cube.ide.mcu.externaltools.gnu-tools-for-stm32.10.3-2021.10.win32_1.0.0.202111181127/tools/bin/../lib/gcc/arm-none-eabi/10.3.1/../../../../arm-none-eabi/lib/thumb/v7e-m+fp/hard\libc_nano.a(lib_a-reent.o)
                0x0000000020004470                errno
 *(COMMON)
                0x0000000020004474                . = ALIGN (0x4)
                0x0000000020004474                _ebss = .
                0x0000000020004474                __bss_end__ = _ebss

._user_heap_stack
                0x0000000020004474      0x604
                0x0000000020004478                . = ALIGN (0x8)
 *fill*         0x0000000020004474        0x4 
                [!provide]                        PROVIDE (end = .)
                0x0000000020004478                PROVIDE (_end = .)
                0x0000000020004678                . = (. + _Min_Heap_Size)
 *fill*         0x0000000020004478      0x200 
                0x0000000020004a78                . = (. + _Min_Stack_Size)
 *fill*         0x0000000020004678      0x400 
                0x0000000020004a78                . = ALIGN (0x8)

/DISCARD/
 libc.a(*)
 libm.a(*)
 libgcc.a(*)

.ARM.attributes
                0x0000000000000000       0x30
 *(.ARM.attributes)
 .ARM.attributes
                0x0000000000000000       0x1e c:/stm32cubeide_1.9.0/stm32cubeide/plugins/com.st.stm32cube.ide.mcu.externaltools.gnu-tools-for-stm32.10.3-2021.10.win32_1.0.0.202111181127/tools/bin/../lib/gcc/arm-none-eabi/10.3.1/thumb/v7e-m+fp/hard/crti.o
 .ARM.attributes
                0x000000000000001e       0x34 c:/stm32cubeide_1.9.0/stm32cubeide/plugins/com.st.stm32cube.ide.mcu.externaltools.gnu-tools-for-stm32.10.3-2021.10.win32_1.0.0.202111181127/tools/bin/../lib/gcc/arm-none-eabi/10.3.1/thumb/v7e-m+fp/hard/crtbegin.o
 .ARM.attributes
                0x0000000000000052       0x34 ./Core/Src/freertos.o
 .ARM.attributes
                0x0000000000000086       0x34 ./Core/Src/gpio.o
 .ARM.attributes
                0x00000000000000ba       0x34 ./Core/Src/hcsr04.o
 .ARM.attributes
                0x00000000000000ee       0x34 ./Core/Src/i2c.o
 .ARM.attributes
                0x0000000000000122       0x34 ./Core/Src/main.o
 .ARM.attributes
                0x0000000000000156       0x34 ./Core/Src/motor.o
 .ARM.attributes
                0x000000000000018a       0x34 ./Core/Src/rtc.o
 .ARM.attributes
                0x00000000000001be       0x34 ./Core/Src/stm32f4xx_hal_msp.o
 .ARM.attributes
                0x00000000000001f2       0x34 ./Core/Src/stm32f4xx_hal_timebase_tim.o
 .ARM.attributes
                0x0000000000000226       0x34 ./Core/Src/stm32f4xx_it.o
 .ARM.attributes
                0x000000000000025a       0x34 ./Core/Src/syscalls.o
 .ARM.attributes
                0x000000000000028e       0x34 ./Core/Src/sysmem.o
 .ARM.attributes
                0x00000000000002c2       0x34 ./Core/Src/system_stm32f4xx.o
 .ARM.attributes
                0x00000000000002f6       0x34 ./Core/Src/tim.o
 .ARM.attributes
                0x000000000000032a       0x34 ./Core/Src/usart.o
 .ARM.attributes
                0x000000000000035e       0x21 ./Core/Startup/startup_stm32f429zitx.o
 .ARM.attributes
                0x000000000000037f       0x34 ./Drivers/STM32F4xx_HAL_Driver/Src/stm32f4xx_hal.o
 .ARM.attributes
                0x00000000000003b3       0x34 ./Drivers/STM32F4xx_HAL_Driver/Src/stm32f4xx_hal_cortex.o
 .ARM.attributes
                0x00000000000003e7       0x34 ./Drivers/STM32F4xx_HAL_Driver/Src/stm32f4xx_hal_dma.o
 .ARM.attributes
                0x000000000000041b       0x34 ./Drivers/STM32F4xx_HAL_Driver/Src/stm32f4xx_hal_gpio.o
 .ARM.attributes
                0x000000000000044f       0x34 ./Drivers/STM32F4xx_HAL_Driver/Src/stm32f4xx_hal_i2c.o
 .ARM.attributes
                0x0000000000000483       0x34 ./Drivers/STM32F4xx_HAL_Driver/Src/stm32f4xx_hal_i2c_ex.o
 .ARM.attributes
                0x00000000000004b7       0x34 ./Drivers/STM32F4xx_HAL_Driver/Src/stm32f4xx_hal_pwr_ex.o
 .ARM.attributes
                0x00000000000004eb       0x34 ./Drivers/STM32F4xx_HAL_Driver/Src/stm32f4xx_hal_rcc.o
 .ARM.attributes
                0x000000000000051f       0x34 ./Drivers/STM32F4xx_HAL_Driver/Src/stm32f4xx_hal_rcc_ex.o
 .ARM.attributes
                0x0000000000000553       0x34 ./Drivers/STM32F4xx_HAL_Driver/Src/stm32f4xx_hal_rtc.o
 .ARM.attributes
                0x0000000000000587       0x34 ./Drivers/STM32F4xx_HAL_Driver/Src/stm32f4xx_hal_tim.o
 .ARM.attributes
                0x00000000000005bb       0x34 ./Drivers/STM32F4xx_HAL_Driver/Src/stm32f4xx_hal_tim_ex.o
 .ARM.attributes
                0x00000000000005ef       0x34 ./Drivers/STM32F4xx_HAL_Driver/Src/stm32f4xx_hal_uart.o