Archive member included to satisfy reference by file (symbol)

c:/workplace/st/stm32cubeide_1.9.0/stm32cubeide/plugins/com.st.stm32cube.ide.mcu.externaltools.gnu-tools-for-stm32.10.3-2021.10.win32_1.0.0.202111181127/tools/bin/../lib/gcc/arm-none-eabi/10.3.1/../../../../arm-none-eabi/lib/thumb/v7e-m+fp/hard\libc_nano.a(lib_a-errno.o)
                              ./Core/Src/syscalls.o (__errno)
c:/workplace/st/stm32cubeide_1.9.0/stm32cubeide/plugins/com.st.stm32cube.ide.mcu.externaltools.gnu-tools-for-stm32.10.3-2021.10.win32_1.0.0.202111181127/tools/bin/../lib/gcc/arm-none-eabi/10.3.1/../../../../arm-none-eabi/lib/thumb/v7e-m+fp/hard\libc_nano.a(lib_a-exit.o)
                              c:/workplace/st/stm32cubeide_1.9.0/stm32cubeide/plugins/com.st.stm32cube.ide.mcu.externaltools.gnu-tools-for-stm32.10.3-2021.10.win32_1.0.0.202111181127/tools/bin/../lib/gcc/arm-none-eabi/10.3.1/../../../../arm-none-eabi/lib/thumb/v7e-m+fp/hard/crt0.o (exit)
c:/workplace/st/stm32cubeide_1.9.0/stm32cubeide/plugins/com.st.stm32cube.ide.mcu.externaltools.gnu-tools-for-stm32.10.3-2021.10.win32_1.0.0.202111181127/tools/bin/../lib/gcc/arm-none-eabi/10.3.1/../../../../arm-none-eabi/lib/thumb/v7e-m+fp/hard\libc_nano.a(lib_a-findfp.o)
                              ./Middlewares/Third_Party/FreeRTOS/Source/tasks.o (__sf_fake_stderr)
c:/workplace/st/stm32cubeide_1.9.0/stm32cubeide/plugins/com.st.stm32cube.ide.mcu.externaltools.gnu-tools-for-stm32.10.3-2021.10.win32_1.0.0.202111181127/tools/bin/../lib/gcc/arm-none-eabi/10.3.1/../../../../arm-none-eabi/lib/thumb/v7e-m+fp/hard\libc_nano.a(lib_a-fwalk.o)
                              c:/workplace/st/stm32cubeide_1.9.0/stm32cubeide/plugins/com.st.stm32cube.ide.mcu.externaltools.gnu-tools-for-stm32.10.3-2021.10.win32_1.0.0.202111181127/tools/bin/../lib/gcc/arm-none-eabi/10.3.1/../../../../arm-none-eabi/lib/thumb/v7e-m+fp/hard\libc_nano.a(lib_a-findfp.o) (_fwalk)
c:/workplace/st/stm32cubeide_1.9.0/stm32cubeide/plugins/com.st.stm32cube.ide.mcu.externaltools.gnu-tools-for-stm32.10.3-2021.10.win32_1.0.0.202111181127/tools/bin/../lib/gcc/arm-none-eabi/10.3.1/../../../../arm-none-eabi/lib/thumb/v7e-m+fp/hard\libc_nano.a(lib_a-impure.o)
                              c:/workplace/st/stm32cubeide_1.9.0/stm32cubeide/plugins/com.st.stm32cube.ide.mcu.externaltools.gnu-tools-for-stm32.10.3-2021.10.win32_1.0.0.202111181127/tools/bin/../lib/gcc/arm-none-eabi/10.3.1/../../../../arm-none-eabi/lib/thumb/v7e-m+fp/hard\libc_nano.a(lib_a-exit.o) (_global_impure_ptr)
c:/workplace/st/stm32cubeide_1.9.0/stm32cubeide/plugins/com.st.stm32cube.ide.mcu.externaltools.gnu-tools-for-stm32.10.3-2021.10.win32_1.0.0.202111181127/tools/bin/../lib/gcc/arm-none-eabi/10.3.1/../../../../arm-none-eabi/lib/thumb/v7e-m+fp/hard\libc_nano.a(lib_a-init.o)
                              c:/workplace/st/stm32cubeide_1.9.0/stm32cubeide/plugins/com.st.stm32cube.ide.mcu.externaltools.gnu-tools-for-stm32.10.3-2021.10.win32_1.0.0.202111181127/tools/bin/../lib/gcc/arm-none-eabi/10.3.1/../../../../arm-none-eabi/lib/thumb/v7e-m+fp/hard/crt0.o (__libc_init_array)
c:/workplace/st/stm32cubeide_1.9.0/stm32cubeide/plugins/com.st.stm32cube.ide.mcu.externaltools.gnu-tools-for-stm32.10.3-2021.10.win32_1.0.0.202111181127/tools/bin/../lib/gcc/arm-none-eabi/10.3.1/../../../../arm-none-eabi/lib/thumb/v7e-m+fp/hard\libc_nano.a(lib_a-lock.o)
                              c:/workplace/st/stm32cubeide_1.9.0/stm32cubeide/plugins/com.st.stm32cube.ide.mcu.externaltools.gnu-tools-for-stm32.10.3-2021.10.win32_1.0.0.202111181127/tools/bin/../lib/gcc/arm-none-eabi/10.3.1/../../../../arm-none-eabi/lib/thumb/v7e-m+fp/hard\libc_nano.a(lib_a-findfp.o) (__retarget_lock_init_recursive)
c:/workplace/st/stm32cubeide_1.9.0/stm32cubeide/plugins/com.st.stm32cube.ide.mcu.externaltools.gnu-tools-for-stm32.10.3-2021.10.win32_1.0.0.202111181127/tools/bin/../lib/gcc/arm-none-eabi/10.3.1/../../../../arm-none-eabi/lib/thumb/v7e-m+fp/hard\libc_nano.a(lib_a-memcpy-stub.o)
                              ./Middlewares/Third_Party/FreeRTOS/Source/queue.o (memcpy)
c:/workplace/st/stm32cubeide_1.9.0/stm32cubeide/plugins/com.st.stm32cube.ide.mcu.externaltools.gnu-tools-for-stm32.10.3-2021.10.win32_1.0.0.202111181127/tools/bin/../lib/gcc/arm-none-eabi/10.3.1/../../../../arm-none-eabi/lib/thumb/v7e-m+fp/hard\libc_nano.a(lib_a-memset.o)
                              c:/workplace/st/stm32cubeide_1.9.0/stm32cubeide/plugins/com.st.stm32cube.ide.mcu.externaltools.gnu-tools-for-stm32.10.3-2021.10.win32_1.0.0.202111181127/tools/bin/../lib/gcc/arm-none-eabi/10.3.1/../../../../arm-none-eabi/lib/thumb/v7e-m+fp/hard/crt0.o (memset)
c:/workplace/st/stm32cubeide_1.9.0/stm32cubeide/plugins/com.st.stm32cube.ide.mcu.externaltools.gnu-tools-for-stm32.10.3-2021.10.win32_1.0.0.202111181127/tools/bin/../lib/gcc/arm-none-eabi/10.3.1/../../../../arm-none-eabi/lib/thumb/v7e-m+fp/hard\libc_nano.a(lib_a-nano-mallocr.o)
[...]
Memory Configuration

Name             Origin             Length             Attributes
CCMRAM           0x0000000010000000 0x0000000000010000 xrw
RAM              0x0000000020000000 0x0000000000030000 xrw
FLASH            0x0000000008000000 0x0000000000200000 xr
*default*        0x0000000000000000 0xffffffffffffffff

Linker script and memory map

LOAD c:/workplace/st/stm32cubeide_1.9.0/stm32cubeide/plugins/com.st.stm32cube.ide.mcu.externaltools.gnu-tools-for-stm32.10.3-2021.10.win32_1.0.0.202111181127/tools/bin/../lib/gcc/arm-none-eabi/10.3.1/thumb/v7e-m+fp/hard/crti.o
LOAD c:/workplace/st/stm32cubeide_1.9.0/stm32cubeide/plugins/com.st.stm32cube.ide.mcu.externaltools.gnu-tools-for-stm32.10.3-2021.10.win32_1.0.0.202111181127/tools/bin/../lib/gcc/arm-none-eabi/10.3.1/thumb/v7e-m+fp/hard/crtbegin.o
LOAD c:/workplace/st/stm32cubeide_1.9.0/stm32cubeide/plugins/com.st.stm32cube.ide.mcu.externaltools.gnu-tools-for-stm32.10.3-2021.10.win32_1.0.0.202111181127/tools/bin/../lib/gcc/arm-none-eabi/10.3.1/../../../../arm-none-eabi/lib/thumb/v7e-m+fp/hard/crt0.o
LOAD ./Core/Src/freertos.o
LOAD ./Core/Src/gpio.o
LOAD ./Core/Src/hcsr04.o
LOAD ./Core/Src/i2c.o
LOAD ./Core/Src/main.o
LOAD ./Core/Src/motor.o
LOAD ./Core/Src/rtc.o
LOAD ./Core/Src/stm32f4xx_hal_msp.o
LOAD ./Core/Src/stm32f4xx_hal_timebase_tim.o
LOAD ./Core/Src/stm32f4xx_it.o
LOAD ./Core/Src/syscalls.o
LOAD ./Core/Src/sysmem.o
LOAD ./Core/Src/system_stm32f4xx.o
LOAD ./Core/Src/tim.o
LOAD ./Core/Src/usart.o
LOAD ./Core/Startup/startup_stm32f429zitx.o
LOAD ./Drivers/STM32F4xx_HAL_Driver/Src/stm32f4xx_hal.o
LOAD ./Drivers/STM32F4xx_HAL_Driver/Src/stm32f4xx_hal_cortex.o
LOAD ./Drivers/STM32F4xx_HAL_Driver/Src/stm32f4xx_hal_dma.o
LOAD ./Drivers/STM32F4xx_HAL_Driver/Src/stm32f4xx_hal_dma_ex.o
LOAD ./Drivers/STM32F4xx_HAL_Driver/Src/stm32f4xx_hal_exti.o
LOAD ./Drivers/STM32F4xx_HAL_Driver/Src/stm32f4xx_hal_flash.o
LOAD ./Drivers/STM32F4xx_HAL_Driver/Src/stm32f4xx_hal_flash_ex.o
LOAD ./Drivers/STM32F4xx_HAL_Driver/Src/stm32f4xx_hal_flash_ramfunc.o
LOAD ./Drivers/STM32F4xx_HAL_Driver/Src/stm32f4xx_hal_gpio.o
LOAD ./Drivers/STM32F4xx_HAL_Driver/Src/stm32f4xx_hal_i2c.o
LOAD ./Drivers/STM32F4xx_HAL_Driver/Src/stm32f4xx_hal_i2c_ex.o
LOAD ./Drivers/STM32F4xx_HAL_Driver/Src/stm32f4xx_hal_pwr.o
LOAD ./Drivers/STM32F4xx_HAL_Driver/Src/stm32f4xx_hal_pwr_ex.o
LOAD ./Drivers/STM32F4xx_HAL_Driver/Src/stm32f4xx_hal_rcc.o
LOAD ./Drivers/STM32F4xx_HAL_Driver/Src/stm32f4xx_hal_rcc_ex.o
LOAD ./Drivers/STM32F4xx_HAL_Driver/Src/stm32f4xx_hal_rtc.o
LOAD ./Drivers/STM32F4xx_HAL_Driver/Src/stm32f4xx_hal_rtc_ex.o
LOAD ./Drivers/STM32F4xx_HAL_Driver/Src/stm32f4xx_hal_tim.o
LOAD ./Drivers/STM32F4xx_HAL_Driver/Src/stm32f4xx_hal_tim_ex.o
LOAD ./Drivers/STM32F4xx_HAL_Driver/Src/stm32f4xx_hal_uart.o
LOAD ./Middlewares/Third_Party/FreeRTOS/Source/CMSIS_RTOS/cmsis_os.o
LOAD ./Middlewares/Third_Party/FreeRTOS/Source/croutine.o
LOAD ./Middlewares/Third_Party/FreeRTOS/Source/event_groups.o
LOAD ./Middlewares/Third_Party/FreeRTOS/Source/list.o
LOAD ./Middlewares/Third_Party/FreeRTOS/Source/queue.o
LOAD ./Middlewares/Third_Party/FreeRTOS/Source/stream_buffer.o
LOAD ./Middlewares/Third_Party/FreeRTOS/Source/tasks.o
LOAD ./Middlewares/Third_Party/FreeRTOS/Source/timers.o
LOAD ./Middlewares/Third_Party/FreeRTOS/Source/portable/GCC/ARM_CM4F/port.o
LOAD ./Middlewares/Third_Party/FreeRTOS/Source/portable/MemMang/heap_4.o
START GROUP
LOAD c:/workplace/st/stm32cubeide_1.9.0/stm32cubeide/plugins/com.st.stm32cube.ide.mcu.externaltools.gnu-tools-for-stm32.10.3-2021.10.win32_1.0.0.202111181127/tools/bin/../lib/gcc/arm-none-eabi/10.3.1/../../../../arm-none-eabi/lib/thumb/v7e-m+fp/hard\libc_nano.a
LOAD c:/workplace/st/stm32cubeide_1.9.0/stm32cubeide/plugins/com.st.stm32cube.ide.mcu.externaltools.gnu-tools-for-stm32.10.3-2021.10.win32_1.0.0.202111181127/tools/bin/../lib/gcc/arm-none-eabi/10.3.1/../../../../arm-none-eabi/lib/thumb/v7e-m+fp/hard\libm.a
END GROUP
START GROUP
LOAD c:/workplace/st/stm32cubeide_1.9.0/stm32cubeide/plugins/com.st.stm32cube.ide.mcu.externaltools.gnu-tools-for-stm32.10.3-2021.10.win32_1.0.0.202111181127/tools/bin/../lib/gcc/arm-none-eabi/10.3.1/thumb/v7e-m+fp/hard\libgcc.a
LOAD c:/workplace/st/stm32cubeide_1.9.0/stm32cubeide/plugins/com.st.stm32cube.ide.mcu.externaltools.gnu-tools-for-stm32.10.3-2021.10.win32_1.0.0.202111181127/tools/bin/../lib/gcc/arm-none-eabi/10.3.1/../../../../arm-none-eabi/lib/thumb/v7e-m+fp/hard\libc_nano.a
END GROUP
START GROUP
LOAD c:/workplace/st/stm32cubeide_1.9.0/stm32cubeide/plugins/com.st.stm32cube.ide.mcu.externaltools.gnu-tools-for-stm32.10.3-2021.10.win32_1.0.0.202111181127/tools/bin/../lib/gcc/arm-none-eabi/10.3.1/thumb/v7e-m+fp/hard\libgcc.a
LOAD c:/workplace/st/stm32cubeide_1.9.0/stm32cubeide/plugins/com.st.stm32cube.ide.mcu.externaltools.gnu-tools-for-stm32.10.3-2021.10.win32_1.0.0.202111181127/tools/bin/../lib/gcc/arm-none-eabi/10.3.1/../../../../arm-none-eabi/lib/thumb/v7e-m+fp/hard\libc_nano.a
LOAD c:/workplace/st/stm32cubeide_1.9.0/stm32cubeide/plugins/com.st.stm32cube.ide.mcu.externaltools.gnu-tools-for-stm32.10.3-2021.10.win32_1.0.0.202111181127/tools/bin/../lib/gcc/arm-none-eabi/10.3.1/../../../../arm-none-eabi/lib/thumb/v7e-m+fp/hard\libnosys.a
END GROUP
START GROUP
LOAD c:/workplace/st/stm32cubeide_1.9.0/stm32cubeide/plugins/com.st.stm32cube.ide.mcu.externaltools.gnu-tools-for-stm32.10.3-2021.10.win32_1.0.0.202111181127/tools/bin/../lib/gcc/arm-none-eabi/10.3.1/thumb/v7e-m+fp/hard\libgcc.a
LOAD c:/workplace/st/stm32cubeide_1.9.0/stm32cubeide/plugins/com.st.stm32cube.ide.mcu.externaltools.gnu-tools-for-stm32.10.3-2021.10.win32_1.0.0.202111181127/tools/bin/../lib/gcc/arm-none-eabi/10.3.1/../../../../arm-none-eabi/lib/thumb/v7e-m+fp/hard\libc_nano.a
LOAD c:/workplace/st/stm32cubeide_1.9.0/stm32cubeide/plugins/com.st.stm32cube.ide.mcu.externaltools.gnu-tools-for-stm32.10.3-2021.10.win32_1.0.0.202111181127/tools/bin/../lib/gcc/arm-none-eabi/10.3.1/../../../../arm-none-eabi/lib/thumb/v7e-m+fp/hard\libnosys.a
END GROUP
LOAD c:/workplace/st/stm32cubeide_1.9.0/stm32cubeide/plugins/com.st.stm32cube.ide.mcu.externaltools.gnu-tools-for-stm32.10.3-2021.10.win32_1.0.0.202111181127/tools/bin/../lib/gcc/arm-none-eabi/10.3.1/thumb/v7e-m+fp/hard/crtend.o
LOAD c:/workplace/st/stm32cubeide_1.9.0/stm32cubeide/plugins/com.st.stm32cube.ide.mcu.externaltools.gnu-tools-for-stm32.10.3-2021.10.win32_1.0.0.202111181127/tools/bin/../lib/gcc/arm-none-eabi/10.3.1/thumb/v7e-m+fp/hard/crtn.o
                0x0000000020030000                _estack = (ORIGIN (RAM) + LENGTH (RAM))
                0x0000000000000200                _Min_Heap_Size = 0x200
                0x0000000000000400                _Min_Stack_Size = 0x400

.isr_vector     0x0000000008000000      0x1ac
                0x0000000008000000                . = ALIGN (0x4)
 *(.isr_vector)
 .isr_vector    0x0000000008000000      0x1ac ./Core/Startup/startup_stm32f429zitx.o
                0x0000000008000000                g_pfnVectors
                0x00000000080001ac                . = ALIGN (0x4)

.text           0x00000000080001b0     0x9618
                0x00000000080001b0                . = ALIGN (0x4)
 *(.text)
 .text          0x00000000080001b0       0x40 c:/workplace/st/stm32cubeide_1.9.0/stm32cubeide/plugins/com.st.stm32cube.ide.mcu.externaltools.gnu-tools-for-stm32.10.3-2021.10.win32_1.0.0.202111181127/tools/bin/../lib/gcc/arm-none-eabi/10.3.1/thumb/v7e-m+fp/hard/crtbegin.o
 .text          0x00000000080001f0       0x10 c:/workplace/st/stm32cubeide_1.9.0/stm32cubeide/plugins/com.st.stm32cube.ide.mcu.externaltools.gnu-tools-for-stm32.10.3-2021.10.win32_1.0.0.202111181127/tools/bin/../lib/gcc/arm-none-eabi/10.3.1/../../../../arm-none-eabi/lib/thumb/v7e-m+fp/hard\libc_nano.a(lib_a-strlen.o)
                0x00000000080001f0                strlen
 .text          0x0000000008000200       0x30 c:/workplace/st/stm32cubeide_1.9.0/stm32cubeide/plugins/com.st.stm32cube.ide.mcu.externaltools.gnu-tools-for-stm32.10.3-2021.10.win32_1.0.0.202111181127/tools/bin/../lib/gcc/arm-none-eabi/10.3.1/thumb/v7e-m+fp/hard\libgcc.a(_aeabi_uldivmod.o)
                0x0000000008000200                __aeabi_uldivmod
 .text          0x0000000008000230      0x2d0 c:/workplace/st/stm32cubeide_1.9.0/stm32cubeide/plugins/com.st.stm32cube.ide.mcu.externaltools.gnu-tools-for-stm32.10.3-2021.10.win32_1.0.0.202111181127/tools/bin/../lib/gcc/arm-none-eabi/10.3.1/thumb/v7e-m+fp/hard\libgcc.a(_udivmoddi4.o)
                0x0000000008000230                __udivmoddi4
 .text          0x0000000008000500        0x4 c:/workplace/st/stm32cubeide_1.9.0/stm32cubeide/plugins/com.st.stm32cube.ide.mcu.externaltools.gnu-tools-for-stm32.10.3-2021.10.win32_1.0.0.202111181127/tools/bin/../lib/gcc/arm-none-eabi/10.3.1/thumb/v7e-m+fp/hard\libgcc.a(_dvmd_tls.o)
                0x0000000008000500                __aeabi_idiv0
                0x0000000008000500                __aeabi_ldiv0
 *(.text*)
 .text.__io_putchar
                0x0000000008000504       0x24 ./Core/Src/freertos.o
                0x0000000008000504                __io_putchar
 .text.vApplicationGetIdleTaskMemory
                0x0000000008000528       0x34 ./Core/Src/freertos.o
                0x0000000008000528                vApplicationGetIdleTaskMemory
 .text.MX_FREERTOS_Init
                0x000000000800055c       0xe0 ./Core/Src/freertos.o
                0x000000000800055c                MX_FREERTOS_Init
 .text.StartDefaultTask
                0x000000000800063c       0x64 ./Core/Src/freertos.o
                0x000000000800063c                StartDefaultTask
 .text.odometryTask
                0x00000000080006a0       0x48 ./Core/Src/freertos.o
                0x00000000080006a0                odometryTask
 .text.CarLeftSide
                0x00000000080006e8       0x12 ./Core/Src/freertos.o
                0x00000000080006e8                CarLeftSide
 .text.CarFrontSide
                0x00000000080006fa       0x12 ./Core/Src/freertos.o
                0x00000000080006fa                CarFrontSide
 .text.CarRightSide
                0x000000000800070c       0x12 ./Core/Src/freertos.o
                0x000000000800070c                CarRightSide
 *fill*         0x000000000800071e        0x2 
 .text.CheckingUartReceive
                0x0000000008000720       0x24 ./Core/Src/freertos.o
                0x0000000008000720                CheckingUartReceive
 .text.CheckingLeft
                0x0000000008000744       0x24 ./Core/Src/freertos.o
                0x0000000008000744                CheckingLeft
 .text.CheckingFront
                0x0000000008000768       0x24 ./Core/Src/freertos.o
                0x0000000008000768                CheckingFront
 .text.CheckingRight
                0x000000000800078c       0x24 ./Core/Src/freertos.o
                0x000000000800078c                CheckingRight
 .text.HAL_UART_RxCpltCallback
                0x00000000080007b0       0x88 ./Core/Src/freertos.o
                0x00000000080007b0                HAL_UART_RxCpltCallback
 .text.HAL_TIM_IC_CaptureCallback
                0x0000000008000838       0xe8 ./Core/Src/freertos.o
                0x0000000008000838                HAL_TIM_IC_CaptureCallback
 .text.ThreadInit
                0x0000000008000920      0x23c ./Core/Src/freertos.o
                0x0000000008000920                ThreadInit
 .text.MX_GPIO_Init
                0x0000000008000b5c      0x1c4 ./Core/Src/gpio.o
                0x0000000008000b5c                MX_GPIO_Init
 .text.HCSR04_Delay
                0x0000000008000d20       0x30 ./Core/Src/hcsr04.o
                0x0000000008000d20                HCSR04_Delay
 .text.HCSR04_Read
                0x0000000008000d50       0x46 ./Core/Src/hcsr04.o
                0x0000000008000d50                HCSR04_Read
 *fill*         0x0000000008000d96        0x2 
 .text.HC_SRO4_Dis
                0x0000000008000d98      0x110 ./Core/Src/hcsr04.o
                0x0000000008000d98                HC_SRO4_Dis
 .text.MX_I2C1_Init
                0x0000000008000ea8       0x80 ./Core/Src/i2c.o
                0x0000000008000ea8                MX_I2C1_Init
 .text.HAL_I2C_MspInit
                0x0000000008000f28       0x90 ./Core/Src/i2c.o
                0x0000000008000f28                HAL_I2C_MspInit
 .text.main     0x0000000008000fb8       0x4a ./Core/Src/main.o
                0x0000000008000fb8                main
 *fill*         0x0000000008001002        0x2 
 .text.SystemClock_Config
                0x0000000008001004       0xe4 ./Core/Src/main.o
                0x0000000008001004                SystemClock_Config
 .text.MX_NVIC_Init
                0x00000000080010e8       0x48 ./Core/Src/main.o
 .text.HAL_TIM_PeriodElapsedCallback
                0x0000000008001130       0x24 ./Core/Src/main.o
                0x0000000008001130                HAL_TIM_PeriodElapsedCallback
 .text.Error_Handler
                0x0000000008001154        0xa ./Core/Src/main.o
                0x0000000008001154                Error_Handler
 *fill*         0x000000000800115e        0x2 
 .text.Move     0x0000000008001160      0x24c ./Core/Src/motor.o
                0x0000000008001160                Move
 .text.Forward  0x00000000080013ac       0x60 ./Core/Src/motor.o
                0x00000000080013ac                Forward
 .text.Backward
                0x000000000800140c       0x60 ./Core/Src/motor.o
                0x000000000800140c                Backward
 .text.Right    0x000000000800146c       0x60 ./Core/Src/motor.o
                0x000000000800146c                Right
 .text.Left     0x00000000080014cc       0x60 ./Core/Src/motor.o
                0x00000000080014cc                Left
 .text.Cw       0x000000000800152c       0x60 ./Core/Src/motor.o
                0x000000000800152c                Cw
 .text.Ccw      0x000000000800158c       0x60 ./Core/Src/motor.o
                0x000000000800158c                Ccw
 .text.Stop     0x00000000080015ec       0x2c ./Core/Src/motor.o
                0x00000000080015ec                Stop
 .text.Motor_Init
                0x0000000008001618       0x36 ./Core/Src/motor.o
                0x0000000008001618                Motor_Init
 *fill*         0x000000000800164e        0x2 
 .text.MX_RTC_Init
                0x0000000008001650       0x4c ./Core/Src/rtc.o
                0x0000000008001650                MX_RTC_Init
 .text.HAL_RTC_MspInit
                0x000000000800169c       0x54 ./Core/Src/rtc.o
                0x000000000800169c                HAL_RTC_MspInit
 .text.HAL_MspInit
                0x00000000080016f0       0x58 ./Core/Src/stm32f4xx_hal_msp.o
                0x00000000080016f0                HAL_MspInit
 .text.HAL_InitTick
                0x0000000008001748       0xb4 ./Core/Src/stm32f4xx_hal_timebase_tim.o
                0x0000000008001748                HAL_InitTick
 .text.NMI_Handler
                0x00000000080017fc        0x6 ./Core/Src/stm32f4xx_it.o
                0x00000000080017fc                NMI_Handler
 .text.HardFault_Handler
                0x0000000008001802        0x6 ./Core/Src/stm32f4xx_it.o
                0x0000000008001802                HardFault_Handler
 .text.MemManage_Handler
                0x0000000008001808        0x6 ./Core/Src/stm32f4xx_it.o
                0x0000000008001808                MemManage_Handler
 .text.BusFault_Handler
                0x000000000800180e        0x6 ./Core/Src/stm32f4xx_it.o
                0x000000000800180e                BusFault_Handler
 .text.UsageFault_Handler
                0x0000000008001814        0x6 ./Core/Src/stm32f4xx_it.o
                0x0000000008001814                UsageFault_Handler
 .text.DebugMon_Handler
                0x000000000800181a        0xe ./Core/Src/stm32f4xx_it.o
                0x000000000800181a                DebugMon_Handler
 .text.TIM1_BRK_TIM9_IRQHandler
                0x0000000008001828       0x14 ./Core/Src/stm32f4xx_it.o
                0x0000000008001828                TIM1_BRK_TIM9_IRQHandler
 .text.TIM1_CC_IRQHandler
                0x000000000800183c       0x14 ./Core/Src/stm32f4xx_it.o
                0x000000000800183c                TIM1_CC_IRQHandler
 .text.TIM3_IRQHandler
                0x0000000008001850       0x14 ./Core/Src/stm32f4xx_it.o
                0x0000000008001850                TIM3_IRQHandler
 .text.TIM4_IRQHandler
                0x0000000008001864       0x14 ./Core/Src/stm32f4xx_it.o
                0x0000000008001864                TIM4_IRQHandler
 .text.USART2_IRQHandler
                0x0000000008001878       0x14 ./Core/Src/stm32f4xx_it.o
                0x0000000008001878                USART2_IRQHandler
 .text.USART3_IRQHandler
                0x000000000800188c       0x14 ./Core/Src/stm32f4xx_it.o
                0x000000000800188c                USART3_IRQHandler
 .text.TIM8_UP_TIM13_IRQHandler
                0x00000000080018a0       0x14 ./Core/Src/stm32f4xx_it.o
                0x00000000080018a0                TIM8_UP_TIM13_IRQHandler
 .text.TIM8_CC_IRQHandler
                0x00000000080018b4       0x14 ./Core/Src/stm32f4xx_it.o
                0x00000000080018b4                TIM8_CC_IRQHandler
 .text.TIM5_IRQHandler
                0x00000000080018c8       0x14 ./Core/Src/stm32f4xx_it.o
                0x00000000080018c8                TIM5_IRQHandler
 .text.USART6_IRQHandler
                0x00000000080018dc       0x14 ./Core/Src/stm32f4xx_it.o
                0x00000000080018dc                USART6_IRQHandler
 .text.UART7_IRQHandler
                0x00000000080018f0       0x14 ./Core/Src/stm32f4xx_it.o
                0x00000000080018f0                UART7_IRQHandler
 .text._read    0x0000000008001904       0x3a ./Core/Src/syscalls.o
                0x0000000008001904                _read
 .text._write   0x000000000800193e       0x38 ./Core/Src/syscalls.o
                0x000000000800193e                _write
 .text._close   0x0000000008001976       0x18 ./Core/Src/syscalls.o
                0x0000000008001976                _close
 .text._fstat   0x000000000800198e       0x20 ./Core/Src/syscalls.o
                0x000000000800198e                _fstat
 .text._isatty  0x00000000080019ae       0x16 ./Core/Src/syscalls.o
                0x00000000080019ae                _isatty
 .text._lseek   0x00000000080019c4       0x1a ./Core/Src/syscalls.o
                0x00000000080019c4                _lseek
 *fill*         0x00000000080019de        0x2 
 .text._sbrk    0x00000000080019e0       0x6c ./Core/Src/sysmem.o
                0x00000000080019e0                _sbrk
 .text.SystemInit
                0x0000000008001a4c       0x24 ./Core/Src/system_stm32f4xx.o
                0x0000000008001a4c                SystemInit
 .text.MX_TIM1_Init
                0x0000000008001a70       0xe8 ./Core/Src/tim.o
                0x0000000008001a70                MX_TIM1_Init
 .text.MX_TIM2_Init
                0x0000000008001b58      0x12c ./Core/Src/tim.o
                0x0000000008001b58                MX_TIM2_Init
 .text.MX_TIM3_Init
                0x0000000008001c84       0xe0 ./Core/Src/tim.o
                0x0000000008001c84                MX_TIM3_Init
 .text.MX_TIM4_Init
                0x0000000008001d64       0xe0 ./Core/Src/tim.o
                0x0000000008001d64                MX_TIM4_Init
 .text.MX_TIM8_Init
                0x0000000008001e44      0x128 ./Core/Src/tim.o
                0x0000000008001e44                MX_TIM8_Init
 .text.HAL_TIM_Base_MspInit
                0x0000000008001f6c      0x230 ./Core/Src/tim.o
                0x0000000008001f6c                HAL_TIM_Base_MspInit
 .text.HAL_TIM_MspPostInit
                0x000000000800219c       0xb0 ./Core/Src/tim.o
                0x000000000800219c                HAL_TIM_MspPostInit
 .text.MX_UART7_Init
                0x000000000800224c       0x54 ./Core/Src/usart.o
                0x000000000800224c                MX_UART7_Init
 .text.MX_USART2_UART_Init
                0x00000000080022a0       0x54 ./Core/Src/usart.o
                0x00000000080022a0                MX_USART2_UART_Init
 .text.MX_USART3_UART_Init
                0x00000000080022f4       0x54 ./Core/Src/usart.o
                0x00000000080022f4                MX_USART3_UART_Init
 .text.MX_USART6_UART_Init
                0x0000000008002348       0x54 ./Core/Src/usart.o
                0x0000000008002348                MX_USART6_UART_Init
 .text.HAL_UART_MspInit
                0x000000000800239c      0x244 ./Core/Src/usart.o
                0x000000000800239c                HAL_UART_MspInit
 .text.Reset_Handler
                0x00000000080025e0       0x50 ./Core/Startup/startup_stm32f429zitx.o
                0x00000000080025e0                Reset_Handler
 .text.Default_Handler
                0x0000000008002630        0x2 ./Core/Startup/startup_stm32f429zitx.o
                0x0000000008002630                RTC_Alarm_IRQHandler
                0x0000000008002630                HASH_RNG_IRQHandler
                0x0000000008002630                EXTI2_IRQHandler
                0x0000000008002630                UART8_IRQHandler
                0x0000000008002630                SPI4_IRQHandler
                0x0000000008002630                DMA2_Stream5_IRQHandler
                0x0000000008002630                DMA1_Stream5_IRQHandler
                0x0000000008002630                PVD_IRQHandler
                0x0000000008002630                SDIO_IRQHandler
                0x0000000008002630                TAMP_STAMP_IRQHandler
                0x0000000008002630                CAN2_RX1_IRQHandler
                0x0000000008002630                EXTI3_IRQHandler
                0x0000000008002630                TIM8_TRG_COM_TIM14_IRQHandler
                0x0000000008002630                TIM1_UP_TIM10_IRQHandler
                0x0000000008002630                I2C3_ER_IRQHandler
                0x0000000008002630                EXTI0_IRQHandler
                0x0000000008002630                I2C2_EV_IRQHandler
                0x0000000008002630                DMA1_Stream2_IRQHandler
                0x0000000008002630                CAN1_RX0_IRQHandler
                0x0000000008002630                FPU_IRQHandler
                0x0000000008002630                OTG_HS_WKUP_IRQHandler
                0x0000000008002630                LTDC_ER_IRQHandler
                0x0000000008002630                CAN2_SCE_IRQHandler
                0x0000000008002630                DMA2_Stream2_IRQHandler
                0x0000000008002630                SPI1_IRQHandler
                0x0000000008002630                TIM6_DAC_IRQHandler
                0x0000000008002630                DCMI_IRQHandler
                0x0000000008002630                CAN2_RX0_IRQHandler
                0x0000000008002630                DMA2_Stream3_IRQHandler
                0x0000000008002630                CAN1_RX1_IRQHandler
                0x0000000008002630                UART5_IRQHandler
                0x0000000008002630                DMA2_Stream0_IRQHandler
                0x0000000008002630                I2C1_EV_IRQHandler
                0x0000000008002630                DMA1_Stream6_IRQHandler
                0x0000000008002630                DMA1_Stream1_IRQHandler
                0x0000000008002630                UART4_IRQHandler
                0x0000000008002630                RCC_IRQHandler
                0x0000000008002630                TIM8_BRK_TIM12_IRQHandler
                0x0000000008002630                Default_Handler
                0x0000000008002630                EXTI15_10_IRQHandler
                0x0000000008002630                ADC_IRQHandler
                0x0000000008002630                DMA1_Stream7_IRQHandler
                0x0000000008002630                SPI5_IRQHandler
                0x0000000008002630                TIM7_IRQHandler
                0x0000000008002630                CAN2_TX_IRQHandler
                0x0000000008002630                DMA2_Stream7_IRQHandler
                0x0000000008002630                I2C3_EV_IRQHandler
                0x0000000008002630                EXTI9_5_IRQHandler
                0x0000000008002630                RTC_WKUP_IRQHandler
                0x0000000008002630                LTDC_IRQHandler
                0x0000000008002630                ETH_WKUP_IRQHandler
                0x0000000008002630                SPI2_IRQHandler
                0x0000000008002630                OTG_HS_EP1_IN_IRQHandler
                0x0000000008002630                DMA1_Stream0_IRQHandler
                0x0000000008002630                CAN1_TX_IRQHandler
                0x0000000008002630                EXTI4_IRQHandler
                0x0000000008002630                ETH_IRQHandler
                0x0000000008002630                OTG_HS_EP1_OUT_IRQHandler
                0x0000000008002630                WWDG_IRQHandler
                0x0000000008002630                SPI6_IRQHandler
                0x0000000008002630                TIM2_IRQHandler
                0x0000000008002630                OTG_FS_WKUP_IRQHandler
                0x0000000008002630                TIM1_TRG_COM_TIM11_IRQHandler
                0x0000000008002630                OTG_HS_IRQHandler
                0x0000000008002630                DMA2D_IRQHandler
                0x0000000008002630                EXTI1_IRQHandler
                0x0000000008002630                I2C2_ER_IRQHandler
                0x0000000008002630                DMA2_Stream1_IRQHandler
                0x0000000008002630                CAN1_SCE_IRQHandler
                0x0000000008002630                FLASH_IRQHandler
                0x0000000008002630                DMA2_Stream4_IRQHandler
                0x0000000008002630                USART1_IRQHandler
                0x0000000008002630                OTG_FS_IRQHandler
                0x0000000008002630                SPI3_IRQHandler
                0x0000000008002630                DMA1_Stream4_IRQHandler
                0x0000000008002630                I2C1_ER_IRQHandler
                0x0000000008002630                FMC_IRQHandler
                0x0000000008002630                DMA2_Stream6_IRQHandler
                0x0000000008002630                SAI1_IRQHandler
                0x0000000008002630                DMA1_Stream3_IRQHandler
 *fill*         0x0000000008002632        0x2 
 .text.HAL_Init
                0x0000000008002634       0x44 ./Drivers/STM32F4xx_HAL_Driver/Src/stm32f4xx_hal.o
                0x0000000008002634                HAL_Init
 .text.HAL_IncTick
                0x0000000008002678       0x28 ./Drivers/STM32F4xx_HAL_Driver/Src/stm32f4xx_hal.o
                0x0000000008002678                HAL_IncTick
 .text.HAL_GetTick
                0x00000000080026a0       0x18 ./Drivers/STM32F4xx_HAL_Driver/Src/stm32f4xx_hal.o
                0x00000000080026a0                HAL_GetTick
 .text.__NVIC_SetPriorityGrouping
                0x00000000080026b8       0x48 ./Drivers/STM32F4xx_HAL_Driver/Src/stm32f4xx_hal_cortex.o
 .text.__NVIC_GetPriorityGrouping
                0x0000000008002700       0x1c ./Drivers/STM32F4xx_HAL_Driver/Src/stm32f4xx_hal_cortex.o
 .text.__NVIC_EnableIRQ
                0x000000000800271c       0x3c ./Drivers/STM32F4xx_HAL_Driver/Src/stm32f4xx_hal_cortex.o
 .text.__NVIC_SetPriority
                0x0000000008002758       0x54 ./Drivers/STM32F4xx_HAL_Driver/Src/stm32f4xx_hal_cortex.o
 .text.NVIC_EncodePriority
                0x00000000080027ac       0x66 ./Drivers/STM32F4xx_HAL_Driver/Src/stm32f4xx_hal_cortex.o
 .text.HAL_NVIC_SetPriorityGrouping
                0x0000000008002812       0x16 ./Drivers/STM32F4xx_HAL_Driver/Src/stm32f4xx_hal_cortex.o
                0x0000000008002812                HAL_NVIC_SetPriorityGrouping
 .text.HAL_NVIC_SetPriority
                0x0000000008002828       0x38 ./Drivers/STM32F4xx_HAL_Driver/Src/stm32f4xx_hal_cortex.o
                0x0000000008002828                HAL_NVIC_SetPriority
 .text.HAL_NVIC_EnableIRQ
                0x0000000008002860       0x1c ./Drivers/STM32F4xx_HAL_Driver/Src/stm32f4xx_hal_cortex.o
                0x0000000008002860                HAL_NVIC_EnableIRQ
 .text.HAL_DMA_Abort
                0x000000000800287c       0xe0 ./Drivers/STM32F4xx_HAL_Driver/Src/stm32f4xx_hal_dma.o
                0x000000000800287c                HAL_DMA_Abort
 .text.HAL_DMA_Abort_IT
                0x000000000800295c       0x44 ./Drivers/STM32F4xx_HAL_Driver/Src/stm32f4xx_hal_dma.o
                0x000000000800295c                HAL_DMA_Abort_IT
 .text.HAL_GPIO_Init
                0x00000000080029a0      0x358 ./Drivers/STM32F4xx_HAL_Driver/Src/stm32f4xx_hal_gpio.o
                0x00000000080029a0                HAL_GPIO_Init
 .text.HAL_GPIO_WritePin
                0x0000000008002cf8       0x32 ./Drivers/STM32F4xx_HAL_Driver/Src/stm32f4xx_hal_gpio.o
                0x0000000008002cf8                HAL_GPIO_WritePin
 *fill*         0x0000000008002d2a        0x2 
 .text.HAL_I2C_Init
                0x0000000008002d2c      0x288 ./Drivers/STM32F4xx_HAL_Driver/Src/stm32f4xx_hal_i2c.o
                0x0000000008002d2c                HAL_I2C_Init
 .text.HAL_I2CEx_ConfigAnalogFilter
                0x0000000008002fb4       0x78 ./Drivers/STM32F4xx_HAL_Driver/Src/stm32f4xx_hal_i2c_ex.o
                0x0000000008002fb4                HAL_I2CEx_ConfigAnalogFilter
 .text.HAL_I2CEx_ConfigDigitalFilter
                0x000000000800302c       0x7e ./Drivers/STM32F4xx_HAL_Driver/Src/stm32f4xx_hal_i2c_ex.o
                0x000000000800302c                HAL_I2CEx_ConfigDigitalFilter
 *fill*         0x00000000080030aa        0x2 
 .text.HAL_PWREx_EnableOverDrive
                0x00000000080030ac       0xa0 ./Drivers/STM32F4xx_HAL_Driver/Src/stm32f4xx_hal_pwr_ex.o
                0x00000000080030ac                HAL_PWREx_EnableOverDrive
 .text.HAL_RCC_OscConfig
                0x000000000800314c      0x4f0 ./Drivers/STM32F4xx_HAL_Driver/Src/stm32f4xx_hal_rcc.o
                0x000000000800314c                HAL_RCC_OscConfig
 .text.HAL_RCC_ClockConfig
                0x000000000800363c      0x1cc ./Drivers/STM32F4xx_HAL_Driver/Src/stm32f4xx_hal_rcc.o
                0x000000000800363c                HAL_RCC_ClockConfig
 .text.HAL_RCC_GetSysClockFreq
                0x0000000008003808      0x18c ./Drivers/STM32F4xx_HAL_Driver/Src/stm32f4xx_hal_rcc.o
                0x0000000008003808                HAL_RCC_GetSysClockFreq
 .text.HAL_RCC_GetHCLKFreq
                0x0000000008003994       0x18 ./Drivers/STM32F4xx_HAL_Driver/Src/stm32f4xx_hal_rcc.o
                0x0000000008003994                HAL_RCC_GetHCLKFreq
 .text.HAL_RCC_GetPCLK1Freq
                0x00000000080039ac       0x28 ./Drivers/STM32F4xx_HAL_Driver/Src/stm32f4xx_hal_rcc.o
                0x00000000080039ac                HAL_RCC_GetPCLK1Freq
 .text.HAL_RCC_GetPCLK2Freq
                0x00000000080039d4       0x28 ./Drivers/STM32F4xx_HAL_Driver/Src/stm32f4xx_hal_rcc.o
                0x00000000080039d4                HAL_RCC_GetPCLK2Freq
 .text.HAL_RCC_GetClockConfig
                0x00000000080039fc       0x64 ./Drivers/STM32F4xx_HAL_Driver/Src/stm32f4xx_hal_rcc.o
                0x00000000080039fc                HAL_RCC_GetClockConfig
 .text.HAL_RCCEx_PeriphCLKConfig
                0x0000000008003a60      0x380 ./Drivers/STM32F4xx_HAL_Driver/Src/stm32f4xx_hal_rcc_ex.o
                0x0000000008003a60                HAL_RCCEx_PeriphCLKConfig
 .text.HAL_RTC_Init
                0x0000000008003de0       0xec ./Drivers/STM32F4xx_HAL_Driver/Src/stm32f4xx_hal_rtc.o
                0x0000000008003de0                HAL_RTC_Init
 .text.HAL_RTC_WaitForSynchro
                0x0000000008003ecc       0x50 ./Drivers/STM32F4xx_HAL_Driver/Src/stm32f4xx_hal_rtc.o
                0x0000000008003ecc                HAL_RTC_WaitForSynchro
 .text.RTC_EnterInitMode
                0x0000000008003f1c       0x6e ./Drivers/STM32F4xx_HAL_Driver/Src/stm32f4xx_hal_rtc.o
                0x0000000008003f1c                RTC_EnterInitMode
 .text.RTC_ExitInitMode
                0x0000000008003f8a       0x4a ./Drivers/STM32F4xx_HAL_Driver/Src/stm32f4xx_hal_rtc.o
                0x0000000008003f8a                RTC_ExitInitMode
 .text.HAL_TIM_Base_Init
                0x0000000008003fd4       0x9e ./Drivers/STM32F4xx_HAL_Driver/Src/stm32f4xx_hal_tim.o
                0x0000000008003fd4                HAL_TIM_Base_Init
 *fill*         0x0000000008004072        0x2 
 .text.HAL_TIM_Base_Start_IT
                0x0000000008004074       0xe0 ./Drivers/STM32F4xx_HAL_Driver/Src/stm32f4xx_hal_tim.o
                0x0000000008004074                HAL_TIM_Base_Start_IT
 .text.HAL_TIM_PWM_Init
                0x0000000008004154       0x9e ./Drivers/STM32F4xx_HAL_Driver/Src/stm32f4xx_hal_tim.o
                0x0000000008004154                HAL_TIM_PWM_Init
 .text.HAL_TIM_PWM_MspInit
                0x00000000080041f2       0x14 ./Drivers/STM32F4xx_HAL_Driver/Src/stm32f4xx_hal_tim.o
                0x00000000080041f2                HAL_TIM_PWM_MspInit
 *fill*         0x0000000008004206        0x2 
 .text.HAL_TIM_PWM_Start
                0x0000000008004208      0x190 ./Drivers/STM32F4xx_HAL_Driver/Src/stm32f4xx_hal_tim.o
                0x0000000008004208                HAL_TIM_PWM_Start
 .text.HAL_TIM_PWM_Stop
                0x0000000008004398       0xe0 ./Drivers/STM32F4xx_HAL_Driver/Src/stm32f4xx_hal_tim.o
                0x0000000008004398                HAL_TIM_PWM_Stop
 .text.HAL_TIM_IC_Init
                0x0000000008004478       0x9e ./Drivers/STM32F4xx_HAL_Driver/Src/stm32f4xx_hal_tim.o
                0x0000000008004478                HAL_TIM_IC_Init
 .text.HAL_TIM_IC_MspInit
                0x0000000008004516       0x14 ./Drivers/STM32F4xx_HAL_Driver/Src/stm32f4xx_hal_tim.o
                0x0000000008004516                HAL_TIM_IC_MspInit
 *fill*         0x000000000800452a        0x2 
 .text.HAL_TIM_IC_Start_IT
                0x000000000800452c      0x250 ./Drivers/STM32F4xx_HAL_Driver/Src/stm32f4xx_hal_tim.o
                0x000000000800452c                HAL_TIM_IC_Start_IT
 .text.HAL_TIM_IRQHandler
                0x000000000800477c      0x210 ./Drivers/STM32F4xx_HAL_Driver/Src/stm32f4xx_hal_tim.o
                0x000000000800477c                HAL_TIM_IRQHandler
 .text.HAL_TIM_IC_ConfigChannel
                0x000000000800498c      0x138 ./Drivers/STM32F4xx_HAL_Driver/Src/stm32f4xx_hal_tim.o
                0x000000000800498c                HAL_TIM_IC_ConfigChannel
 .text.HAL_TIM_PWM_ConfigChannel
                0x0000000008004ac4      0x184 ./Drivers/STM32F4xx_HAL_Driver/Src/stm32f4xx_hal_tim.o
                0x0000000008004ac4                HAL_TIM_PWM_ConfigChannel
 .text.HAL_TIM_ConfigClockSource
                0x0000000008004c48      0x18e ./Drivers/STM32F4xx_HAL_Driver/Src/stm32f4xx_hal_tim.o
                0x0000000008004c48                HAL_TIM_ConfigClockSource
 *fill*         0x0000000008004dd6        0x2 
 .text.HAL_TIM_ReadCapturedValue
                0x0000000008004dd8       0x88 ./Drivers/STM32F4xx_HAL_Driver/Src/stm32f4xx_hal_tim.o
                0x0000000008004dd8                HAL_TIM_ReadCapturedValue
 .text.HAL_TIM_OC_DelayElapsedCallback
                0x0000000008004e60       0x14 ./Drivers/STM32F4xx_HAL_Driver/Src/stm32f4xx_hal_tim.o
                0x0000000008004e60                HAL_TIM_OC_DelayElapsedCallback
 .text.HAL_TIM_PWM_PulseFinishedCallback
                0x0000000008004e74       0x14 ./Drivers/STM32F4xx_HAL_Driver/Src/stm32f4xx_hal_tim.o
                0x0000000008004e74                HAL_TIM_PWM_PulseFinishedCallback
 .text.HAL_TIM_TriggerCallback
                0x0000000008004e88       0x14 ./Drivers/STM32F4xx_HAL_Driver/Src/stm32f4xx_hal_tim.o
                0x0000000008004e88                HAL_TIM_TriggerCallback
 .text.TIM_Base_SetConfig
                0x0000000008004e9c      0x140 ./Drivers/STM32F4xx_HAL_Driver/Src/stm32f4xx_hal_tim.o
                0x0000000008004e9c                TIM_Base_SetConfig
 .text.TIM_OC1_SetConfig
                0x0000000008004fdc       0xe0 ./Drivers/STM32F4xx_HAL_Driver/Src/stm32f4xx_hal_tim.o
 .text.TIM_OC2_SetConfig
                0x00000000080050bc       0xec ./Drivers/STM32F4xx_HAL_Driver/Src/stm32f4xx_hal_tim.o
                0x00000000080050bc                TIM_OC2_SetConfig
 .text.TIM_OC3_SetConfig
                0x00000000080051a8       0xe8 ./Drivers/STM32F4xx_HAL_Driver/Src/stm32f4xx_hal_tim.o
 .text.TIM_OC4_SetConfig
                0x0000000008005290       0xac ./Drivers/STM32F4xx_HAL_Driver/Src/stm32f4xx_hal_tim.o
 .text.TIM_TI1_SetConfig
                0x000000000800533c       0xe8 ./Drivers/STM32F4xx_HAL_Driver/Src/stm32f4xx_hal_tim.o
                0x000000000800533c                TIM_TI1_SetConfig
 .text.TIM_TI1_ConfigInputStage
                0x0000000008005424       0x5e ./Drivers/STM32F4xx_HAL_Driver/Src/stm32f4xx_hal_tim.o
 .text.TIM_TI2_SetConfig
                0x0000000008005482       0x7a ./Drivers/STM32F4xx_HAL_Driver/Src/stm32f4xx_hal_tim.o
 .text.TIM_TI2_ConfigInputStage
                0x00000000080054fc       0x60 ./Drivers/STM32F4xx_HAL_Driver/Src/stm32f4xx_hal_tim.o
 .text.TIM_TI3_SetConfig
                0x000000000800555c       0x78 ./Drivers/STM32F4xx_HAL_Driver/Src/stm32f4xx_hal_tim.o
 .text.TIM_TI4_SetConfig
                0x00000000080055d4       0x7a ./Drivers/STM32F4xx_HAL_Driver/Src/stm32f4xx_hal_tim.o
 .text.TIM_ITRx_SetConfig
                0x000000000800564e       0x36 ./Drivers/STM32F4xx_HAL_Driver/Src/stm32f4xx_hal_tim.o
 .text.TIM_ETR_SetConfig
                0x0000000008005684       0x40 ./Drivers/STM32F4xx_HAL_Driver/Src/stm32f4xx_hal_tim.o
                0x0000000008005684                TIM_ETR_SetConfig
 .text.TIM_CCxChannelCmd
                0x00000000080056c4       0x4a ./Drivers/STM32F4xx_HAL_Driver/Src/stm32f4xx_hal_tim.o
                0x00000000080056c4                TIM_CCxChannelCmd
 *fill*         0x000000000800570e        0x2 
 .text.HAL_TIMEx_MasterConfigSynchronization
                0x0000000008005710       0xf8 ./Drivers/STM32F4xx_HAL_Driver/Src/stm32f4xx_hal_tim_ex.o
                0x0000000008005710                HAL_TIMEx_MasterConfigSynchronization
 .text.HAL_TIMEx_CommutCallback
                0x0000000008005808       0x14 ./Drivers/STM32F4xx_HAL_Driver/Src/stm32f4xx_hal_tim_ex.o
                0x0000000008005808                HAL_TIMEx_CommutCallback
 .text.HAL_TIMEx_BreakCallback
                0x000000000800581c       0x14 ./Drivers/STM32F4xx_HAL_Driver/Src/stm32f4xx_hal_tim_ex.o
                0x000000000800581c                HAL_TIMEx_BreakCallback
 .text.HAL_UART_Init
                0x0000000008005830       0x9a ./Drivers/STM32F4xx_HAL_Driver/Src/stm32f4xx_hal_uart.o
                0x0000000008005830                HAL_UART_Init
 .text.HAL_UART_Transmit
                0x00000000080058ca      0x124 ./Drivers/STM32F4xx_HAL_Driver/Src/stm32f4xx_hal_uart.o
                0x00000000080058ca                HAL_UART_Transmit
 .text.HAL_UART_Receive_IT
                0x00000000080059ee       0x60 ./Drivers/STM32F4xx_HAL_Driver/Src/stm32f4xx_hal_uart.o
                0x00000000080059ee                HAL_UART_Receive_IT
 *fill*         0x0000000008005a4e        0x2 
 .text.HAL_UART_IRQHandler
                0x0000000008005a50      0x51c ./Drivers/STM32F4xx_HAL_Driver/Src/stm32f4xx_hal_uart.o
                0x0000000008005a50                HAL_UART_IRQHandler
 .text.HAL_UART_TxCpltCallback
                0x0000000008005f6c       0x14 ./Drivers/STM32F4xx_HAL_Driver/Src/stm32f4xx_hal_uart.o
                0x0000000008005f6c                HAL_UART_TxCpltCallback
 .text.HAL_UART_ErrorCallback
                0x0000000008005f80       0x14 ./Drivers/STM32F4xx_HAL_Driver/Src/stm32f4xx_hal_uart.o
                0x0000000008005f80                HAL_UART_ErrorCallback
 .text.HAL_UARTEx_RxEventCallback
                0x0000000008005f94       0x18 ./Drivers/STM32F4xx_HAL_Driver/Src/stm32f4xx_hal_uart.o
                0x0000000008005f94                HAL_UARTEx_RxEventCallback
 .text.UART_WaitOnFlagUntilTimeout
                0x0000000008005fac       0xdc ./Drivers/STM32F4xx_HAL_Driver/Src/stm32f4xx_hal_uart.o
 .text.UART_Start_Receive_IT
                0x0000000008006088       0x7c ./Drivers/STM32F4xx_HAL_Driver/Src/stm32f4xx_hal_uart.o
                0x0000000008006088                UART_Start_Receive_IT
 .text.UART_EndRxTransfer
                0x0000000008006104       0xc6 ./Drivers/STM32F4xx_HAL_Driver/Src/stm32f4xx_hal_uart.o
 .text.UART_DMAAbortOnError
                0x00000000080061ca       0x28 ./Drivers/STM32F4xx_HAL_Driver/Src/stm32f4xx_hal_uart.o
 .text.UART_Transmit_IT
                0x00000000080061f2       0xa0 ./Drivers/STM32F4xx_HAL_Driver/Src/stm32f4xx_hal_uart.o
 .text.UART_EndTransmit_IT
                0x0000000008006292       0x30 ./Drivers/STM32F4xx_HAL_Driver/Src/stm32f4xx_hal_uart.o
 .text.UART_Receive_IT
                0x00000000080062c2      0x176 ./Drivers/STM32F4xx_HAL_Driver/Src/stm32f4xx_hal_uart.o
 .text.UART_SetConfig
                0x0000000008006438      0x4e8 ./Drivers/STM32F4xx_HAL_Driver/Src/stm32f4xx_hal_uart.o
 .text.makeFreeRtosPriority
                0x0000000008006920       0x30 ./Middlewares/Third_Party/FreeRTOS/Source/CMSIS_RTOS/cmsis_os.o
 .text.osKernelStart
                0x0000000008006950        0xe ./Middlewares/Third_Party/FreeRTOS/Source/CMSIS_RTOS/cmsis_os.o
                0x0000000008006950                osKernelStart
 .text.osThreadCreate
                0x000000000800695e       0x98 ./Middlewares/Third_Party/FreeRTOS/Source/CMSIS_RTOS/cmsis_os.o
                0x000000000800695e                osThreadCreate
 .text.osDelay  0x00000000080069f6       0x28 ./Middlewares/Third_Party/FreeRTOS/Source/CMSIS_RTOS/cmsis_os.o
                0x00000000080069f6                osDelay
 .text.osSemaphoreCreate
                0x0000000008006a1e       0x64 ./Middlewares/Third_Party/FreeRTOS/Source/CMSIS_RTOS/cmsis_os.o
                0x0000000008006a1e                osSemaphoreCreate
 .text.osMessageCreate
                0x0000000008006a82       0x50 ./Middlewares/Third_Party/FreeRTOS/Source/CMSIS_RTOS/cmsis_os.o
                0x0000000008006a82                osMessageCreate
 .text.vListInitialise
                0x0000000008006ad2       0x40 ./Middlewares/Third_Party/FreeRTOS/Source/list.o
                0x0000000008006ad2                vListInitialise
 .text.vListInitialiseItem
                0x0000000008006b12       0x1a ./Middlewares/Third_Party/FreeRTOS/Source/list.o
                0x0000000008006b12                vListInitialiseItem
 .text.vListInsertEnd
                0x0000000008006b2c       0x48 ./Middlewares/Third_Party/FreeRTOS/Source/list.o
                0x0000000008006b2c                vListInsertEnd
 .text.vListInsert
                0x0000000008006b74       0x72 ./Middlewares/Third_Party/FreeRTOS/Source/list.o
                0x0000000008006b74                vListInsert
 .text.uxListRemove
                0x0000000008006be6       0x54 ./Middlewares/Third_Party/FreeRTOS/Source/list.o
                0x0000000008006be6                uxListRemove
 *fill*         0x0000000008006c3a        0x2 
 .text.xQueueGenericReset
                0x0000000008006c3c       0xd0 ./Middlewares/Third_Party/FreeRTOS/Source/queue.o
                0x0000000008006c3c                xQueueGenericReset
 .text.xQueueGenericCreateStatic
                0x0000000008006d0c       0xf0 ./Middlewares/Third_Party/FreeRTOS/Source/queue.o
                0x0000000008006d0c                xQueueGenericCreateStatic
 .text.xQueueGenericCreate
                0x0000000008006dfc       0x74 ./Middlewares/Third_Party/FreeRTOS/Source/queue.o
                0x0000000008006dfc                xQueueGenericCreate
 .text.prvInitialiseNewQueue
                0x0000000008006e70       0x3e ./Middlewares/Third_Party/FreeRTOS/Source/queue.o
 *fill*         0x0000000008006eae        0x2 
 .text.xQueueGenericSend
                0x0000000008006eb0      0x1fc ./Middlewares/Third_Party/FreeRTOS/Source/queue.o
                0x0000000008006eb0                xQueueGenericSend
 .text.xQueueGenericSendFromISR
                0x00000000080070ac      0x136 ./Middlewares/Third_Party/FreeRTOS/Source/queue.o
                0x00000000080070ac                xQueueGenericSendFromISR
 .text.xQueueGiveFromISR
                0x00000000080071e2      0x11a ./Middlewares/Third_Party/FreeRTOS/Source/queue.o
                0x00000000080071e2                xQueueGiveFromISR
 .text.xQueueReceiveFromISR
                0x00000000080072fc      0x100 ./Middlewares/Third_Party/FreeRTOS/Source/queue.o
                0x00000000080072fc                xQueueReceiveFromISR
 .text.prvCopyDataToQueue
                0x00000000080073fc       0xd4 ./Middlewares/Third_Party/FreeRTOS/Source/queue.o
 .text.prvCopyDataFromQueue
                0x00000000080074d0       0x4c ./Middlewares/Third_Party/FreeRTOS/Source/queue.o
 .text.prvUnlockQueue
                0x000000000800751c       0xa4 ./Middlewares/Third_Party/FreeRTOS/Source/queue.o
 .text.prvIsQueueFull
                0x00000000080075c0       0x30 ./Middlewares/Third_Party/FreeRTOS/Source/queue.o
 .text.xTaskCreateStatic
                0x00000000080075f0       0xba ./Middlewares/Third_Party/FreeRTOS/Source/tasks.o
                0x00000000080075f0                xTaskCreateStatic
 .text.xTaskCreate
                0x00000000080076aa       0x8a ./Middlewares/Third_Party/FreeRTOS/Source/tasks.o
                0x00000000080076aa                xTaskCreate
 .text.prvInitialiseNewTask
                0x0000000008007734      0x13c ./Middlewares/Third_Party/FreeRTOS/Source/tasks.o
 .text.prvAddNewTaskToReadyList
                0x0000000008007870       0xd4 ./Middlewares/Third_Party/FreeRTOS/Source/tasks.o
 .text.vTaskDelay
                0x0000000008007944       0x68 ./Middlewares/Third_Party/FreeRTOS/Source/tasks.o
                0x0000000008007944                vTaskDelay
 .text.vTaskStartScheduler
                0x00000000080079ac       0xd4 ./Middlewares/Third_Party/FreeRTOS/Source/tasks.o
                0x00000000080079ac                vTaskStartScheduler
 .text.vTaskSuspendAll
                0x0000000008007a80       0x1c ./Middlewares/Third_Party/FreeRTOS/Source/tasks.o
                0x0000000008007a80                vTaskSuspendAll
 .text.xTaskResumeAll
                0x0000000008007a9c      0x138 ./Middlewares/Third_Party/FreeRTOS/Source/tasks.o
                0x0000000008007a9c                xTaskResumeAll
 .text.xTaskIncrementTick
                0x0000000008007bd4      0x170 ./Middlewares/Third_Party/FreeRTOS/Source/tasks.o
                0x0000000008007bd4                xTaskIncrementTick
 .text.vTaskSwitchContext
                0x0000000008007d44       0xc4 ./Middlewares/Third_Party/FreeRTOS/Source/tasks.o
                0x0000000008007d44                vTaskSwitchContext
 .text.vTaskPlaceOnEventList
                0x0000000008007e08       0x48 ./Middlewares/Third_Party/FreeRTOS/Source/tasks.o
                0x0000000008007e08                vTaskPlaceOnEventList
 .text.xTaskRemoveFromEventList
                0x0000000008007e50       0xc4 ./Middlewares/Third_Party/FreeRTOS/Source/tasks.o
                0x0000000008007e50                xTaskRemoveFromEventList
 .text.vTaskInternalSetTimeOutState
                0x0000000008007f14       0x2c ./Middlewares/Third_Party/FreeRTOS/Source/tasks.o
                0x0000000008007f14                vTaskInternalSetTimeOutState
 .text.xTaskCheckForTimeOut
                0x0000000008007f40       0xc4 ./Middlewares/Third_Party/FreeRTOS/Source/tasks.o
                0x0000000008007f40                xTaskCheckForTimeOut
 .text.vTaskMissedYield
                0x0000000008008004       0x18 ./Middlewares/Third_Party/FreeRTOS/Source/tasks.o
                0x0000000008008004                vTaskMissedYield
 .text.prvIdleTask
                0x000000000800801c       0x30 ./Middlewares/Third_Party/FreeRTOS/Source/tasks.o
 .text.prvInitialiseTaskLists
                0x000000000800804c       0x80 ./Middlewares/Third_Party/FreeRTOS/Source/tasks.o
 .text.prvCheckTasksWaitingTermination
                0x00000000080080cc       0x5c ./Middlewares/Third_Party/FreeRTOS/Source/tasks.o
 .text.prvDeleteTCB
                0x0000000008008128       0x68 ./Middlewares/Third_Party/FreeRTOS/Source/tasks.o
 .text.prvResetNextTaskUnblockTime
                0x0000000008008190       0x40 ./Middlewares/Third_Party/FreeRTOS/Source/tasks.o
 .text.xTaskGetSchedulerState
                0x00000000080081d0       0x3c ./Middlewares/Third_Party/FreeRTOS/Source/tasks.o
                0x00000000080081d0                xTaskGetSchedulerState
 .text.xTaskPriorityDisinherit
                0x000000000800820c      0x10c ./Middlewares/Third_Party/FreeRTOS/Source/tasks.o
                0x000000000800820c                xTaskPriorityDisinherit
 .text.prvAddCurrentTaskToDelayedList
                0x0000000008008318       0xcc ./Middlewares/Third_Party/FreeRTOS/Source/tasks.o
 .text.pxPortInitialiseStack
                0x00000000080083e4       0x68 ./Middlewares/Third_Party/FreeRTOS/Source/portable/GCC/ARM_CM4F/port.o
                0x00000000080083e4                pxPortInitialiseStack
 .text.prvTaskExitError
                0x000000000800844c       0x58 ./Middlewares/Third_Party/FreeRTOS/Source/portable/GCC/ARM_CM4F/port.o
 *fill*         0x00000000080084a4        0xc 
 .text.SVC_Handler
                0x00000000080084b0       0x28 ./Middlewares/Third_Party/FreeRTOS/Source/portable/GCC/ARM_CM4F/port.o
                0x00000000080084b0                SVC_Handler
 .text.prvPortStartFirstTask
                0x00000000080084d8       0x28 ./Middlewares/Third_Party/FreeRTOS/Source/portable/GCC/ARM_CM4F/port.o
 .text.xPortStartScheduler
                0x0000000008008500      0x144 ./Middlewares/Third_Party/FreeRTOS/Source/portable/GCC/ARM_CM4F/port.o
                0x0000000008008500                xPortStartScheduler
 .text.vPortEnterCritical
                0x0000000008008644       0x60 ./Middlewares/Third_Party/FreeRTOS/Source/portable/GCC/ARM_CM4F/port.o
                0x0000000008008644                vPortEnterCritical
 .text.vPortExitCritical
                0x00000000080086a4       0x54 ./Middlewares/Third_Party/FreeRTOS/Source/portable/GCC/ARM_CM4F/port.o
                0x00000000080086a4                vPortExitCritical
 *fill*         0x00000000080086f8        0x8 
 .text.PendSV_Handler
                0x0000000008008700       0x68 ./Middlewares/Third_Party/FreeRTOS/Source/portable/GCC/ARM_CM4F/port.o
                0x0000000008008700                PendSV_Handler
 .text.SysTick_Handler
                0x0000000008008768       0x44 ./Middlewares/Third_Party/FreeRTOS/Source/portable/GCC/ARM_CM4F/port.o
                0x0000000008008768                SysTick_Handler
 .text.vPortSetupTimerInterrupt
                0x00000000080087ac       0x48 ./Middlewares/Third_Party/FreeRTOS/Source/portable/GCC/ARM_CM4F/port.o
                0x00000000080087ac                vPortSetupTimerInterrupt
 .text.vPortEnableVFP
                0x00000000080087f4       0x14 ./Middlewares/Third_Party/FreeRTOS/Source/portable/GCC/ARM_CM4F/port.o
 .text.vPortValidateInterruptPriority
                0x0000000008008808       0x80 ./Middlewares/Third_Party/FreeRTOS/Source/portable/GCC/ARM_CM4F/port.o
                0x0000000008008808                vPortValidateInterruptPriority
 .text.pvPortMalloc
                0x0000000008008888      0x198 ./Middlewares/Third_Party/FreeRTOS/Source/portable/MemMang/heap_4.o
                0x0000000008008888                pvPortMalloc
 .text.vPortFree
                0x0000000008008a20       0xc4 ./Middlewares/Third_Party/FreeRTOS/Source/portable/MemMang/heap_4.o
                0x0000000008008a20                vPortFree
 .text.prvHeapInit
                0x0000000008008ae4       0xc4 ./Middlewares/Third_Party/FreeRTOS/Source/portable/MemMang/heap_4.o
 .text.prvInsertBlockIntoFreeList
                0x0000000008008ba8       0xb4 ./Middlewares/Third_Party/FreeRTOS/Source/portable/MemMang/heap_4.o
 .text.__errno  0x0000000008008c5c        0xc c:/workplace/st/stm32cubeide_1.9.0/stm32cubeide/plugins/com.st.stm32cube.ide.mcu.externaltools.gnu-tools-for-stm32.10.3-2021.10.win32_1.0.0.202111181127/tools/bin/../lib/gcc/arm-none-eabi/10.3.1/../../../../arm-none-eabi/lib/thumb/v7e-m+fp/hard\libc_nano.a(lib_a-errno.o)
                0x0000000008008c5c                __errno
 .text.std      0x0000000008008c68       0x48 c:/workplace/st/stm32cubeide_1.9.0/stm32cubeide/plugins/com.st.stm32cube.ide.mcu.externaltools.gnu-tools-for-stm32.10.3-2021.10.win32_1.0.0.202111181127/tools/bin/../lib/gcc/arm-none-eabi/10.3.1/../../../../arm-none-eabi/lib/thumb/v7e-m+fp/hard\libc_nano.a(lib_a-findfp.o)
 .text._cleanup_r
                0x0000000008008cb0        0xc c:/workplace/st/stm32cubeide_1.9.0/stm32cubeide/plugins/com.st.stm32cube.ide.mcu.externaltools.gnu-tools-for-stm32.10.3-2021.10.win32_1.0.0.202111181127/tools/bin/../lib/gcc/arm-none-eabi/10.3.1/../../../../arm-none-eabi/lib/thumb/v7e-m+fp/hard\libc_nano.a(lib_a-findfp.o)
                0x0000000008008cb0                _cleanup_r
 .text.__sfmoreglue
                0x0000000008008cbc       0x2c c:/workplace/st/stm32cubeide_1.9.0/stm32cubeide/plugins/com.st.stm32cube.ide.mcu.externaltools.gnu-tools-for-stm32.10.3-2021.10.win32_1.0.0.202111181127/tools/bin/../lib/gcc/arm-none-eabi/10.3.1/../../../../arm-none-eabi/lib/thumb/v7e-m+fp/hard\libc_nano.a(lib_a-findfp.o)
                0x0000000008008cbc                __sfmoreglue
 .text.__sfp_lock_acquire
                0x0000000008008ce8        0xc c:/workplace/st/stm32cubeide_1.9.0/stm32cubeide/plugins/com.st.stm32cube.ide.mcu.externaltools.gnu-tools-for-stm32.10.3-2021.10.win32_1.0.0.202111181127/tools/bin/../lib/gcc/arm-none-eabi/10.3.1/../../../../arm-none-eabi/lib/thumb/v7e-m+fp/hard\libc_nano.a(lib_a-findfp.o)
                0x0000000008008ce8                __sfp_lock_acquire
 .text.__sfp_lock_release
                0x0000000008008cf4        0xc c:/workplace/st/stm32cubeide_1.9.0/stm32cubeide/plugins/com.st.stm32cube.ide.mcu.externaltools.gnu-tools-for-stm32.10.3-2021.10.win32_1.0.0.202111181127/tools/bin/../lib/gcc/arm-none-eabi/10.3.1/../../../../arm-none-eabi/lib/thumb/v7e-m+fp/hard\libc_nano.a(lib_a-findfp.o)
                0x0000000008008cf4                __sfp_lock_release
 .text.__sinit_lock_acquire
                0x0000000008008d00        0xc c:/workplace/st/stm32cubeide_1.9.0/stm32cubeide/plugins/com.st.stm32cube.ide.mcu.externaltools.gnu-tools-for-stm32.10.3-2021.10.win32_1.0.0.202111181127/tools/bin/../lib/gcc/arm-none-eabi/10.3.1/../../../../arm-none-eabi/lib/thumb/v7e-m+fp/hard\libc_nano.a(lib_a-findfp.o)
                0x0000000008008d00                __sinit_lock_acquire
 .text.__sinit_lock_release
                0x0000000008008d0c        0xc c:/workplace/st/stm32cubeide_1.9.0/stm32cubeide/plugins/com.st.stm32cube.ide.mcu.externaltools.gnu-tools-for-stm32.10.3-2021.10.win32_1.0.0.202111181127/tools/bin/../lib/gcc/arm-none-eabi/10.3.1/../../../../arm-none-eabi/lib/thumb/v7e-m+fp/hard\libc_nano.a(lib_a-findfp.o)
                0x0000000008008d0c                __sinit_lock_release
 .text.__sinit  0x0000000008008d18       0x70 c:/workplace/st/stm32cubeide_1.9.0/stm32cubeide/plugins/com.st.stm32cube.ide.mcu.externaltools.gnu-tools-for-stm32.10.3-2021.10.win32_1.0.0.202111181127/tools/bin/../lib/gcc/arm-none-eabi/10.3.1/../../../../arm-none-eabi/lib/thumb/v7e-m+fp/hard\libc_nano.a(lib_a-findfp.o)
                0x0000000008008d18                __sinit
 .text.__sfp    0x0000000008008d88       0x8c c:/workplace/st/stm32cubeide_1.9.0/stm32cubeide/plugins/com.st.stm32cube.ide.mcu.externaltools.gnu-tools-for-stm32.10.3-2021.10.win32_1.0.0.202111181127/tools/bin/../lib/gcc/arm-none-eabi/10.3.1/../../../../arm-none-eabi/lib/thumb/v7e-m+fp/hard\libc_nano.a(lib_a-findfp.o)
                0x0000000008008d88                __sfp
 .text._fwalk_reent
                0x0000000008008e14       0x3e c:/workplace/st/stm32cubeide_1.9.0/stm32cubeide/plugins/com.st.stm32cube.ide.mcu.externaltools.gnu-tools-for-stm32.10.3-2021.10.win32_1.0.0.202111181127/tools/bin/../lib/gcc/arm-none-eabi/10.3.1/../../../../arm-none-eabi/lib/thumb/v7e-m+fp/hard\libc_nano.a(lib_a-fwalk.o)
                0x0000000008008e14                _fwalk_reent
 *fill*         0x0000000008008e52        0x2 
 .text.__libc_init_array
                0x0000000008008e54       0x48 c:/workplace/st/stm32cubeide_1.9.0/stm32cubeide/plugins/com.st.stm32cube.ide.mcu.externaltools.gnu-tools-for-stm32.10.3-2021.10.win32_1.0.0.202111181127/tools/bin/../lib/gcc/arm-none-eabi/10.3.1/../../../../arm-none-eabi/lib/thumb/v7e-m+fp/hard\libc_nano.a(lib_a-init.o)
                0x0000000008008e54                __libc_init_array
 .text.__retarget_lock_init_recursive
                0x0000000008008e9c        0x2 c:/workplace/st/stm32cubeide_1.9.0/stm32cubeide/plugins/com.st.stm32cube.ide.mcu.externaltools.gnu-tools-for-stm32.10.3-2021.10.win32_1.0.0.202111181127/tools/bin/../lib/gcc/arm-none-eabi/10.3.1/../../../../arm-none-eabi/lib/thumb/v7e-m+fp/hard\libc_nano.a(lib_a-lock.o)
                0x0000000008008e9c                __retarget_lock_init_recursive
 .text.__retarget_lock_acquire_recursive
                0x0000000008008e9e        0x2 c:/workplace/st/stm32cubeide_1.9.0/stm32cubeide/plugins/com.st.stm32cube.ide.mcu.externaltools.gnu-tools-for-stm32.10.3-2021.10.win32_1.0.0.202111181127/tools/bin/../lib/gcc/arm-none-eabi/10.3.1/../../../../arm-none-eabi/lib/thumb/v7e-m+fp/hard\libc_nano.a(lib_a-lock.o)
                0x0000000008008e9e                __retarget_lock_acquire_recursive
 .text.__retarget_lock_release_recursive
                0x0000000008008ea0        0x2 c:/workplace/st/stm32cubeide_1.9.0/stm32cubeide/plugins/com.st.stm32cube.ide.mcu.externaltools.gnu-tools-for-stm32.10.3-2021.10.win32_1.0.0.202111181127/tools/bin/../lib/gcc/arm-none-eabi/10.3.1/../../../../arm-none-eabi/lib/thumb/v7e-m+fp/hard\libc_nano.a(lib_a-lock.o)
                0x0000000008008ea0                __retarget_lock_release_recursive
 .text.memcpy   0x0000000008008ea2       0x1c c:/workplace/st/stm32cubeide_1.9.0/stm32cubeide/plugins/com.st.stm32cube.ide.mcu.externaltools.gnu-tools-for-stm32.10.3-2021.10.win32_1.0.0.202111181127/tools/bin/../lib/gcc/arm-none-eabi/10.3.1/../../../../arm-none-eabi/lib/thumb/v7e-m+fp/hard\libc_nano.a(lib_a-memcpy-stub.o)
                0x0000000008008ea2                memcpy
 .text.memset   0x0000000008008ebe       0x10 c:/workplace/st/stm32cubeide_1.9.0/stm32cubeide/plugins/com.st.stm32cube.ide.mcu.externaltools.gnu-tools-for-stm32.10.3-2021.10.win32_1.0.0.202111181127/tools/bin/../lib/gcc/arm-none-eabi/10.3.1/../../../../arm-none-eabi/lib/thumb/v7e-m+fp/hard\libc_nano.a(lib_a-memset.o)
                0x0000000008008ebe                memset
 *fill*         0x0000000008008ece        0x2 
 .text.sbrk_aligned
                0x0000000008008ed0       0x40 c:/workplace/st/stm32cubeide_1.9.0/stm32cubeide/plugins/com.st.stm32cube.ide.mcu.externaltools.gnu-tools-for-stm32.10.3-2021.10.win32_1.0.0.202111181127/tools/bin/../lib/gcc/arm-none-eabi/10.3.1/../../../../arm-none-eabi/lib/thumb/v7e-m+fp/hard\libc_nano.a(lib_a-nano-mallocr.o)
 .text._malloc_r
                0x0000000008008f10       0xe8 c:/workplace/st/stm32cubeide_1.9.0/stm32cubeide/plugins/com.st.stm32cube.ide.mcu.externaltools.gnu-tools-for-stm32.10.3-2021.10.win32_1.0.0.202111181127/tools/bin/../lib/gcc/arm-none-eabi/10.3.1/../../../../arm-none-eabi/lib/thumb/v7e-m+fp/hard\libc_nano.a(lib_a-nano-mallocr.o)
                0x0000000008008f10                _malloc_r
 .text._puts_r  0x0000000008008ff8       0xdc c:/workplace/st/stm32cubeide_1.9.0/stm32cubeide/plugins/com.st.stm32cube.ide.mcu.externaltools.gnu-tools-for-stm32.10.3-2021.10.win32_1.0.0.202111181127/tools/bin/../lib/gcc/arm-none-eabi/10.3.1/../../../../arm-none-eabi/lib/thumb/v7e-m+fp/hard\libc_nano.a(lib_a-puts.o)
                0x0000000008008ff8                _puts_r
 .text.puts     0x00000000080090d4       0x10 c:/workplace/st/stm32cubeide_1.9.0/stm32cubeide/plugins/com.st.stm32cube.ide.mcu.externaltools.gnu-tools-for-stm32.10.3-2021.10.win32_1.0.0.202111181127/tools/bin/../lib/gcc/arm-none-eabi/10.3.1/../../../../arm-none-eabi/lib/thumb/v7e-m+fp/hard\libc_nano.a(lib_a-puts.o)
                0x00000000080090d4                puts
 .text.cleanup_glue
                0x00000000080090e4       0x1a c:/workplace/st/stm32cubeide_1.9.0/stm32cubeide/plugins/com.st.stm32cube.ide.mcu.externaltools.gnu-tools-for-stm32.10.3-2021.10.win32_1.0.0.202111181127/tools/bin/../lib/gcc/arm-none-eabi/10.3.1/../../../../arm-none-eabi/lib/thumb/v7e-m+fp/hard\libc_nano.a(lib_a-reent.o)
                0x00000000080090e4                cleanup_glue
 *fill*         0x00000000080090fe        0x2 
 .text._reclaim_reent
                0x0000000008009100       0xb8 c:/workplace/st/stm32cubeide_1.9.0/stm32cubeide/plugins/com.st.stm32cube.ide.mcu.externaltools.gnu-tools-for-stm32.10.3-2021.10.win32_1.0.0.202111181127/tools/bin/../lib/gcc/arm-none-eabi/10.3.1/../../../../arm-none-eabi/lib/thumb/v7e-m+fp/hard\libc_nano.a(lib_a-reent.o)
                0x0000000008009100                _reclaim_reent
 .text._sbrk_r  0x00000000080091b8       0x20 c:/workplace/st/stm32cubeide_1.9.0/stm32cubeide/plugins/com.st.stm32cube.ide.mcu.externaltools.gnu-tools-for-stm32.10.3-2021.10.win32_1.0.0.202111181127/tools/bin/../lib/gcc/arm-none-eabi/10.3.1/../../../../arm-none-eabi/lib/thumb/v7e-m+fp/hard\libc_nano.a(lib_a-sbrkr.o)
                0x00000000080091b8                _sbrk_r
 .text.__sread  0x00000000080091d8       0x22 c:/workplace/st/stm32cubeide_1.9.0/stm32cubeide/plugins/com.st.stm32cube.ide.mcu.externaltools.gnu-tools-for-stm32.10.3-2021.10.win32_1.0.0.202111181127/tools/bin/../lib/gcc/arm-none-eabi/10.3.1/../../../../arm-none-eabi/lib/thumb/v7e-m+fp/hard\libc_nano.a(lib_a-stdio.o)
                0x00000000080091d8                __sread
 .text.__swrite
                0x00000000080091fa       0x38 c:/workplace/st/stm32cubeide_1.9.0/stm32cubeide/plugins/com.st.stm32cube.ide.mcu.externaltools.gnu-tools-for-stm32.10.3-2021.10.win32_1.0.0.202111181127/tools/bin/../lib/gcc/arm-none-eabi/10.3.1/../../../../arm-none-eabi/lib/thumb/v7e-m+fp/hard\libc_nano.a(lib_a-stdio.o)
                0x00000000080091fa                __swrite
 .text.__sseek  0x0000000008009232       0x24 c:/workplace/st/stm32cubeide_1.9.0/stm32cubeide/plugins/com.st.stm32cube.ide.mcu.externaltools.gnu-tools-for-stm32.10.3-2021.10.win32_1.0.0.202111181127/tools/bin/../lib/gcc/arm-none-eabi/10.3.1/../../../../arm-none-eabi/lib/thumb/v7e-m+fp/hard\libc_nano.a(lib_a-stdio.o)
                0x0000000008009232                __sseek
 .text.__sclose
                0x0000000008009256        0x8 c:/workplace/st/stm32cubeide_1.9.0/stm32cubeide/plugins/com.st.stm32cube.ide.mcu.externaltools.gnu-tools-for-stm32.10.3-2021.10.win32_1.0.0.202111181127/tools/bin/../lib/gcc/arm-none-eabi/10.3.1/../../../../arm-none-eabi/lib/thumb/v7e-m+fp/hard\libc_nano.a(lib_a-stdio.o)
                0x0000000008009256                __sclose
 *fill*         0x000000000800925e        0x2 
 .text.__swbuf_r
                0x0000000008009260       0xa4 c:/workplace/st/stm32cubeide_1.9.0/stm32cubeide/plugins/com.st.stm32cube.ide.mcu.externaltools.gnu-tools-for-stm32.10.3-2021.10.win32_1.0.0.202111181127/tools/bin/../lib/gcc/arm-none-eabi/10.3.1/../../../../arm-none-eabi/lib/thumb/v7e-m+fp/hard\libc_nano.a(lib_a-wbuf.o)
                0x0000000008009260                __swbuf_r
 .text._write_r
                0x0000000008009304       0x24 c:/workplace/st/stm32cubeide_1.9.0/stm32cubeide/plugins/com.st.stm32cube.ide.mcu.externaltools.gnu-tools-for-stm32.10.3-2021.10.win32_1.0.0.202111181127/tools/bin/../lib/gcc/arm-none-eabi/10.3.1/../../../../arm-none-eabi/lib/thumb/v7e-m+fp/hard\libc_nano.a(lib_a-writer.o)
                0x0000000008009304                _write_r
 .text.__swsetup_r
                0x0000000008009328       0xdc c:/workplace/st/stm32cubeide_1.9.0/stm32cubeide/plugins/com.st.stm32cube.ide.mcu.externaltools.gnu-tools-for-stm32.10.3-2021.10.win32_1.0.0.202111181127/tools/bin/../lib/gcc/arm-none-eabi/10.3.1/../../../../arm-none-eabi/lib/thumb/v7e-m+fp/hard\libc_nano.a(lib_a-wsetup.o)
                0x0000000008009328                __swsetup_r
 .text._close_r
                0x0000000008009404       0x20 c:/workplace/st/stm32cubeide_1.9.0/stm32cubeide/plugins/com.st.stm32cube.ide.mcu.externaltools.gnu-tools-for-stm32.10.3-2021.10.win32_1.0.0.202111181127/tools/bin/../lib/gcc/arm-none-eabi/10.3.1/../../../../arm-none-eabi/lib/thumb/v7e-m+fp/hard\libc_nano.a(lib_a-closer.o)
                0x0000000008009404                _close_r
 .text.__sflush_r
                0x0000000008009424      0x10c c:/workplace/st/stm32cubeide_1.9.0/stm32cubeide/plugins/com.st.stm32cube.ide.mcu.externaltools.gnu-tools-for-stm32.10.3-2021.10.win32_1.0.0.202111181127/tools/bin/../lib/gcc/arm-none-eabi/10.3.1/../../../../arm-none-eabi/lib/thumb/v7e-m+fp/hard\libc_nano.a(lib_a-fflush.o)
                0x0000000008009424                __sflush_r
 .text._fflush_r
                0x0000000008009530       0x78 c:/workplace/st/stm32cubeide_1.9.0/stm32cubeide/plugins/com.st.stm32cube.ide.mcu.externaltools.gnu-tools-for-stm32.10.3-2021.10.win32_1.0.0.202111181127/tools/bin/../lib/gcc/arm-none-eabi/10.3.1/../../../../arm-none-eabi/lib/thumb/v7e-m+fp/hard\libc_nano.a(lib_a-fflush.o)
                0x0000000008009530                _fflush_r
 .text._lseek_r
                0x00000000080095a8       0x24 c:/workplace/st/stm32cubeide_1.9.0/stm32cubeide/plugins/com.st.stm32cube.ide.mcu.externaltools.gnu-tools-for-stm32.10.3-2021.10.win32_1.0.0.202111181127/tools/bin/../lib/gcc/arm-none-eabi/10.3.1/../../../../arm-none-eabi/lib/thumb/v7e-m+fp/hard\libc_nano.a(lib_a-lseekr.o)
                0x00000000080095a8                _lseek_r
 .text.__swhatbuf_r
                0x00000000080095cc       0x4a c:/workplace/st/stm32cubeide_1.9.0/stm32cubeide/plugins/com.st.stm32cube.ide.mcu.externaltools.gnu-tools-for-stm32.10.3-2021.10.win32_1.0.0.202111181127/tools/bin/../lib/gcc/arm-none-eabi/10.3.1/../../../../arm-none-eabi/lib/thumb/v7e-m+fp/hard\libc_nano.a(lib_a-makebuf.o)
                0x00000000080095cc                __swhatbuf_r
 *fill*         0x0000000008009616        0x2 
 .text.__smakebuf_r
                0x0000000008009618       0x80 c:/workplace/st/stm32cubeide_1.9.0/stm32cubeide/plugins/com.st.stm32cube.ide.mcu.externaltools.gnu-tools-for-stm32.10.3-2021.10.win32_1.0.0.202111181127/tools/bin/../lib/gcc/arm-none-eabi/10.3.1/../../../../arm-none-eabi/lib/thumb/v7e-m+fp/hard\libc_nano.a(lib_a-makebuf.o)
                0x0000000008009618                __smakebuf_r
 .text.__malloc_lock
                0x0000000008009698        0xc c:/workplace/st/stm32cubeide_1.9.0/stm32cubeide/plugins/com.st.stm32cube.ide.mcu.externaltools.gnu-tools-for-stm32.10.3-2021.10.win32_1.0.0.202111181127/tools/bin/../lib/gcc/arm-none-eabi/10.3.1/../../../../arm-none-eabi/lib/thumb/v7e-m+fp/hard\libc_nano.a(lib_a-mlock.o)
                0x0000000008009698                __malloc_lock
 .text.__malloc_unlock
                0x00000000080096a4        0xc c:/workplace/st/stm32cubeide_1.9.0/stm32cubeide/plugins/com.st.stm32cube.ide.mcu.externaltools.gnu-tools-for-stm32.10.3-2021.10.win32_1.0.0.202111181127/tools/bin/../lib/gcc/arm-none-eabi/10.3.1/../../../../arm-none-eabi/lib/thumb/v7e-m+fp/hard\libc_nano.a(lib_a-mlock.o)
                0x00000000080096a4                __malloc_unlock
 .text._free_r  0x00000000080096b0       0x98 c:/workplace/st/stm32cubeide_1.9.0/stm32cubeide/plugins/com.st.stm32cube.ide.mcu.externaltools.gnu-tools-for-stm32.10.3-2021.10.win32_1.0.0.202111181127/tools/bin/../lib/gcc/arm-none-eabi/10.3.1/../../../../arm-none-eabi/lib/thumb/v7e-m+fp/hard\libc_nano.a(lib_a-nano-freer.o)
                0x00000000080096b0                _free_r
 .text._read_r  0x0000000008009748       0x24 c:/workplace/st/stm32cubeide_1.9.0/stm32cubeide/plugins/com.st.stm32cube.ide.mcu.externaltools.gnu-tools-for-stm32.10.3-2021.10.win32_1.0.0.202111181127/tools/bin/../lib/gcc/arm-none-eabi/10.3.1/../../../../arm-none-eabi/lib/thumb/v7e-m+fp/hard\libc_nano.a(lib_a-readr.o)
                0x0000000008009748                _read_r
 .text._fstat_r
                0x000000000800976c       0x24 c:/workplace/st/stm32cubeide_1.9.0/stm32cubeide/plugins/com.st.stm32cube.ide.mcu.externaltools.gnu-tools-for-stm32.10.3-2021.10.win32_1.0.0.202111181127/tools/bin/../lib/gcc/arm-none-eabi/10.3.1/../../../../arm-none-eabi/lib/thumb/v7e-m+fp/hard\libc_nano.a(lib_a-fstatr.o)
                0x000000000800976c                _fstat_r
 .text._isatty_r
                0x0000000008009790       0x20 c:/workplace/st/stm32cubeide_1.9.0/stm32cubeide/plugins/com.st.stm32cube.ide.mcu.externaltools.gnu-tools-for-stm32.10.3-2021.10.win32_1.0.0.202111181127/tools/bin/../lib/gcc/arm-none-eabi/10.3.1/../../../../arm-none-eabi/lib/thumb/v7e-m+fp/hard\libc_nano.a(lib_a-isattyr.o)
                0x0000000008009790                _isatty_r
 *(.glue_7)
 .glue_7        0x00000000080097b0        0x0 linker stubs
 *(.glue_7t)
 .glue_7t       0x00000000080097b0        0x0 linker stubs
 *(.eh_frame)
 .eh_frame      0x00000000080097b0        0x0 c:/workplace/st/stm32cubeide_1.9.0/stm32cubeide/plugins/com.st.stm32cube.ide.mcu.externaltools.gnu-tools-for-stm32.10.3-2021.10.win32_1.0.0.202111181127/tools/bin/../lib/gcc/arm-none-eabi/10.3.1/thumb/v7e-m+fp/hard/crtbegin.o
 *(.init)
 .init          0x00000000080097b0        0x4 c:/workplace/st/stm32cubeide_1.9.0/stm32cubeide/plugins/com.st.stm32cube.ide.mcu.externaltools.gnu-tools-for-stm32.10.3-2021.10.win32_1.0.0.202111181127/tools/bin/../lib/gcc/arm-none-eabi/10.3.1/thumb/v7e-m+fp/hard/crti.o
                0x00000000080097b0                _init
 .init          0x00000000080097b4        0x8 c:/workplace/st/stm32cubeide_1.9.0/stm32cubeide/plugins/com.st.stm32cube.ide.mcu.externaltools.gnu-tools-for-stm32.10.3-2021.10.win32_1.0.0.202111181127/tools/bin/../lib/gcc/arm-none-eabi/10.3.1/thumb/v7e-m+fp/hard/crtn.o
 *(.fini)
 .fini          0x00000000080097bc        0x4 c:/workplace/st/stm32cubeide_1.9.0/stm32cubeide/plugins/com.st.stm32cube.ide.mcu.externaltools.gnu-tools-for-stm32.10.3-2021.10.win32_1.0.0.202111181127/tools/bin/../lib/gcc/arm-none-eabi/10.3.1/thumb/v7e-m+fp/hard/crti.o
                0x00000000080097bc                _fini
 .fini          0x00000000080097c0        0x8 c:/workplace/st/stm32cubeide_1.9.0/stm32cubeide/plugins/com.st.stm32cube.ide.mcu.externaltools.gnu-tools-for-stm32.10.3-2021.10.win32_1.0.0.202111181127/tools/bin/../lib/gcc/arm-none-eabi/10.3.1/thumb/v7e-m+fp/hard/crtn.o
                0x00000000080097c8                . = ALIGN (0x4)
                0x00000000080097c8                _etext = .

.vfp11_veneer   0x00000000080097c8        0x0
 .vfp11_veneer  0x00000000080097c8        0x0 linker stubs

.v4_bx          0x00000000080097c8        0x0
 .v4_bx         0x00000000080097c8        0x0 linker stubs

.iplt           0x00000000080097c8        0x0
 .iplt          0x00000000080097c8        0x0 c:/workplace/st/stm32cubeide_1.9.0/stm32cubeide/plugins/com.st.stm32cube.ide.mcu.externaltools.gnu-tools-for-stm32.10.3-2021.10.win32_1.0.0.202111181127/tools/bin/../lib/gcc/arm-none-eabi/10.3.1/thumb/v7e-m+fp/hard/crtbegin.o

.rodata         0x00000000080097c8      0x384
                0x00000000080097c8                . = ALIGN (0x4)
 *(.rodata)
 .rodata        0x00000000080097c8      0x300 ./Core/Src/freertos.o
 .rodata        0x0000000008009ac8        0x5 ./Middlewares/Third_Party/FreeRTOS/Source/tasks.o
 *(.rodata*)
 *fill*         0x0000000008009acd        0x3 
 .rodata.AHBPrescTable
                0x0000000008009ad0       0x10 ./Core/Src/system_stm32f4xx.o
                0x0000000008009ad0                AHBPrescTable
 .rodata.APBPrescTable
                0x0000000008009ae0        0x8 ./Core/Src/system_stm32f4xx.o
                0x0000000008009ae0                APBPrescTable
 .rodata.__sf_fake_stderr
                0x0000000008009ae8       0x20 c:/workplace/st/stm32cubeide_1.9.0/stm32cubeide/plugins/com.st.stm32cube.ide.mcu.externaltools.gnu-tools-for-stm32.10.3-2021.10.win32_1.0.0.202111181127/tools/bin/../lib/gcc/arm-none-eabi/10.3.1/../../../../arm-none-eabi/lib/thumb/v7e-m+fp/hard\libc_nano.a(lib_a-findfp.o)
                0x0000000008009ae8                __sf_fake_stderr
 .rodata.__sf_fake_stdin
                0x0000000008009b08       0x20 c:/workplace/st/stm32cubeide_1.9.0/stm32cubeide/plugins/com.st.stm32cube.ide.mcu.externaltools.gnu-tools-for-stm32.10.3-2021.10.win32_1.0.0.202111181127/tools/bin/../lib/gcc/arm-none-eabi/10.3.1/../../../../arm-none-eabi/lib/thumb/v7e-m+fp/hard\libc_nano.a(lib_a-findfp.o)
                0x0000000008009b08                __sf_fake_stdin
 .rodata.__sf_fake_stdout
                0x0000000008009b28       0x20 c:/workplace/st/stm32cubeide_1.9.0/stm32cubeide/plugins/com.st.stm32cube.ide.mcu.externaltools.gnu-tools-for-stm32.10.3-2021.10.win32_1.0.0.202111181127/tools/bin/../lib/gcc/arm-none-eabi/10.3.1/../../../../arm-none-eabi/lib/thumb/v7e-m+fp/hard\libc_nano.a(lib_a-findfp.o)
                0x0000000008009b28                __sf_fake_stdout
 .rodata._global_impure_ptr
                0x0000000008009b48        0x4 c:/workplace/st/stm32cubeide_1.9.0/stm32cubeide/plugins/com.st.stm32cube.ide.mcu.externaltools.gnu-tools-for-stm32.10.3-2021.10.win32_1.0.0.202111181127/tools/bin/../lib/gcc/arm-none-eabi/10.3.1/../../../../arm-none-eabi/lib/thumb/v7e-m+fp/hard\libc_nano.a(lib_a-impure.o)
                0x0000000008009b48                _global_impure_ptr
                0x0000000008009b4c                . = ALIGN (0x4)

.ARM.extab      0x0000000008009b4c        0x0
                0x0000000008009b4c                . = ALIGN (0x4)
 *(.ARM.extab* .gnu.linkonce.armextab.*)
                0x0000000008009b4c                . = ALIGN (0x4)

.ARM            0x0000000008009b4c        0x8
                0x0000000008009b4c                . = ALIGN (0x4)
                0x0000000008009b4c                __exidx_start = .
 *(.ARM.exidx*)
 .ARM.exidx     0x0000000008009b4c        0x8 c:/workplace/st/stm32cubeide_1.9.0/stm32cubeide/plugins/com.st.stm32cube.ide.mcu.externaltools.gnu-tools-for-stm32.10.3-2021.10.win32_1.0.0.202111181127/tools/bin/../lib/gcc/arm-none-eabi/10.3.1/thumb/v7e-m+fp/hard\libgcc.a(_udivmoddi4.o)
                0x0000000008009b54                __exidx_end = .
                0x0000000008009b54                . = ALIGN (0x4)

.rel.dyn        0x0000000008009b54        0x0
 .rel.iplt      0x0000000008009b54        0x0 c:/workplace/st/stm32cubeide_1.9.0/stm32cubeide/plugins/com.st.stm32cube.ide.mcu.externaltools.gnu-tools-for-stm32.10.3-2021.10.win32_1.0.0.202111181127/tools/bin/../lib/gcc/arm-none-eabi/10.3.1/thumb/v7e-m+fp/hard/crtbegin.o

.preinit_array  0x0000000008009b54        0x0
                0x0000000008009b54                . = ALIGN (0x4)
                0x0000000008009b54                PROVIDE (__preinit_array_start = .)
 *(.preinit_array*)
                0x0000000008009b54                PROVIDE (__preinit_array_end = .)
                0x0000000008009b54                . = ALIGN (0x4)

.init_array     0x0000000008009b54        0x4
                0x0000000008009b54                . = ALIGN (0x4)
                0x0000000008009b54                PROVIDE (__init_array_start = .)
 *(SORT_BY_NAME(.init_array.*))
 *(.init_array*)
 .init_array    0x0000000008009b54        0x4 c:/workplace/st/stm32cubeide_1.9.0/stm32cubeide/plugins/com.st.stm32cube.ide.mcu.externaltools.gnu-tools-for-stm32.10.3-2021.10.win32_1.0.0.202111181127/tools/bin/../lib/gcc/arm-none-eabi/10.3.1/thumb/v7e-m+fp/hard/crtbegin.o
                0x0000000008009b58                PROVIDE (__init_array_end = .)
                0x0000000008009b58                . = ALIGN (0x4)

.fini_array     0x0000000008009b58        0x4
                0x0000000008009b58                . = ALIGN (0x4)
                [!provide]                        PROVIDE (__fini_array_start = .)
 *(SORT_BY_NAME(.fini_array.*))
 *(.fini_array*)
 .fini_array    0x0000000008009b58        0x4 c:/workplace/st/stm32cubeide_1.9.0/stm32cubeide/plugins/com.st.stm32cube.ide.mcu.externaltools.gnu-tools-for-stm32.10.3-2021.10.win32_1.0.0.202111181127/tools/bin/../lib/gcc/arm-none-eabi/10.3.1/thumb/v7e-m+fp/hard/crtbegin.o
                [!provide]                        PROVIDE (__fini_array_end = .)
                0x0000000008009b5c                . = ALIGN (0x4)
                0x0000000008009b5c                _sidata = LOADADDR (.data)

.data           0x0000000020000000       0x74 load address 0x0000000008009b5c
                0x0000000020000000                . = ALIGN (0x4)
                0x0000000020000000                _sdata = .
 *(.data)
 *(.data*)
 .data.SystemCoreClock
                0x0000000020000000        0x4 ./Core/Src/system_stm32f4xx.o
                0x0000000020000000                SystemCoreClock
 .data.uwTickPrio
                0x0000000020000004        0x4 ./Drivers/STM32F4xx_HAL_Driver/Src/stm32f4xx_hal.o
                0x0000000020000004                uwTickPrio
 .data.uwTickFreq
                0x0000000020000008        0x1 ./Drivers/STM32F4xx_HAL_Driver/Src/stm32f4xx_hal.o
                0x0000000020000008                uwTickFreq
 *fill*         0x0000000020000009        0x3 
 .data.uxCriticalNesting
                0x000000002000000c        0x4 ./Middlewares/Third_Party/FreeRTOS/Source/portable/GCC/ARM_CM4F/port.o
 .data._impure_ptr
                0x0000000020000010        0x4 c:/workplace/st/stm32cubeide_1.9.0/stm32cubeide/plugins/com.st.stm32cube.ide.mcu.externaltools.gnu-tools-for-stm32.10.3-2021.10.win32_1.0.0.202111181127/tools/bin/../lib/gcc/arm-none-eabi/10.3.1/../../../../arm-none-eabi/lib/thumb/v7e-m+fp/hard\libc_nano.a(lib_a-impure.o)
                0x0000000020000010                _impure_ptr
 .data.impure_data
                0x0000000020000014       0x60 c:/workplace/st/stm32cubeide_1.9.0/stm32cubeide/plugins/com.st.stm32cube.ide.mcu.externaltools.gnu-tools-for-stm32.10.3-2021.10.win32_1.0.0.202111181127/tools/bin/../lib/gcc/arm-none-eabi/10.3.1/../../../../arm-none-eabi/lib/thumb/v7e-m+fp/hard\libc_nano.a(lib_a-impure.o)
 *(.RamFunc)
 *(.RamFunc*)
                0x0000000020000074                . = ALIGN (0x4)
                0x0000000020000074                _edata = .
                0x0000000008009bd0                _siccmram = LOADADDR (.ccmram)

.igot.plt       0x0000000020000074        0x0 load address 0x0000000008009bd0
 .igot.plt      0x0000000020000074        0x0 c:/workplace/st/stm32cubeide_1.9.0/stm32cubeide/plugins/com.st.stm32cube.ide.mcu.externaltools.gnu-tools-for-stm32.10.3-2021.10.win32_1.0.0.202111181127/tools/bin/../lib/gcc/arm-none-eabi/10.3.1/thumb/v7e-m+fp/hard/crtbegin.o

.ccmram         0x0000000010000000        0x0 load address 0x0000000008009bd0
                0x0000000010000000                . = ALIGN (0x4)
                0x0000000010000000                _sccmram = .
 *(.ccmram)
 *(.ccmram*)
                0x0000000010000000                . = ALIGN (0x4)
                0x0000000010000000                _eccmram = .
                0x0000000010000000                . = ALIGN (0x4)

.bss            0x0000000020000074     0x4400
                0x0000000020000074                _sbss = .
                0x0000000020000074                __bss_start__ = _sbss
 *(.bss)
 .bss           0x0000000020000074       0x1c c:/workplace/st/stm32cubeide_1.9.0/stm32cubeide/plugins/com.st.stm32cube.ide.mcu.externaltools.gnu-tools-for-stm32.10.3-2021.10.win32_1.0.0.202111181127/tools/bin/../lib/gcc/arm-none-eabi/10.3.1/thumb/v7e-m+fp/hard/crtbegin.o
 *(.bss*)
 .bss.Task1Handle
                0x0000000020000090        0x4 ./Core/Src/freertos.o
                0x0000000020000090                Task1Handle
 .bss.Task2Handle
                0x0000000020000094        0x4 ./Core/Src/freertos.o
                0x0000000020000094                Task2Handle
 .bss.temp_count
                0x0000000020000098       0x10 ./Core/Src/freertos.o
                0x0000000020000098                temp_count
 .bss.HS_SR04_Left_Checking
                0x00000000200000a8        0x4 ./Core/Src/freertos.o
                0x00000000200000a8                HS_SR04_Left_Checking
 .bss.HS_SR04_Front_Checking
                0x00000000200000ac        0x4 ./Core/Src/freertos.o
                0x00000000200000ac                HS_SR04_Front_Checking
 .bss.HS_SR04_Right_Checking
                0x00000000200000b0        0x4 ./Core/Src/freertos.o
                0x00000000200000b0                HS_SR04_Right_Checking
 .bss.HS_SR04_Left_Handle
                0x00000000200000b4        0x4 ./Core/Src/freertos.o
                0x00000000200000b4                HS_SR04_Left_Handle
 .bss.HS_SR04_Front_Handle
                0x00000000200000b8        0x4 ./Core/Src/freertos.o
                0x00000000200000b8                HS_SR04_Front_Handle
 .bss.HS_SR04_Right_Handle
                0x00000000200000bc        0x4 ./Core/Src/freertos.o
                0x00000000200000bc                HS_SR04_Right_Handle
 .bss.rx_data   0x00000000200000c0        0x2 ./Core/Src/freertos.o
                0x00000000200000c0                rx_data
 *fill*         0x00000000200000c2        0x2 
 .bss.defaultTaskHandle
                0x00000000200000c4        0x4 ./Core/Src/freertos.o
                0x00000000200000c4                defaultTaskHandle
 .bss.UartQueueHandle
                0x00000000200000c8        0x4 ./Core/Src/freertos.o
                0x00000000200000c8                UartQueueHandle
 .bss.UartSemaHandle
                0x00000000200000cc        0x4 ./Core/Src/freertos.o
                0x00000000200000cc                UartSemaHandle
 .bss.xIdleTaskTCBBuffer
                0x00000000200000d0       0xb4 ./Core/Src/freertos.o
 .bss.xIdleStack
                0x0000000020000184      0x200 ./Core/Src/freertos.o
 .bss.IC_Val1   0x0000000020000384        0xc ./Core/Src/hcsr04.o
                0x0000000020000384                IC_Val1
 .bss.IC_Val2   0x0000000020000390        0xc ./Core/Src/hcsr04.o
                0x0000000020000390                IC_Val2
 .bss.Difference
                0x000000002000039c        0xc ./Core/Src/hcsr04.o
                0x000000002000039c                Difference
 .bss.Distance  0x00000000200003a8        0xc ./Core/Src/hcsr04.o
                0x00000000200003a8                Distance
 .bss.Is_First_Captured
                0x00000000200003b4        0xc ./Core/Src/hcsr04.o
                0x00000000200003b4                Is_First_Captured
 .bss.hi2c1     0x00000000200003c0       0x54 ./Core/Src/i2c.o
                0x00000000200003c0                hi2c1
 .bss.odo_flag  0x0000000020000414        0x4 ./Core/Src/motor.o
                0x0000000020000414                odo_flag
 .bss.odo_count
                0x0000000020000418       0x10 ./Core/Src/motor.o
                0x0000000020000418                odo_count
 .bss.hrtc      0x0000000020000428       0x20 ./Core/Src/rtc.o
                0x0000000020000428                hrtc
 .bss.htim5     0x0000000020000448       0x48 ./Core/Src/stm32f4xx_hal_timebase_tim.o
                0x0000000020000448                htim5
 .bss.__sbrk_heap_end
                0x0000000020000490        0x4 ./Core/Src/sysmem.o
 .bss.htim1     0x0000000020000494       0x48 ./Core/Src/tim.o
                0x0000000020000494                htim1
 .bss.htim2     0x00000000200004dc       0x48 ./Core/Src/tim.o
                0x00000000200004dc                htim2
 .bss.htim3     0x0000000020000524       0x48 ./Core/Src/tim.o
                0x0000000020000524                htim3
 .bss.htim4     0x000000002000056c       0x48 ./Core/Src/tim.o
                0x000000002000056c                htim4
 .bss.htim8     0x00000000200005b4       0x48 ./Core/Src/tim.o
                0x00000000200005b4                htim8
 .bss.huart7    0x00000000200005fc       0x44 ./Core/Src/usart.o
                0x00000000200005fc                huart7
 .bss.huart2    0x0000000020000640       0x44 ./Core/Src/usart.o
                0x0000000020000640                huart2
 .bss.huart3    0x0000000020000684       0x44 ./Core/Src/usart.o
                0x0000000020000684                huart3
 .bss.huart6    0x00000000200006c8       0x44 ./Core/Src/usart.o
                0x00000000200006c8                huart6
 .bss.uwTick    0x000000002000070c        0x4 ./Drivers/STM32F4xx_HAL_Driver/Src/stm32f4xx_hal.o
                0x000000002000070c                uwTick
 .bss.pxCurrentTCB
                0x0000000020000710        0x4 ./Middlewares/Third_Party/FreeRTOS/Source/tasks.o
                0x0000000020000710                pxCurrentTCB
 .bss.pxReadyTasksLists
                0x0000000020000714       0x8c ./Middlewares/Third_Party/FreeRTOS/Source/tasks.o
 .bss.xDelayedTaskList1
                0x00000000200007a0       0x14 ./Middlewares/Third_Party/FreeRTOS/Source/tasks.o
 .bss.xDelayedTaskList2
                0x00000000200007b4       0x14 ./Middlewares/Third_Party/FreeRTOS/Source/tasks.o
 .bss.pxDelayedTaskList
                0x00000000200007c8        0x4 ./Middlewares/Third_Party/FreeRTOS/Source/tasks.o
 .bss.pxOverflowDelayedTaskList
                0x00000000200007cc        0x4 ./Middlewares/Third_Party/FreeRTOS/Source/tasks.o
 .bss.xPendingReadyList
                0x00000000200007d0       0x14 ./Middlewares/Third_Party/FreeRTOS/Source/tasks.o
 .bss.xTasksWaitingTermination
                0x00000000200007e4       0x14 ./Middlewares/Third_Party/FreeRTOS/Source/tasks.o
 .bss.uxDeletedTasksWaitingCleanUp
                0x00000000200007f8        0x4 ./Middlewares/Third_Party/FreeRTOS/Source/tasks.o
 .bss.xSuspendedTaskList
                0x00000000200007fc       0x14 ./Middlewares/Third_Party/FreeRTOS/Source/tasks.o
 .bss.uxCurrentNumberOfTasks
                0x0000000020000810        0x4 ./Middlewares/Third_Party/FreeRTOS/Source/tasks.o
 .bss.xTickCount
                0x0000000020000814        0x4 ./Middlewares/Third_Party/FreeRTOS/Source/tasks.o
 .bss.uxTopReadyPriority
                0x0000000020000818        0x4 ./Middlewares/Third_Party/FreeRTOS/Source/tasks.o
 .bss.xSchedulerRunning
                0x000000002000081c        0x4 ./Middlewares/Third_Party/FreeRTOS/Source/tasks.o
 .bss.xPendedTicks
                0x0000000020000820        0x4 ./Middlewares/Third_Party/FreeRTOS/Source/tasks.o
 .bss.xYieldPending
                0x0000000020000824        0x4 ./Middlewares/Third_Party/FreeRTOS/Source/tasks.o
 .bss.xNumOfOverflows
                0x0000000020000828        0x4 ./Middlewares/Third_Party/FreeRTOS/Source/tasks.o
 .bss.uxTaskNumber
                0x000000002000082c        0x4 ./Middlewares/Third_Party/FreeRTOS/Source/tasks.o
 .bss.xNextTaskUnblockTime
                0x0000000020000830        0x4 ./Middlewares/Third_Party/FreeRTOS/Source/tasks.o
 .bss.xIdleTaskHandle
                0x0000000020000834        0x4 ./Middlewares/Third_Party/FreeRTOS/Source/tasks.o
 .bss.uxSchedulerSuspended
                0x0000000020000838        0x4 ./Middlewares/Third_Party/FreeRTOS/Source/tasks.o
 .bss.ucMaxSysCallPriority
                0x000000002000083c        0x1 ./Middlewares/Third_Party/FreeRTOS/Source/portable/GCC/ARM_CM4F/port.o
 *fill*         0x000000002000083d        0x3 
 .bss.ulMaxPRIGROUPValue
                0x0000000020000840        0x4 ./Middlewares/Third_Party/FreeRTOS/Source/portable/GCC/ARM_CM4F/port.o
 .bss.ucHeap    0x0000000020000844     0x3c00 ./Middlewares/Third_Party/FreeRTOS/Source/portable/MemMang/heap_4.o
 .bss.xStart    0x0000000020004444        0x8 ./Middlewares/Third_Party/FreeRTOS/Source/portable/MemMang/heap_4.o
 .bss.pxEnd     0x000000002000444c        0x4 ./Middlewares/Third_Party/FreeRTOS/Source/portable/MemMang/heap_4.o
 .bss.xFreeBytesRemaining
                0x0000000020004450        0x4 ./Middlewares/Third_Party/FreeRTOS/Source/portable/MemMang/heap_4.o
 .bss.xMinimumEverFreeBytesRemaining
                0x0000000020004454        0x4 ./Middlewares/Third_Party/FreeRTOS/Source/portable/MemMang/heap_4.o
 .bss.xNumberOfSuccessfulAllocations
                0x0000000020004458        0x4 ./Middlewares/Third_Party/FreeRTOS/Source/portable/MemMang/heap_4.o
 .bss.xNumberOfSuccessfulFrees
                0x000000002000445c        0x4 ./Middlewares/Third_Party/FreeRTOS/Source/portable/MemMang/heap_4.o
 .bss.xBlockAllocatedBit
                0x0000000020004460        0x4 ./Middlewares/Third_Party/FreeRTOS/Source/portable/MemMang/heap_4.o
 .bss.__lock___malloc_recursive_mutex
                0x0000000020004464        0x1 c:/workplace/st/stm32cubeide_1.9.0/stm32cubeide/plugins/com.st.stm32cube.ide.mcu.externaltools.gnu-tools-for-stm32.10.3-2021.10.win32_1.0.0.202111181127/tools/bin/../lib/gcc/arm-none-eabi/10.3.1/../../../../arm-none-eabi/lib/thumb/v7e-m+fp/hard\libc_nano.a(lib_a-lock.o)
                0x0000000020004464                __lock___malloc_recursive_mutex
 .bss.__lock___sfp_recursive_mutex
                0x0000000020004465        0x1 c:/workplace/st/stm32cubeide_1.9.0/stm32cubeide/plugins/com.st.stm32cube.ide.mcu.externaltools.gnu-tools-for-stm32.10.3-2021.10.win32_1.0.0.202111181127/tools/bin/../lib/gcc/arm-none-eabi/10.3.1/../../../../arm-none-eabi/lib/thumb/v7e-m+fp/hard\libc_nano.a(lib_a-lock.o)
                0x0000000020004465                __lock___sfp_recursive_mutex
 .bss.__lock___sinit_recursive_mutex
                0x0000000020004466        0x1 c:/workplace/st/stm32cubeide_1.9.0/stm32cubeide/plugins/com.st.stm32cube.ide.mcu.externaltools.gnu-tools-for-stm32.10.3-2021.10.win32_1.0.0.202111181127/tools/bin/../lib/gcc/arm-none-eabi/10.3.1/../../../../arm-none-eabi/lib/thumb/v7e-m+fp/hard\libc_nano.a(lib_a-lock.o)
                0x0000000020004466                __lock___sinit_recursive_mutex
 *fill*         0x0000000020004467        0x1 
 .bss.__malloc_free_list
                0x0000000020004468        0x4 c:/workplace/st/stm32cubeide_1.9.0/stm32cubeide/plugins/com.st.stm32cube.ide.mcu.externaltools.gnu-tools-for-stm32.10.3-2021.10.win32_1.0.0.202111181127/tools/bin/../lib/gcc/arm-none-eabi/10.3.1/../../../../arm-none-eabi/lib/thumb/v7e-m+fp/hard\libc_nano.a(lib_a-nano-mallocr.o)
                0x0000000020004468                __malloc_free_list
 .bss.__malloc_sbrk_start
                0x000000002000446c        0x4 c:/workplace/st/stm32cubeide_1.9.0/stm32cubeide/plugins/com.st.stm32cube.ide.mcu.externaltools.gnu-tools-for-stm32.10.3-2021.10.win32_1.0.0.202111181127/tools/bin/../lib/gcc/arm-none-eabi/10.3.1/../../../../arm-none-eabi/lib/thumb/v7e-m+fp/hard\libc_nano.a(lib_a-nano-mallocr.o)
                0x000000002000446c                __malloc_sbrk_start
 .bss.errno     0x0000000020004470        0x4 c:/workplace/st/stm32cubeide_1.9.0/stm32cubeide/plugins/com.st.stm32cube.ide.mcu.externaltools.gnu-tools-for-stm32.10.3-2021.10.win32_1.0.0.202111181127/tools/bin/../lib/gcc/arm-none-eabi/10.3.1/../../../../arm-none-eabi/lib/thumb/v7e-m+fp/hard\libc_nano.a(lib_a-reent.o)
                0x0000000020004470                errno
 *(COMMON)
                0x0000000020004474                . = ALIGN (0x4)
                0x0000000020004474                _ebss = .
                0x0000000020004474                __bss_end__ = _ebss

._user_heap_stack
                0x0000000020004474      0x604
                0x0000000020004478                . = ALIGN (0x8)
 *fill*         0x0000000020004474        0x4 
                [!provide]                        PROVIDE (end = .)
                0x0000000020004478                PROVIDE (_end = .)
                0x0000000020004678                . = (. + _Min_Heap_Size)
 *fill*         0x0000000020004478      0x200 
                0x0000000020004a78                . = (. + _Min_Stack_Size)
 *fill*         0x0000000020004678      0x400 
                0x0000000020004a78                . = ALIGN (0x8)

/DISCARD/
 libc.a(*)
 libm.a(*)
 libgcc.a(*)

.ARM.attributes
                0x0000000000000000       0x30
 *(.ARM.attributes)
 .ARM.attributes
                0x0000000000000000       0x1e c:/workplace/st/stm32cubeide_1.9.0/stm32cubeide/plugins/com.st.stm32cube.ide.mcu.externaltools.gnu-tools-for-stm32.10.3-2021.10.win32_1.0.0.202111181127/tools/bin/../lib/gcc/arm-none-eabi/10.3.1/thumb/v7e-m+fp/hard/crti.o
 .ARM.attributes
                0x000000000000001e       0x34 c:/workplace/st/stm32cubeide_1.9.0/stm32cubeide/plugins/com.st.stm32cube.ide.mcu.externaltools.gnu-tools-for-stm32.10.3-2021.10.win32_1.0.0.202111181127/tools/bin/../lib/gcc/arm-none-eabi/10.3.1/thumb/v7e-m+fp/hard/crtbegin.o
 .ARM.attributes
                0x0000000000000052       0x34 ./Core/Src/freertos.o
 .ARM.attributes
                0x0000000000000086       0x34 ./Core/Src/gpio.o
 .ARM.attributes
                0x00000000000000ba       0x34 ./Core/Src/hcsr04.o
 .ARM.attributes
                0x00000000000000ee       0x34 ./Core/Src/i2c.o
 .ARM.attributes
                0x0000000000000122       0x34 ./Core/Src/main.o
 .ARM.attributes
                0x0000000000000156       0x34 ./Core/Src/motor.o
 .ARM.attributes
                0x000000000000018a       0x34 ./Core/Src/rtc.o
 .ARM.attributes
                0x00000000000001be       0x34 ./Core/Src/stm32f4xx_hal_msp.o
 .ARM.attributes
                0x00000000000001f2       0x34 ./Core/Src/stm32f4xx_hal_timebase_tim.o
 .ARM.attributes
                0x0000000000000226       0x34 ./Core/Src/stm32f4xx_it.o
 .ARM.attributes
                0x000000000000025a       0x34 ./Core/Src/syscalls.o
 .ARM.attributes
                0x000000000000028e       0x34 ./Core/Src/sysmem.o
 .ARM.attributes
                0x00000000000002c2       0x34 ./Core/Src/system_stm32f4xx.o
 .ARM.attributes
                0x00000000000002f6       0x34 ./Core/Src/tim.o
 .ARM.attributes
                0x000000000000032a       0x34 ./Core/Src/usart.o
 .ARM.attributes
                0x000000000000035e       0x21 ./Core/Startup/startup_stm32f429zitx.o
 .ARM.attributes
                0x000000000000037f       0x34 ./Drivers/STM32F4xx_HAL_Driver/Src/stm32f4xx_hal.o
 .ARM.attributes